Archive member included to satisfy reference by file (symbol)

c:/program files (x86)/gnu arm embedded toolchain/9 2020-q2-update/bin/../lib/gcc/arm-none-eabi/9.3.1/../../../../arm-none-eabi/lib/thumb/v7e-m+fp/hard\libc_nano.a(lib_a-exit.o)
                              c:/program files (x86)/gnu arm embedded toolchain/9 2020-q2-update/bin/../lib/gcc/arm-none-eabi/9.3.1/../../../../arm-none-eabi/lib/thumb/v7e-m+fp/hard/crt0.o (exit)
c:/program files (x86)/gnu arm embedded toolchain/9 2020-q2-update/bin/../lib/gcc/arm-none-eabi/9.3.1/../../../../arm-none-eabi/lib/thumb/v7e-m+fp/hard\libc_nano.a(lib_a-impure.o)
                              c:/program files (x86)/gnu arm embedded toolchain/9 2020-q2-update/bin/../lib/gcc/arm-none-eabi/9.3.1/../../../../arm-none-eabi/lib/thumb/v7e-m+fp/hard\libc_nano.a(lib_a-exit.o) (_global_impure_ptr)
c:/program files (x86)/gnu arm embedded toolchain/9 2020-q2-update/bin/../lib/gcc/arm-none-eabi/9.3.1/../../../../arm-none-eabi/lib/thumb/v7e-m+fp/hard\libc_nano.a(lib_a-init.o)
                              c:/program files (x86)/gnu arm embedded toolchain/9 2020-q2-update/bin/../lib/gcc/arm-none-eabi/9.3.1/../../../../arm-none-eabi/lib/thumb/v7e-m+fp/hard/crt0.o (__libc_init_array)
c:/program files (x86)/gnu arm embedded toolchain/9 2020-q2-update/bin/../lib/gcc/arm-none-eabi/9.3.1/../../../../arm-none-eabi/lib/thumb/v7e-m+fp/hard\libc_nano.a(lib_a-memcmp.o)
                              _build/nrf52832_xxaa/ble_advdata.c.o (memcmp)
c:/program files (x86)/gnu arm embedded toolchain/9 2020-q2-update/bin/../lib/gcc/arm-none-eabi/9.3.1/../../../../arm-none-eabi/lib/thumb/v7e-m+fp/hard\libc_nano.a(lib_a-memcpy-stub.o)
                              _build/nrf52832_xxaa/app_scheduler.c.o (memcpy)
c:/program files (x86)/gnu arm embedded toolchain/9 2020-q2-update/bin/../lib/gcc/arm-none-eabi/9.3.1/../../../../arm-none-eabi/lib/thumb/v7e-m+fp/hard\libc_nano.a(lib_a-memmove.o)
                              _build/nrf52832_xxaa/ble_hrs.c.o (memmove)
c:/program files (x86)/gnu arm embedded toolchain/9 2020-q2-update/bin/../lib/gcc/arm-none-eabi/9.3.1/../../../../arm-none-eabi/lib/thumb/v7e-m+fp/hard\libc_nano.a(lib_a-memset.o)
                              c:/program files (x86)/gnu arm embedded toolchain/9 2020-q2-update/bin/../lib/gcc/arm-none-eabi/9.3.1/../../../../arm-none-eabi/lib/thumb/v7e-m+fp/hard/crt0.o (memset)
c:/program files (x86)/gnu arm embedded toolchain/9 2020-q2-update/bin/../lib/gcc/arm-none-eabi/9.3.1/../../../../arm-none-eabi/lib/thumb/v7e-m+fp/hard\libc_nano.a(lib_a-strcpy.o)
                              _build/nrf52832_xxaa/SEGGER_RTT.c.o (strcpy)
c:/program files (x86)/gnu arm embedded toolchain/9 2020-q2-update/bin/../lib/gcc/arm-none-eabi/9.3.1/../../../../arm-none-eabi/lib/thumb/v7e-m+fp/hard\libc_nano.a(lib_a-strlen.o)
                              _build/nrf52832_xxaa/nrf_fprintf_format.c.o (strlen)
c:/program files (x86)/gnu arm embedded toolchain/9 2020-q2-update/bin/../lib/gcc/arm-none-eabi/9.3.1/../../../../arm-none-eabi/lib/thumb/v7e-m+fp/hard\libnosys.a(_exit.o)
                              c:/program files (x86)/gnu arm embedded toolchain/9 2020-q2-update/bin/../lib/gcc/arm-none-eabi/9.3.1/../../../../arm-none-eabi/lib/thumb/v7e-m+fp/hard\libc_nano.a(lib_a-exit.o) (_exit)
c:/program files (x86)/gnu arm embedded toolchain/9 2020-q2-update/bin/../lib/gcc/arm-none-eabi/9.3.1/thumb/v7e-m+fp/hard\libgcc.a(_arm_muldf3.o)
                              _build/nrf52832_xxaa/main.c.o (__aeabi_dmul)
c:/program files (x86)/gnu arm embedded toolchain/9 2020-q2-update/bin/../lib/gcc/arm-none-eabi/9.3.1/thumb/v7e-m+fp/hard\libgcc.a(_arm_addsubdf3.o)
                              _build/nrf52832_xxaa/main.c.o (__aeabi_dsub)
c:/program files (x86)/gnu arm embedded toolchain/9 2020-q2-update/bin/../lib/gcc/arm-none-eabi/9.3.1/thumb/v7e-m+fp/hard\libgcc.a(_arm_muldivdf3.o)
                              _build/nrf52832_xxaa/main.c.o (__aeabi_ddiv)
c:/program files (x86)/gnu arm embedded toolchain/9 2020-q2-update/bin/../lib/gcc/arm-none-eabi/9.3.1/thumb/v7e-m+fp/hard\libgcc.a(_arm_fixunsdfsi.o)
                              _build/nrf52832_xxaa/main.c.o (__aeabi_d2uiz)
c:/program files (x86)/gnu arm embedded toolchain/9 2020-q2-update/bin/../lib/gcc/arm-none-eabi/9.3.1/thumb/v7e-m+fp/hard\libgcc.a(_aeabi_ldivmod.o)
                              _build/nrf52832_xxaa/bsp.c.o (__aeabi_ldivmod)
c:/program files (x86)/gnu arm embedded toolchain/9 2020-q2-update/bin/../lib/gcc/arm-none-eabi/9.3.1/thumb/v7e-m+fp/hard\libgcc.a(_aeabi_uldivmod.o)
                              _build/nrf52832_xxaa/bsp.c.o (__aeabi_uldivmod)
c:/program files (x86)/gnu arm embedded toolchain/9 2020-q2-update/bin/../lib/gcc/arm-none-eabi/9.3.1/thumb/v7e-m+fp/hard\libgcc.a(_udivmoddi4.o)
                              c:/program files (x86)/gnu arm embedded toolchain/9 2020-q2-update/bin/../lib/gcc/arm-none-eabi/9.3.1/thumb/v7e-m+fp/hard\libgcc.a(_aeabi_ldivmod.o) (__udivmoddi4)
[...]
Memory Configuration

Name             Origin             Length             Attributes
FLASH            0x00026000         0x0005a000         xr
RAM              0x20002b90         0x0000d470         xrw
*default*        0x00000000         0xffffffff

Linker script and memory map


.text           0x00026000     0xa860
 *(.isr_vector)
 .isr_vector    0x00026000      0x200 _build/nrf52832_xxaa/gcc_startup_nrf52.S.o
                0x00026000                __isr_vector
 *(.text*)
 .text          0x00026200       0x40 c:/program files (x86)/gnu arm embedded toolchain/9 2020-q2-update/bin/../lib/gcc/arm-none-eabi/9.3.1/thumb/v7e-m+fp/hard/crtbegin.o
 .text          0x00026240       0x7c c:/program files (x86)/gnu arm embedded toolchain/9 2020-q2-update/bin/../lib/gcc/arm-none-eabi/9.3.1/../../../../arm-none-eabi/lib/thumb/v7e-m+fp/hard/crt0.o
                0x00026240                _stack_init
                0x00026248                _start
                0x00026248                _mainCRTStartup
 .text          0x000262bc       0x3c _build/nrf52832_xxaa/gcc_startup_nrf52.S.o
                0x000262bc                Reset_Handler
                0x000262e4                NMI_Handler
                0x000262e6                HardFault_Handler
                0x000262e8                MemoryManagement_Handler
                0x000262ea                BusFault_Handler
                0x000262ec                UsageFault_Handler
                0x000262ee                SVC_Handler
                0x000262f0                DebugMon_Handler
                0x000262f2                PendSV_Handler
                0x000262f4                SysTick_Handler
                0x000262f6                QDEC_IRQHandler
                0x000262f6                TIMER3_IRQHandler
                0x000262f6                TEMP_IRQHandler
                0x000262f6                SPIM0_SPIS0_TWIM0_TWIS0_SPI0_TWI0_IRQHandler
                0x000262f6                PDM_IRQHandler
                0x000262f6                RADIO_IRQHandler
                0x000262f6                TIMER4_IRQHandler
                0x000262f6                I2S_IRQHandler
                0x000262f6                RTC0_IRQHandler
                0x000262f6                TIMER0_IRQHandler
                0x000262f6                FPU_IRQHandler
                0x000262f6                TIMER1_IRQHandler
                0x000262f6                PWM2_IRQHandler
                0x000262f6                ECB_IRQHandler
                0x000262f6                SPIM1_SPIS1_TWIM1_TWIS1_SPI1_TWI1_IRQHandler
                0x000262f6                Default_Handler
                0x000262f6                CCM_AAR_IRQHandler
                0x000262f6                WDT_IRQHandler
                0x000262f6                PWM1_IRQHandler
                0x000262f6                SWI5_EGU5_IRQHandler
                0x000262f6                RNG_IRQHandler
                0x000262f6                RTC2_IRQHandler
                0x000262f6                SWI3_EGU3_IRQHandler
                0x000262f6                SWI1_EGU1_IRQHandler
                0x000262f6                SPIM2_SPIS2_SPI2_IRQHandler
                0x000262f6                NFCT_IRQHandler
                0x000262f6                SWI4_EGU4_IRQHandler
                0x000262f6                MWU_IRQHandler
                0x000262f6                TIMER2_IRQHandler
 .text.COMP_LPCOMP_IRQHandler
                0x000262f8       0xc0 _build/nrf52832_xxaa/nrfx_lpcomp.c.o
                0x000262f8                COMP_LPCOMP_IRQHandler
 .text.bsp_board_led_state_get
                0x000263b8       0x1c _build/nrf52832_xxaa/boards.c.o
                0x000263b8                bsp_board_led_state_get
 .text.bsp_board_led_on
                0x000263d4       0x18 _build/nrf52832_xxaa/boards.c.o
                0x000263d4                bsp_board_led_on
 .text.bsp_board_led_off
                0x000263ec       0x18 _build/nrf52832_xxaa/boards.c.o
                0x000263ec                bsp_board_led_off
 .text.bsp_board_leds_off
                0x00026404       0x2c _build/nrf52832_xxaa/boards.c.o
                0x00026404                bsp_board_leds_off
 .text.bsp_board_leds_on
                0x00026430       0x2c _build/nrf52832_xxaa/boards.c.o
                0x00026430                bsp_board_leds_on
 .text.bsp_board_led_invert
                0x0002645c       0x24 _build/nrf52832_xxaa/boards.c.o
                0x0002645c                bsp_board_led_invert
 .text.bsp_board_button_state_get
                0x00026480       0x1c _build/nrf52832_xxaa/boards.c.o
                0x00026480                bsp_board_button_state_get
 .text.bsp_board_pin_to_button_idx
                0x0002649c       0x24 _build/nrf52832_xxaa/boards.c.o
                0x0002649c                bsp_board_pin_to_button_idx
 .text.bsp_board_button_idx_to_pin
                0x000264c0        0xc _build/nrf52832_xxaa/boards.c.o
                0x000264c0                bsp_board_button_idx_to_pin
 .text.bsp_board_init
                0x000264cc       0x5c _build/nrf52832_xxaa/boards.c.o
                0x000264cc                bsp_board_init
 .text.detection_delay_timeout_handler
                0x00026528      0x10c _build/nrf52832_xxaa/app_button.c.o
 .text.gpiote_event_handler
                0x00026634       0xa0 _build/nrf52832_xxaa/app_button.c.o
 .text.app_button_init
                0x000266d4       0xb0 _build/nrf52832_xxaa/app_button.c.o
                0x000266d4                app_button_init
 .text.app_button_enable
                0x00026784       0x2c _build/nrf52832_xxaa/app_button.c.o
                0x00026784                app_button_enable
 .text.app_error_handler_bare
                0x000267b0       0x20 _build/nrf52832_xxaa/app_error.c.o
                0x000267b0                app_error_handler_bare
 .text.app_error_fault_handler
                0x000267d0       0x34 _build/nrf52832_xxaa/app_error_weak.c.o
                0x000267d0                app_error_fault_handler
 .text.RTC1_IRQHandler
                0x00026804       0xa0 _build/nrf52832_xxaa/app_timer.c.o
                0x00026804                RTC1_IRQHandler
 .text.SWI0_EGU0_IRQHandler
                0x000268a4      0x3e0 _build/nrf52832_xxaa/app_timer.c.o
                0x000268a4                SWI0_EGU0_IRQHandler
 .text.app_timer_init
                0x00026c84       0xa8 _build/nrf52832_xxaa/app_timer.c.o
                0x00026c84                app_timer_init
 .text.app_timer_create
                0x00026d2c       0x24 _build/nrf52832_xxaa/app_timer.c.o
                0x00026d2c                app_timer_create
 .text.app_timer_start
                0x00026d50       0xac _build/nrf52832_xxaa/app_timer.c.o
                0x00026d50                app_timer_start
 .text.app_timer_stop
                0x00026dfc       0x78 _build/nrf52832_xxaa/app_timer.c.o
                0x00026dfc                app_timer_stop
 .text.app_util_critical_region_enter
                0x00026e74       0x4c _build/nrf52832_xxaa/app_util_platform.c.o
                0x00026e74                app_util_critical_region_enter
 .text.app_util_critical_region_exit
                0x00026ec0       0x30 _build/nrf52832_xxaa/app_util_platform.c.o
                0x00026ec0                app_util_critical_region_exit
 .text.record_find_by_desc
                0x00026ef0       0xdc _build/nrf52832_xxaa/fds.c.o
 .text.queue_process
                0x00026fcc      0x990 _build/nrf52832_xxaa/fds.c.o
 .text.fs_event_handler
                0x0002795c        0x8 _build/nrf52832_xxaa/fds.c.o
 .text.fds_record_open
                0x00027964       0x54 _build/nrf52832_xxaa/fds.c.o
                0x00027964                fds_record_open
 .text.fds_record_close
                0x000279b8       0x4c _build/nrf52832_xxaa/fds.c.o
                0x000279b8                fds_record_close
 .text.fds_reserve
                0x00027a04       0x84 _build/nrf52832_xxaa/fds.c.o
                0x00027a04                fds_reserve
 .text.fds_reserve_cancel
                0x00027a88       0x58 _build/nrf52832_xxaa/fds.c.o
                0x00027a88                fds_reserve_cancel
 .text.fds_record_write
                0x00027ae0      0x158 _build/nrf52832_xxaa/fds.c.o
                0x00027ae0                fds_record_write
 .text.fds_record_write_reserved
                0x00027c38      0x104 _build/nrf52832_xxaa/fds.c.o
                0x00027c38                fds_record_write_reserved
 .text.fds_record_update
                0x00027d3c      0x160 _build/nrf52832_xxaa/fds.c.o
                0x00027d3c                fds_record_update
 .text.fds_file_delete
                0x00027e9c       0x7c _build/nrf52832_xxaa/fds.c.o
                0x00027e9c                fds_file_delete
 .text.fds_record_find
                0x00027f18       0xd4 _build/nrf52832_xxaa/fds.c.o
                0x00027f18                fds_record_find
 .text.fds_record_find_by_key
                0x00027fec       0xc4 _build/nrf52832_xxaa/fds.c.o
                0x00027fec                fds_record_find_by_key
 .text.fds_record_find_in_file
                0x000280b0       0xc4 _build/nrf52832_xxaa/fds.c.o
                0x000280b0                fds_record_find_in_file
 .text.fds_record_id_from_desc
                0x00028174       0x10 _build/nrf52832_xxaa/fds.c.o
                0x00028174                fds_record_id_from_desc
 .text.nrf_atfifo_item_alloc
                0x00028184       0x5c _build/nrf52832_xxaa/nrf_atfifo.c.o
                0x00028184                nrf_atfifo_item_alloc
 .text.nrf_atfifo_item_put
                0x000281e0       0x20 _build/nrf52832_xxaa/nrf_atfifo.c.o
                0x000281e0                nrf_atfifo_item_put
 .text.nrf_atfifo_item_get
                0x00028200       0x60 _build/nrf52832_xxaa/nrf_atfifo.c.o
                0x00028200                nrf_atfifo_item_get
 .text.nrf_atfifo_item_free
                0x00028260       0x20 _build/nrf52832_xxaa/nrf_atfifo.c.o
                0x00028260                nrf_atfifo_item_free
 .text.nrf_atflags_set
                0x00028280       0x14 _build/nrf52832_xxaa/nrf_atflags.c.o
                0x00028280                nrf_atflags_set
 .text.nrf_atflags_clear
                0x00028294       0x14 _build/nrf52832_xxaa/nrf_atflags.c.o
                0x00028294                nrf_atflags_clear
 .text.nrf_atflags_get
                0x000282a8       0x14 _build/nrf52832_xxaa/nrf_atflags.c.o
                0x000282a8                nrf_atflags_get
 .text.nrf_atomic_u32_or
                0x000282bc       0x1c _build/nrf52832_xxaa/nrf_atomic.c.o
                0x000282bc                nrf_atomic_u32_or
 .text.nrf_atomic_u32_and
                0x000282d8       0x1c _build/nrf52832_xxaa/nrf_atomic.c.o
                0x000282d8                nrf_atomic_u32_and
 .text.nrf_atomic_u32_fetch_add
                0x000282f4       0x1c _build/nrf52832_xxaa/nrf_atomic.c.o
                0x000282f4                nrf_atomic_u32_fetch_add
 .text.nrf_atomic_u32_add
                0x00028310       0x1c _build/nrf52832_xxaa/nrf_atomic.c.o
                0x00028310                nrf_atomic_u32_add
 .text.nrf_atomic_u32_sub
                0x0002832c       0x1c _build/nrf52832_xxaa/nrf_atomic.c.o
                0x0002832c                nrf_atomic_u32_sub
 .text.nrf_fstorage_write
                0x00028348       0x64 _build/nrf52832_xxaa/nrf_fstorage.c.o
                0x00028348                nrf_fstorage_write
 .text.nrf_fstorage_erase
                0x000283ac       0x4c _build/nrf52832_xxaa/nrf_fstorage.c.o
                0x000283ac                nrf_fstorage_erase
 .text.nrf_fstorage_is_busy
                0x000283f8       0x48 _build/nrf52832_xxaa/nrf_fstorage.c.o
                0x000283f8                nrf_fstorage_is_busy
 .text.sd_flash_write
                0x00028440        0x4 _build/nrf52832_xxaa/nrf_fstorage_sd.c.o
 .text.sd_flash_page_erase
                0x00028444        0x4 _build/nrf52832_xxaa/nrf_fstorage_sd.c.o
 .text.nrf_fstorage_sdh_req_handler
                0x00028448       0x14 _build/nrf52832_xxaa/nrf_fstorage_sd.c.o
                0x00028448                nrf_fstorage_sdh_req_handler
 .text.queue_process
                0x0002845c       0xf8 _build/nrf52832_xxaa/nrf_fstorage_sd.c.o
 .text.nrf_fstorage_sys_evt_handler
                0x00028554       0xe8 _build/nrf52832_xxaa/nrf_fstorage_sd.c.o
                0x00028554                nrf_fstorage_sys_evt_handler
 .text.nrf_fstorage_sdh_state_handler
                0x0002863c      0x10c _build/nrf52832_xxaa/nrf_fstorage_sd.c.o
                0x0002863c                nrf_fstorage_sdh_state_handler
 .text.sd_app_evt_wait
                0x00028748        0x4 _build/nrf52832_xxaa/nrf_pwr_mgmt.c.o
 .text.nrf_pwr_mgmt_init
                0x0002874c       0x2c _build/nrf52832_xxaa/nrf_pwr_mgmt.c.o
                0x0002874c                nrf_pwr_mgmt_init
 .text.nrf_pwr_mgmt_run
                0x00028778       0x54 _build/nrf52832_xxaa/nrf_pwr_mgmt.c.o
                0x00028778                nrf_pwr_mgmt_run
 .text.nrf_section_iter_init
                0x000287cc       0x14 _build/nrf52832_xxaa/nrf_section_iter.c.o
                0x000287cc                nrf_section_iter_init
 .text.nrf_section_iter_next
                0x000287e0       0x18 _build/nrf52832_xxaa/nrf_section_iter.c.o
                0x000287e0                nrf_section_iter_next
 .text.SystemInit
                0x000287f8      0x3b4 _build/nrf52832_xxaa/system_nrf52.c.o
                0x000287f8                SystemInit
 .text.clock_irq_handler
                0x00028bac       0x44 _build/nrf52832_xxaa/nrf_drv_clock.c.o
 .text.soc_evt_handler
                0x00028bf0       0x28 _build/nrf52832_xxaa/nrf_drv_clock.c.o
 .text.sd_state_evt_handler
                0x00028c18       0xa8 _build/nrf52832_xxaa/nrf_drv_clock.c.o
 .text.nrfx_pwm_init
                0x00028cc0      0x230 _build/nrf52832_xxaa/nrfx_pwm.c.o
                0x00028cc0                nrfx_pwm_init
 .text.nrfx_pwm_simple_playback
                0x00028ef0       0xfc _build/nrf52832_xxaa/nrfx_pwm.c.o
                0x00028ef0                nrfx_pwm_simple_playback
 .text.PWM0_IRQHandler
                0x00028fec       0xbc _build/nrf52832_xxaa/nrfx_pwm.c.o
                0x00028fec                PWM0_IRQHandler
 .text.UARTE0_UART0_IRQHandler
                0x000290a8        0xc _build/nrf52832_xxaa/nrfx_prs.c.o
                0x000290a8                UARTE0_UART0_IRQHandler
 .text.SAADC_IRQHandler
                0x000290b4      0x1b4 _build/nrf52832_xxaa/nrfx_saadc.c.o
                0x000290b4                SAADC_IRQHandler
 .text.nrfx_saadc_init
                0x00029268       0x9c _build/nrf52832_xxaa/nrfx_saadc.c.o
                0x00029268                nrfx_saadc_init
 .text.nrfx_saadc_uninit
                0x00029304      0x2a0 _build/nrf52832_xxaa/nrfx_saadc.c.o
                0x00029304                nrfx_saadc_uninit
 .text.nrfx_saadc_channel_init
                0x000295a4       0xe4 _build/nrf52832_xxaa/nrfx_saadc.c.o
                0x000295a4                nrfx_saadc_channel_init
 .text.nrfx_saadc_buffer_convert
                0x00029688       0xc4 _build/nrf52832_xxaa/nrfx_saadc.c.o
                0x00029688                nrfx_saadc_buffer_convert
 .text.nrfx_saadc_sample
                0x0002974c       0x30 _build/nrf52832_xxaa/nrfx_saadc.c.o
                0x0002974c                nrfx_saadc_sample
 .text.nrfx_clock_init
                0x0002977c       0x18 _build/nrf52832_xxaa/nrfx_clock.c.o
                0x0002977c                nrfx_clock_init
 .text.nrfx_clock_enable
                0x00029794       0x28 _build/nrf52832_xxaa/nrfx_clock.c.o
                0x00029794                nrfx_clock_enable
 .text.nrfx_clock_lfclk_stop
                0x000297bc       0x18 _build/nrf52832_xxaa/nrfx_clock.c.o
                0x000297bc                nrfx_clock_lfclk_stop
 .text.POWER_CLOCK_IRQHandler
                0x000297d4       0x6c _build/nrf52832_xxaa/nrfx_clock.c.o
                0x000297d4                POWER_CLOCK_IRQHandler
 .text.nrfx_gpiote_init
                0x00029840       0x98 _build/nrf52832_xxaa/nrfx_gpiote.c.o
                0x00029840                nrfx_gpiote_init
 .text.nrfx_gpiote_is_init
                0x000298d8       0x14 _build/nrf52832_xxaa/nrfx_gpiote.c.o
                0x000298d8                nrfx_gpiote_is_init
 .text.nrfx_gpiote_in_init
                0x000298ec      0x1c8 _build/nrf52832_xxaa/nrfx_gpiote.c.o
                0x000298ec                nrfx_gpiote_in_init
 .text.nrfx_gpiote_in_event_enable
                0x00029ab4       0xbc _build/nrf52832_xxaa/nrfx_gpiote.c.o
                0x00029ab4                nrfx_gpiote_in_event_enable
 .text.nrfx_gpiote_in_is_set
                0x00029b70       0x14 _build/nrf52832_xxaa/nrfx_gpiote.c.o
                0x00029b70                nrfx_gpiote_in_is_set
 .text.GPIOTE_IRQHandler
                0x00029b84      0x4ec _build/nrf52832_xxaa/nrfx_gpiote.c.o
                0x00029b84                GPIOTE_IRQHandler
 .text.alert_timer_handler
                0x0002a070        0x8 _build/nrf52832_xxaa/bsp.c.o
 .text.bsp_button_event_handler
                0x0002a078       0xa4 _build/nrf52832_xxaa/bsp.c.o
 .text.button_timer_handler
                0x0002a11c       0x30 _build/nrf52832_xxaa/bsp.c.o
 .text.bsp_led_indication
                0x0002a14c      0x310 _build/nrf52832_xxaa/bsp.c.o
 .text.leds_timer_handler
                0x0002a45c       0x1c _build/nrf52832_xxaa/bsp.c.o
 .text.bsp_button_is_pressed
                0x0002a478        0xc _build/nrf52832_xxaa/bsp.c.o
                0x0002a478                bsp_button_is_pressed
 .text.bsp_init
                0x0002a484       0xbc _build/nrf52832_xxaa/bsp.c.o
                0x0002a484                bsp_init
 .text.bsp_event_to_button_action_assign
                0x0002a540       0x54 _build/nrf52832_xxaa/bsp.c.o
                0x0002a540                bsp_event_to_button_action_assign
 .text.bsp_wakeup_button_enable
                0x0002a594       0x30 _build/nrf52832_xxaa/bsp.c.o
                0x0002a594                bsp_wakeup_button_enable
 .text.ble_evt_handler
                0x0002a5c4       0xac _build/nrf52832_xxaa/bsp_btn_ble.c.o
 .text.bsp_btn_ble_sleep_mode_prepare
                0x0002a670       0x24 _build/nrf52832_xxaa/bsp_btn_ble.c.o
                0x0002a670                bsp_btn_ble_sleep_mode_prepare
 .text.bsp_btn_ble_init
                0x0002a694       0x6c _build/nrf52832_xxaa/bsp_btn_ble.c.o
                0x0002a694                bsp_btn_ble_init
 .text.sd_power_system_off
                0x0002a700        0x4 _build/nrf52832_xxaa/main.c.o
 .text.sd_ble_gap_disconnect
                0x0002a704        0x4 _build/nrf52832_xxaa/main.c.o
 .text.sd_ble_gap_appearance_set
                0x0002a708        0x4 _build/nrf52832_xxaa/main.c.o
 .text.sd_ble_gap_ppcp_set
                0x0002a70c        0x4 _build/nrf52832_xxaa/main.c.o
 .text.sd_ble_gap_device_name_set
                0x0002a710        0x4 _build/nrf52832_xxaa/main.c.o
 .text.sd_ble_gap_phy_update
                0x0002a714        0x4 _build/nrf52832_xxaa/main.c.o
 .text.on_conn_params_evt
                0x0002a718        0x4 _build/nrf52832_xxaa/main.c.o
 .text.nrf_qwr_error_handler
                0x0002a71c        0x4 _build/nrf52832_xxaa/main.c.o
 .text.gatt_evt_handler
                0x0002a720        0xc _build/nrf52832_xxaa/main.c.o
 .text.bsp_event_handler
                0x0002a72c       0x60 _build/nrf52832_xxaa/main.c.o
                0x0002a72c                bsp_event_handler
 .text.conn_params_error_handler
                0x0002a78c        0x4 _build/nrf52832_xxaa/main.c.o
 .text.on_adv_evt
                0x0002a790       0x30 _build/nrf52832_xxaa/main.c.o
 .text.saadc_callback
                0x0002a7c0      0x4f4 _build/nrf52832_xxaa/main.c.o
                0x0002a7c0                saadc_callback
 .text.ble_evt_handler
                0x0002acb4       0xc8 _build/nrf52832_xxaa/main.c.o
 .text.saadc_init
                0x0002ad7c      0x2ac _build/nrf52832_xxaa/main.c.o
                0x0002ad7c                saadc_init
 .text.saadc_timer_handler
                0x0002b028       0x18 _build/nrf52832_xxaa/main.c.o
 .text.startup.main
                0x0002b040      0x320 _build/nrf52832_xxaa/main.c.o
                0x0002b040                main
 .text.sd_ble_gap_addr_get
                0x0002b360        0x4 _build/nrf52832_xxaa/ble_advdata.c.o
 .text.sd_ble_gap_appearance_get
                0x0002b364        0x4 _build/nrf52832_xxaa/ble_advdata.c.o
 .text.sd_ble_gap_device_name_get
                0x0002b368        0x4 _build/nrf52832_xxaa/ble_advdata.c.o
 .text.sd_ble_uuid_encode
                0x0002b36c        0x4 _build/nrf52832_xxaa/ble_advdata.c.o
 .text.uuid_list_sized_encode.isra.0
                0x0002b370       0xf0 _build/nrf52832_xxaa/ble_advdata.c.o
 .text.ble_advdata_encode
                0x0002b460      0x400 _build/nrf52832_xxaa/ble_advdata.c.o
                0x0002b460                ble_advdata_encode
 .text.ble_advdata_parse
                0x0002b860       0x4c _build/nrf52832_xxaa/ble_advdata.c.o
                0x0002b860                ble_advdata_parse
 .text.sd_ble_gap_adv_set_configure
                0x0002b8ac        0x4 _build/nrf52832_xxaa/ble_advertising.c.o
 .text.sd_ble_gap_adv_start
                0x0002b8b0        0x4 _build/nrf52832_xxaa/ble_advertising.c.o
 .text.sd_ble_gap_adv_stop
                0x0002b8b4        0x4 _build/nrf52832_xxaa/ble_advertising.c.o
 .text.ble_advertising_start.part.0
                0x0002b8b8      0x2e8 _build/nrf52832_xxaa/ble_advertising.c.o
 .text.ble_advertising_conn_cfg_tag_set
                0x0002bba0        0x8 _build/nrf52832_xxaa/ble_advertising.c.o
                0x0002bba0                ble_advertising_conn_cfg_tag_set
 .text.ble_advertising_init
                0x0002bba8       0xf0 _build/nrf52832_xxaa/ble_advertising.c.o
                0x0002bba8                ble_advertising_init
 .text.ble_advertising_start
                0x0002bc98       0x2c _build/nrf52832_xxaa/ble_advertising.c.o
                0x0002bc98                ble_advertising_start
 .text.ble_advertising_on_ble_evt
                0x0002bcc4       0x9c _build/nrf52832_xxaa/ble_advertising.c.o
                0x0002bcc4                ble_advertising_on_ble_evt
 .text.ble_advertising_on_sys_evt
                0x0002bd60       0x44 _build/nrf52832_xxaa/ble_advertising.c.o
                0x0002bd60                ble_advertising_on_sys_evt
 .text.ble_advertising_restart_without_whitelist
                0x0002bda4       0x78 _build/nrf52832_xxaa/ble_advertising.c.o
                0x0002bda4                ble_advertising_restart_without_whitelist
 .text.sd_ble_gap_conn_param_update
                0x0002be1c        0x4 _build/nrf52832_xxaa/ble_conn_params.c.o
 .text.sd_ble_gap_disconnect
                0x0002be20        0x4 _build/nrf52832_xxaa/ble_conn_params.c.o
 .text.sd_ble_gap_ppcp_set
                0x0002be24        0x4 _build/nrf52832_xxaa/ble_conn_params.c.o
 .text.sd_ble_gap_ppcp_get
                0x0002be28        0x4 _build/nrf52832_xxaa/ble_conn_params.c.o
 .text.update_timeout_handler
                0x0002be2c       0x78 _build/nrf52832_xxaa/ble_conn_params.c.o
 .text.ble_evt_handler
                0x0002bea4      0x1d4 _build/nrf52832_xxaa/ble_conn_params.c.o
 .text.ble_conn_params_init
                0x0002c078       0x78 _build/nrf52832_xxaa/ble_conn_params.c.o
                0x0002c078                ble_conn_params_init
 .text.ble_evt_handler
                0x0002c0f0      0x124 _build/nrf52832_xxaa/ble_conn_state.c.o
 .text.ble_conn_state_role
                0x0002c214       0x34 _build/nrf52832_xxaa/ble_conn_state.c.o
                0x0002c214                ble_conn_state_role
 .text.ble_conn_state_encrypted
                0x0002c248       0x30 _build/nrf52832_xxaa/ble_conn_state.c.o
                0x0002c248                ble_conn_state_encrypted
 .text.ble_conn_state_user_flag_get
                0x0002c278       0x38 _build/nrf52832_xxaa/ble_conn_state.c.o
                0x0002c278                ble_conn_state_user_flag_get
 .text.ble_conn_state_user_flag_set
                0x0002c2b0       0x44 _build/nrf52832_xxaa/ble_conn_state.c.o
                0x0002c2b0                ble_conn_state_user_flag_set
 .text.ble_conn_state_for_each_set_user_flag
                0x0002c2f4       0x5c _build/nrf52832_xxaa/ble_conn_state.c.o
                0x0002c2f4                ble_conn_state_for_each_set_user_flag
 .text.ble_srv_is_notification_enabled
                0x0002c350        0x8 _build/nrf52832_xxaa/ble_srv_common.c.o
                0x0002c350                ble_srv_is_notification_enabled
 .text.ble_srv_ascii_to_utf8
                0x0002c358       0x14 _build/nrf52832_xxaa/ble_srv_common.c.o
                0x0002c358                ble_srv_ascii_to_utf8
 .text.db_update_pending_handle
                0x0002c36c       0xb4 _build/nrf52832_xxaa/gatt_cache_manager.c.o
 .text.local_db_apply_in_evt
                0x0002c420       0xb8 _build/nrf52832_xxaa/gatt_cache_manager.c.o
 .text.sc_send_pending_handle
                0x0002c4d8       0xe0 _build/nrf52832_xxaa/gatt_cache_manager.c.o
 .text.apply_pending_handle
                0x0002c5b8       0xb8 _build/nrf52832_xxaa/gatt_cache_manager.c.o
 .text.gcm_im_evt_handler
                0x0002c670       0x30 _build/nrf52832_xxaa/gatt_cache_manager.c.o
                0x0002c670                gcm_im_evt_handler
 .text.gcm_pdb_evt_handler
                0x0002c6a0       0xa8 _build/nrf52832_xxaa/gatt_cache_manager.c.o
                0x0002c6a0                gcm_pdb_evt_handler
 .text.gcm_ble_evt_handler
                0x0002c748       0xd8 _build/nrf52832_xxaa/gatt_cache_manager.c.o
                0x0002c748                gcm_ble_evt_handler
 .text.sd_ble_gatts_service_changed
                0x0002c820        0x4 _build/nrf52832_xxaa/gatts_cache_manager.c.o
 .text.sd_ble_gatts_sys_attr_set
                0x0002c824        0x4 _build/nrf52832_xxaa/gatts_cache_manager.c.o
 .text.sd_ble_gatts_sys_attr_get
                0x0002c828        0x4 _build/nrf52832_xxaa/gatts_cache_manager.c.o
 .text.sd_ble_gatts_initial_user_handle_get
                0x0002c82c        0x4 _build/nrf52832_xxaa/gatts_cache_manager.c.o
 .text.gscm_pdb_evt_handler
                0x0002c830       0x58 _build/nrf52832_xxaa/gatts_cache_manager.c.o
                0x0002c830                gscm_pdb_evt_handler
 .text.gscm_local_db_cache_update
                0x0002c888       0x98 _build/nrf52832_xxaa/gatts_cache_manager.c.o
                0x0002c888                gscm_local_db_cache_update
 .text.gscm_local_db_cache_apply
                0x0002c920       0x84 _build/nrf52832_xxaa/gatts_cache_manager.c.o
                0x0002c920                gscm_local_db_cache_apply
 .text.gscm_service_changed_ind_needed
                0x0002c9a4       0x2c _build/nrf52832_xxaa/gatts_cache_manager.c.o
                0x0002c9a4                gscm_service_changed_ind_needed
 .text.gscm_service_changed_ind_send
                0x0002c9d0       0x38 _build/nrf52832_xxaa/gatts_cache_manager.c.o
                0x0002c9d0                gscm_service_changed_ind_send
 .text.gscm_db_change_notification_done
                0x0002ca08       0x24 _build/nrf52832_xxaa/gatts_cache_manager.c.o
                0x0002ca08                gscm_db_change_notification_done
 .text.sd_ecb_block_encrypt
                0x0002ca2c        0x4 _build/nrf52832_xxaa/id_manager.c.o
 .text.im_ble_evt_handler
                0x0002ca30      0x264 _build/nrf52832_xxaa/id_manager.c.o
                0x0002ca30                im_ble_evt_handler
 .text.im_is_duplicate_bonding_data
                0x0002cc94      0x11c _build/nrf52832_xxaa/id_manager.c.o
                0x0002cc94                im_is_duplicate_bonding_data
 .text.im_find_duplicate_bonding_data
                0x0002cdb0       0x40 _build/nrf52832_xxaa/id_manager.c.o
                0x0002cdb0                im_find_duplicate_bonding_data
 .text.im_peer_id_get_by_conn_handle
                0x0002cdf0       0x40 _build/nrf52832_xxaa/id_manager.c.o
                0x0002cdf0                im_peer_id_get_by_conn_handle
 .text.im_ble_addr_get
                0x0002ce30       0x50 _build/nrf52832_xxaa/id_manager.c.o
                0x0002ce30                im_ble_addr_get
 .text.im_master_ids_compare
                0x0002ce80       0x44 _build/nrf52832_xxaa/id_manager.c.o
                0x0002ce80                im_master_ids_compare
 .text.im_peer_id_get_by_master_id
                0x0002cec4       0xf4 _build/nrf52832_xxaa/id_manager.c.o
                0x0002cec4                im_peer_id_get_by_master_id
 .text.im_conn_handle_get
                0x0002cfb8       0x38 _build/nrf52832_xxaa/id_manager.c.o
                0x0002cfb8                im_conn_handle_get
 .text.im_new_peer_id
                0x0002cff0       0x3c _build/nrf52832_xxaa/id_manager.c.o
                0x0002cff0                im_new_peer_id
 .text.im_peer_free
                0x0002d02c       0x7c _build/nrf52832_xxaa/id_manager.c.o
                0x0002d02c                im_peer_free
 .text.sd_ble_gap_data_length_update
                0x0002d0a8        0x4 _build/nrf52832_xxaa/nrf_ble_gatt.c.o
 .text.sd_ble_gattc_exchange_mtu_request
                0x0002d0ac        0x4 _build/nrf52832_xxaa/nrf_ble_gatt.c.o
 .text.sd_ble_gatts_exchange_mtu_reply
                0x0002d0b0        0x4 _build/nrf52832_xxaa/nrf_ble_gatt.c.o
 .text.nrf_ble_gatt_init
                0x0002d0b4       0x30 _build/nrf52832_xxaa/nrf_ble_gatt.c.o
                0x0002d0b4                nrf_ble_gatt_init
 .text.nrf_ble_gatt_on_ble_evt
                0x0002d0e4      0x170 _build/nrf52832_xxaa/nrf_ble_gatt.c.o
                0x0002d0e4                nrf_ble_gatt_on_ble_evt
 .text.sd_ble_gatts_rw_authorize_reply
                0x0002d254        0x4 _build/nrf52832_xxaa/nrf_ble_qwr.c.o
 .text.sd_ble_user_mem_reply
                0x0002d258        0x4 _build/nrf52832_xxaa/nrf_ble_qwr.c.o
 .text.nrf_ble_qwr_init
                0x0002d25c       0x24 _build/nrf52832_xxaa/nrf_ble_qwr.c.o
                0x0002d25c                nrf_ble_qwr_init
 .text.nrf_ble_qwr_conn_handle_assign
                0x0002d280       0x18 _build/nrf52832_xxaa/nrf_ble_qwr.c.o
                0x0002d280                nrf_ble_qwr_conn_handle_assign
 .text.nrf_ble_qwr_on_ble_evt
                0x0002d298       0xf4 _build/nrf52832_xxaa/nrf_ble_qwr.c.o
                0x0002d298                nrf_ble_qwr_on_ble_evt
 .text.peer_data_delete_process
                0x0002d38c       0x94 _build/nrf52832_xxaa/peer_data_storage.c.o
 .text.pds_peer_data_read
                0x0002d420       0x8c _build/nrf52832_xxaa/peer_data_storage.c.o
                0x0002d420                pds_peer_data_read
 .text.pds_peer_data_iterate_prepare
                0x0002d4ac       0x10 _build/nrf52832_xxaa/peer_data_storage.c.o
                0x0002d4ac                pds_peer_data_iterate_prepare
 .text.pds_peer_data_iterate
                0x0002d4bc       0x58 _build/nrf52832_xxaa/peer_data_storage.c.o
                0x0002d4bc                pds_peer_data_iterate
 .text.pds_space_reserve
                0x0002d514       0x30 _build/nrf52832_xxaa/peer_data_storage.c.o
                0x0002d514                pds_space_reserve
 .text.pds_space_reserve_cancel
                0x0002d544       0x18 _build/nrf52832_xxaa/peer_data_storage.c.o
                0x0002d544                pds_space_reserve_cancel
 .text.pds_peer_data_store
                0x0002d55c       0xc4 _build/nrf52832_xxaa/peer_data_storage.c.o
                0x0002d55c                pds_peer_data_store
 .text.pds_peer_id_allocate
                0x0002d620        0x8 _build/nrf52832_xxaa/peer_data_storage.c.o
                0x0002d620                pds_peer_id_allocate
 .text.pds_peer_id_free
                0x0002d628       0x18 _build/nrf52832_xxaa/peer_data_storage.c.o
                0x0002d628                pds_peer_id_free
 .text.pds_peer_id_is_allocated
                0x0002d640        0x4 _build/nrf52832_xxaa/peer_data_storage.c.o
                0x0002d640                pds_peer_id_is_allocated
 .text.pds_next_peer_id_get
                0x0002d644        0x4 _build/nrf52832_xxaa/peer_data_storage.c.o
                0x0002d644                pds_next_peer_id_get
 .text.pds_next_deleted_peer_id_get
                0x0002d648        0x4 _build/nrf52832_xxaa/peer_data_storage.c.o
                0x0002d648                pds_next_deleted_peer_id_get
 .text.write_buf_store
                0x0002d64c       0xcc _build/nrf52832_xxaa/peer_database.c.o
                0x0002d64c                write_buf_store
 .text.pdb_pds_evt_handler
                0x0002d718      0x174 _build/nrf52832_xxaa/peer_database.c.o
                0x0002d718                pdb_pds_evt_handler
 .text.pdb_peer_allocate
                0x0002d88c        0x4 _build/nrf52832_xxaa/peer_database.c.o
                0x0002d88c                pdb_peer_allocate
 .text.pdb_peer_free
                0x0002d890      0x124 _build/nrf52832_xxaa/peer_database.c.o
                0x0002d890                pdb_peer_free
 .text.pdb_peer_data_ptr_get
                0x0002d9b4        0x8 _build/nrf52832_xxaa/peer_database.c.o
                0x0002d9b4                pdb_peer_data_ptr_get
 .text.pdb_write_buf_get
                0x0002d9bc      0x14c _build/nrf52832_xxaa/peer_database.c.o
                0x0002d9bc                pdb_write_buf_get
 .text.pdb_write_buf_release
                0x0002db08       0xa0 _build/nrf52832_xxaa/peer_database.c.o
                0x0002db08                pdb_write_buf_release
 .text.pdb_write_buf_store_prepare
                0x0002dba8       0x9c _build/nrf52832_xxaa/peer_database.c.o
                0x0002dba8                pdb_write_buf_store_prepare
 .text.pdb_write_buf_store
                0x0002dc44       0x64 _build/nrf52832_xxaa/peer_database.c.o
                0x0002dc44                pdb_write_buf_store
 .text.pdb_next_peer_id_get
                0x0002dca8        0x4 _build/nrf52832_xxaa/peer_database.c.o
                0x0002dca8                pdb_next_peer_id_get
 .text.pdb_next_deleted_peer_id_get
                0x0002dcac        0x4 _build/nrf52832_xxaa/peer_database.c.o
                0x0002dcac                pdb_next_deleted_peer_id_get
 .text.pdb_peer_data_load
                0x0002dcb0       0x14 _build/nrf52832_xxaa/peer_database.c.o
                0x0002dcb0                pdb_peer_data_load
 .text.pdb_raw_store
                0x0002dcc4        0x8 _build/nrf52832_xxaa/peer_database.c.o
                0x0002dcc4                pdb_raw_store
 .text.peer_id_allocate
                0x0002dccc       0x3c _build/nrf52832_xxaa/peer_id.c.o
                0x0002dccc                peer_id_allocate
 .text.peer_id_delete
                0x0002dd08       0x24 _build/nrf52832_xxaa/peer_id.c.o
                0x0002dd08                peer_id_delete
 .text.peer_id_free
                0x0002dd2c       0x28 _build/nrf52832_xxaa/peer_id.c.o
                0x0002dd2c                peer_id_free
 .text.peer_id_is_allocated
                0x0002dd54       0x14 _build/nrf52832_xxaa/peer_id.c.o
                0x0002dd54                peer_id_is_allocated
 .text.peer_id_get_next_used
                0x0002dd68       0x70 _build/nrf52832_xxaa/peer_id.c.o
                0x0002dd68                peer_id_get_next_used
 .text.peer_id_get_next_deleted
                0x0002ddd8       0x40 _build/nrf52832_xxaa/peer_id.c.o
                0x0002ddd8                peer_id_get_next_deleted
 .text.ble_evt_handler
                0x0002de18       0x24 _build/nrf52832_xxaa/peer_manager.c.o
 .text.pm_peer_ranks_get.part.0
                0x0002de3c       0xc0 _build/nrf52832_xxaa/peer_manager.c.o
 .text.pm_pdb_evt_handler
                0x0002defc      0x254 _build/nrf52832_xxaa/peer_manager.c.o
                0x0002defc                pm_pdb_evt_handler
 .text.pm_sm_evt_handler
                0x0002e150       0x2c _build/nrf52832_xxaa/peer_manager.c.o
                0x0002e150                pm_sm_evt_handler
 .text.pm_gcm_evt_handler
                0x0002e17c       0x28 _build/nrf52832_xxaa/peer_manager.c.o
                0x0002e17c                pm_gcm_evt_handler
 .text.pm_im_evt_handler
                0x0002e1a4       0x28 _build/nrf52832_xxaa/peer_manager.c.o
                0x0002e1a4                pm_im_evt_handler
 .text.pm_peers_delete
                0x0002e1cc       0xa0 _build/nrf52832_xxaa/peer_manager.c.o
                0x0002e1cc                pm_peers_delete
 .text.pm_buffer_block_acquire
                0x0002e26c       0x9c _build/nrf52832_xxaa/pm_buffer.c.o
                0x0002e26c                pm_buffer_block_acquire
 .text.pm_buffer_ptr_get
                0x0002e308       0x2c _build/nrf52832_xxaa/pm_buffer.c.o
                0x0002e308                pm_buffer_ptr_get
 .text.pm_buffer_release
                0x0002e334       0x34 _build/nrf52832_xxaa/pm_buffer.c.o
                0x0002e334                pm_buffer_release
 .text.pm_mutex_lock
                0x0002e368       0x5c _build/nrf52832_xxaa/pm_mutex.c.o
                0x0002e368                pm_mutex_lock
 .text.pm_mutex_unlock
                0x0002e3c4       0x44 _build/nrf52832_xxaa/pm_mutex.c.o
                0x0002e3c4                pm_mutex_unlock
 .text.pm_mutex_lock_first_available
                0x0002e408       0x78 _build/nrf52832_xxaa/pm_mutex.c.o
                0x0002e408                pm_mutex_lock_first_available
 .text.pm_mutex_lock_status_get
                0x0002e480       0x20 _build/nrf52832_xxaa/pm_mutex.c.o
                0x0002e480                pm_mutex_lock_status_get
 .text.sd_ble_gap_authenticate
                0x0002e4a0        0x4 _build/nrf52832_xxaa/security_dispatcher.c.o
 .text.sd_ble_gap_sec_params_reply
                0x0002e4a4        0x4 _build/nrf52832_xxaa/security_dispatcher.c.o
 .text.sd_ble_gap_sec_info_reply
                0x0002e4a8        0x4 _build/nrf52832_xxaa/security_dispatcher.c.o
 .text.pairing_failure
                0x0002e4ac       0xd8 _build/nrf52832_xxaa/security_dispatcher.c.o
 .text.smd_params_reply
                0x0002e584      0x1d0 _build/nrf52832_xxaa/security_dispatcher.c.o
                0x0002e584                smd_params_reply
 .text.smd_link_secure
                0x0002e754       0x28 _build/nrf52832_xxaa/security_dispatcher.c.o
                0x0002e754                smd_link_secure
 .text.smd_ble_evt_handler
                0x0002e77c      0x524 _build/nrf52832_xxaa/security_dispatcher.c.o
                0x0002e77c                smd_ble_evt_handler
 .text.link_secure
                0x0002eca0      0x1bc _build/nrf52832_xxaa/security_manager.c.o
 .text.link_secure_pending_handle
                0x0002ee5c       0x38 _build/nrf52832_xxaa/security_manager.c.o
 .text.smd_params_reply_perform
                0x0002ee94      0x164 _build/nrf52832_xxaa/security_manager.c.o
 .text.params_reply_pending_handle
                0x0002eff8        0x8 _build/nrf52832_xxaa/security_manager.c.o
 .text.sm_smd_evt_handler
                0x0002f000       0x5c _build/nrf52832_xxaa/security_manager.c.o
                0x0002f000                sm_smd_evt_handler
 .text.sm_pdb_evt_handler
                0x0002f05c       0x60 _build/nrf52832_xxaa/security_manager.c.o
                0x0002f05c                sm_pdb_evt_handler
 .text.sm_ble_evt_handler
                0x0002f0bc       0x20 _build/nrf52832_xxaa/security_manager.c.o
                0x0002f0bc                sm_ble_evt_handler
 .text.ble_bas_on_ble_evt
                0x0002f0dc       0x54 _build/nrf52832_xxaa/ble_bas.c.o
                0x0002f0dc                ble_bas_on_ble_evt
 .text.sd_ble_gatts_service_add
                0x0002f130        0x4 _build/nrf52832_xxaa/ble_dis.c.o
 .text.sd_ble_gatts_characteristic_add
                0x0002f134        0x4 _build/nrf52832_xxaa/ble_dis.c.o
 .text.char_add.isra.0
                0x0002f138       0xb8 _build/nrf52832_xxaa/ble_dis.c.o
 .text.ble_dis_init
                0x0002f1f0      0x214 _build/nrf52832_xxaa/ble_dis.c.o
                0x0002f1f0                ble_dis_init
 .text.sd_ble_gatts_service_add
                0x0002f404        0x4 _build/nrf52832_xxaa/ble_hrs.c.o
 .text.sd_ble_gatts_characteristic_add
                0x0002f408        0x4 _build/nrf52832_xxaa/ble_hrs.c.o
 .text.sd_ble_gatts_hvx
                0x0002f40c        0x4 _build/nrf52832_xxaa/ble_hrs.c.o
 .text.heart_rate_measurement_char_add
                0x0002f410       0xe0 _build/nrf52832_xxaa/ble_hrs.c.o
 .text.ble_hrs_on_ble_evt
                0x0002f4f0       0x54 _build/nrf52832_xxaa/ble_hrs.c.o
                0x0002f4f0                ble_hrs_on_ble_evt
 .text.ble_hrs_init
                0x0002f544       0xec _build/nrf52832_xxaa/ble_hrs.c.o
                0x0002f544                ble_hrs_init
 .text.ble_hrs_heart_rate_measurement_send32
                0x0002f630       0x78 _build/nrf52832_xxaa/ble_hrs.c.o
                0x0002f630                ble_hrs_heart_rate_measurement_send32
 .text.ble_hrs_on_gatt_evt
                0x0002f6a8       0x20 _build/nrf52832_xxaa/ble_hrs.c.o
                0x0002f6a8                ble_hrs_on_gatt_evt
 .text.sd_softdevice_enable
                0x0002f6c8        0x4 _build/nrf52832_xxaa/nrf_sdh.c.o
 .text.sd_softdevice_disable
                0x0002f6cc        0x4 _build/nrf52832_xxaa/nrf_sdh.c.o
 .text.nrf_sdh_enable_request
                0x0002f6d0      0x124 _build/nrf52832_xxaa/nrf_sdh.c.o
                0x0002f6d0                nrf_sdh_enable_request
 .text.nrf_sdh_disable_request
                0x0002f7f4       0xe4 _build/nrf52832_xxaa/nrf_sdh.c.o
                0x0002f7f4                nrf_sdh_disable_request
 .text.nrf_sdh_request_continue
                0x0002f8d8       0x20 _build/nrf52832_xxaa/nrf_sdh.c.o
                0x0002f8d8                nrf_sdh_request_continue
 .text.nrf_sdh_is_enabled
                0x0002f8f8        0xc _build/nrf52832_xxaa/nrf_sdh.c.o
                0x0002f8f8                nrf_sdh_is_enabled
 .text.SWI2_EGU2_IRQHandler
                0x0002f904       0x2c _build/nrf52832_xxaa/nrf_sdh.c.o
                0x0002f904                SWI2_EGU2_IRQHandler
 .text.sd_ble_enable
                0x0002f930        0x4 _build/nrf52832_xxaa/nrf_sdh_ble.c.o
 .text.sd_ble_cfg_set
                0x0002f934        0x4 _build/nrf52832_xxaa/nrf_sdh_ble.c.o
 .text.sd_ble_evt_get
                0x0002f938        0x4 _build/nrf52832_xxaa/nrf_sdh_ble.c.o
 .text.nrf_sdh_ble_evts_poll.part.0
                0x0002f93c       0x54 _build/nrf52832_xxaa/nrf_sdh_ble.c.o
 .text.nrf_sdh_ble_evts_poll
                0x0002f990       0x10 _build/nrf52832_xxaa/nrf_sdh_ble.c.o
 .text.nrf_sdh_ble_default_cfg_set
                0x0002f9a0       0xd0 _build/nrf52832_xxaa/nrf_sdh_ble.c.o
                0x0002f9a0                nrf_sdh_ble_default_cfg_set
 .text.nrf_sdh_ble_enable
                0x0002fa70       0x14 _build/nrf52832_xxaa/nrf_sdh_ble.c.o
                0x0002fa70                nrf_sdh_ble_enable
 .text.sd_evt_get
                0x0002fa84        0x4 _build/nrf52832_xxaa/nrf_sdh_soc.c.o
 .text.nrf_sdh_soc_evts_poll
                0x0002fa88       0x4c _build/nrf52832_xxaa/nrf_sdh_soc.c.o
 .text.exit     0x0002fad4       0x28 c:/program files (x86)/gnu arm embedded toolchain/9 2020-q2-update/bin/../lib/gcc/arm-none-eabi/9.3.1/../../../../arm-none-eabi/lib/thumb/v7e-m+fp/hard\libc_nano.a(lib_a-exit.o)
                0x0002fad4                exit
 .text.__libc_init_array
                0x0002fafc       0x48 c:/program files (x86)/gnu arm embedded toolchain/9 2020-q2-update/bin/../lib/gcc/arm-none-eabi/9.3.1/../../../../arm-none-eabi/lib/thumb/v7e-m+fp/hard\libc_nano.a(lib_a-init.o)
                0x0002fafc                __libc_init_array
 .text.memcmp   0x0002fb44       0x1c c:/program files (x86)/gnu arm embedded toolchain/9 2020-q2-update/bin/../lib/gcc/arm-none-eabi/9.3.1/../../../../arm-none-eabi/lib/thumb/v7e-m+fp/hard\libc_nano.a(lib_a-memcmp.o)
                0x0002fb44                memcmp
 .text.memcpy   0x0002fb60       0x1c c:/program files (x86)/gnu arm embedded toolchain/9 2020-q2-update/bin/../lib/gcc/arm-none-eabi/9.3.1/../../../../arm-none-eabi/lib/thumb/v7e-m+fp/hard\libc_nano.a(lib_a-memcpy-stub.o)
                0x0002fb60                memcpy
 .text.memmove  0x0002fb7c       0x34 c:/program files (x86)/gnu arm embedded toolchain/9 2020-q2-update/bin/../lib/gcc/arm-none-eabi/9.3.1/../../../../arm-none-eabi/lib/thumb/v7e-m+fp/hard\libc_nano.a(lib_a-memmove.o)
                0x0002fb7c                memmove
 .text.memset   0x0002fbb0       0x10 c:/program files (x86)/gnu arm embedded toolchain/9 2020-q2-update/bin/../lib/gcc/arm-none-eabi/9.3.1/../../../../arm-none-eabi/lib/thumb/v7e-m+fp/hard\libc_nano.a(lib_a-memset.o)
                0x0002fbb0                memset
 .text          0x0002fbc0       0x10 c:/program files (x86)/gnu arm embedded toolchain/9 2020-q2-update/bin/../lib/gcc/arm-none-eabi/9.3.1/../../../../arm-none-eabi/lib/thumb/v7e-m+fp/hard\libc_nano.a(lib_a-strlen.o)
                0x0002fbc0                strlen
 .text._exit    0x0002fbd0        0x4 c:/program files (x86)/gnu arm embedded toolchain/9 2020-q2-update/bin/../lib/gcc/arm-none-eabi/9.3.1/../../../../arm-none-eabi/lib/thumb/v7e-m+fp/hard\libnosys.a(_exit.o)
                0x0002fbd0                _exit
 .text          0x0002fbd4      0x378 c:/program files (x86)/gnu arm embedded toolchain/9 2020-q2-update/bin/../lib/gcc/arm-none-eabi/9.3.1/thumb/v7e-m+fp/hard\libgcc.a(_arm_addsubdf3.o)
                0x0002fbd4                __aeabi_drsub
                0x0002fbdc                __aeabi_dsub
                0x0002fbdc                __subdf3
                0x0002fbe0                __aeabi_dadd
                0x0002fbe0                __adddf3
                0x0002fe58                __floatunsidf
                0x0002fe58                __aeabi_ui2d
                0x0002fe78                __floatsidf
                0x0002fe78                __aeabi_i2d
                0x0002fe9c                __aeabi_f2d
                0x0002fe9c                __extendsfdf2
                0x0002fee0                __floatundidf
                0x0002fee0                __aeabi_ul2d
                0x0002fef0                __floatdidf
                0x0002fef0                __aeabi_l2d
 .text          0x0002ff4c      0x424 c:/program files (x86)/gnu arm embedded toolchain/9 2020-q2-update/bin/../lib/gcc/arm-none-eabi/9.3.1/thumb/v7e-m+fp/hard\libgcc.a(_arm_muldivdf3.o)
                0x0002ff4c                __aeabi_dmul
                0x0002ff4c                __muldf3
                0x000301a0                __divdf3
                0x000301a0                __aeabi_ddiv
 .text          0x00030370       0x40 c:/program files (x86)/gnu arm embedded toolchain/9 2020-q2-update/bin/../lib/gcc/arm-none-eabi/9.3.1/thumb/v7e-m+fp/hard\libgcc.a(_arm_fixunsdfsi.o)
                0x00030370                __aeabi_d2uiz
                0x00030370                __fixunsdfsi
 .text          0x000303b0       0x30 c:/program files (x86)/gnu arm embedded toolchain/9 2020-q2-update/bin/../lib/gcc/arm-none-eabi/9.3.1/thumb/v7e-m+fp/hard\libgcc.a(_aeabi_uldivmod.o)
                0x000303b0                __aeabi_uldivmod
 .text          0x000303e0      0x2c4 c:/program files (x86)/gnu arm embedded toolchain/9 2020-q2-update/bin/../lib/gcc/arm-none-eabi/9.3.1/thumb/v7e-m+fp/hard\libgcc.a(_udivmoddi4.o)
                0x000303e0                __udivmoddi4
 .text          0x000306a4        0x4 c:/program files (x86)/gnu arm embedded toolchain/9 2020-q2-update/bin/../lib/gcc/arm-none-eabi/9.3.1/thumb/v7e-m+fp/hard\libgcc.a(_dvmd_tls.o)
                0x000306a4                __aeabi_idiv0
                0x000306a4                __aeabi_ldiv0
 *(.init)
 .init          0x000306a8        0x4 c:/program files (x86)/gnu arm embedded toolchain/9 2020-q2-update/bin/../lib/gcc/arm-none-eabi/9.3.1/thumb/v7e-m+fp/hard/crti.o
                0x000306a8                _init
 .init          0x000306ac        0x8 c:/program files (x86)/gnu arm embedded toolchain/9 2020-q2-update/bin/../lib/gcc/arm-none-eabi/9.3.1/thumb/v7e-m+fp/hard/crtn.o
 *(.fini)
 .fini          0x000306b4        0x4 c:/program files (x86)/gnu arm embedded toolchain/9 2020-q2-update/bin/../lib/gcc/arm-none-eabi/9.3.1/thumb/v7e-m+fp/hard/crti.o
                0x000306b4                _fini
 .fini          0x000306b8        0x8 c:/program files (x86)/gnu arm embedded toolchain/9 2020-q2-update/bin/../lib/gcc/arm-none-eabi/9.3.1/thumb/v7e-m+fp/hard/crtn.o
 *crtbegin.o(.ctors)
 *crtbegin?.o(.ctors)
 *(EXCLUDE_FILE(*crtend.o *crtend?.o) .ctors)
 *(SORT_BY_NAME(.ctors.*))
 *(.ctors)
 *crtbegin.o(.dtors)
 *crtbegin?.o(.dtors)
 *(EXCLUDE_FILE(*crtend.o *crtend?.o) .dtors)
 *(SORT_BY_NAME(.dtors.*))
 *(.dtors)
 *(.rodata*)
 .rodata.m_board_btn_list
                0x000306c0        0x4 _build/nrf52832_xxaa/boards.c.o
 .rodata.m_board_led_list
                0x000306c4        0x4 _build/nrf52832_xxaa/boards.c.o
 .rodata.m_detection_delay_timer_id
                0x000306c8        0x4 _build/nrf52832_xxaa/app_button.c.o
 *fill*         0x000306cc        0x4 
 .rodata.delay_bytecode.8808
                0x000306d0        0x6 _build/nrf52832_xxaa/app_timer.c.o
 *fill*         0x000306d6        0x2 
 .rodata.dirty_header.9138
                0x000306d8        0x4 _build/nrf52832_xxaa/fds.c.o
 .rodata.page_tag_data.9011
                0x000306dc        0x8 _build/nrf52832_xxaa/fds.c.o
 .rodata.page_tag_swap.9007
                0x000306e4        0x8 _build/nrf52832_xxaa/fds.c.o
 .rodata.pwr_mgmt_data
                0x000306ec        0xc _build/nrf52832_xxaa/nrf_pwr_mgmt.c.o
 .rodata.app_buttons
                0x000306f8       0x20 _build/nrf52832_xxaa/bsp.c.o
 .rodata.m_bsp_alert_tmr
                0x00030718        0x4 _build/nrf52832_xxaa/bsp.c.o
 .rodata.m_bsp_button_tmr
                0x0003071c        0x4 _build/nrf52832_xxaa/bsp.c.o
 .rodata.m_bsp_leds_tmr
                0x00030720        0x4 _build/nrf52832_xxaa/bsp.c.o
 .rodata.main.str1.4
                0x00030724       0x2c _build/nrf52832_xxaa/main.c.o
 .rodata        0x00030750       0x41 _build/nrf52832_xxaa/main.c.o
 *fill*         0x00030791        0x3 
 .rodata.m_heart_rate_timer_id
                0x00030794        0x4 _build/nrf52832_xxaa/main.c.o
 .rodata.saadc_gain_scale
                0x00030798       0x40 _build/nrf52832_xxaa/main.c.o
 .rodata        0x000307d8       0x10 _build/nrf52832_xxaa/gatts_cache_manager.c.o
 .rodata.service_changed_pending.10033
                0x000307e8        0x4 _build/nrf52832_xxaa/gatts_cache_manager.c.o
 .rodata.service_changed_pending.10089
                0x000307ec        0x4 _build/nrf52832_xxaa/gatts_cache_manager.c.o
 .rodata.CSWTCH.24
                0x000307f0       0x28 _build/nrf52832_xxaa/peer_data_storage.c.o
 .rodata        0x00030818        0x4 _build/nrf52832_xxaa/nrf_sdh.c.o
 .rodata.sdh_req_observers
                0x0003081c        0xc _build/nrf52832_xxaa/nrf_sdh.c.o
 .rodata.sdh_stack_observers
                0x00030828        0xc _build/nrf52832_xxaa/nrf_sdh.c.o
 .rodata.sdh_state_observers
                0x00030834        0xc _build/nrf52832_xxaa/nrf_sdh.c.o
 .rodata.sdh_ble_observers
                0x00030840        0xc _build/nrf52832_xxaa/nrf_sdh_ble.c.o
 .rodata.sdh_soc_observers
                0x0003084c        0xc _build/nrf52832_xxaa/nrf_sdh_soc.c.o
 .rodata._global_impure_ptr
                0x00030858        0x4 c:/program files (x86)/gnu arm embedded toolchain/9 2020-q2-update/bin/../lib/gcc/arm-none-eabi/9.3.1/../../../../arm-none-eabi/lib/thumb/v7e-m+fp/hard\libc_nano.a(lib_a-impure.o)
                0x00030858                _global_impure_ptr
 *(.eh_frame*)
 .eh_frame      0x0003085c        0x0 c:/program files (x86)/gnu arm embedded toolchain/9 2020-q2-update/bin/../lib/gcc/arm-none-eabi/9.3.1/thumb/v7e-m+fp/hard/crtbegin.o
 .eh_frame      0x0003085c        0x4 c:/program files (x86)/gnu arm embedded toolchain/9 2020-q2-update/bin/../lib/gcc/arm-none-eabi/9.3.1/thumb/v7e-m+fp/hard/crtend.o

.glue_7         0x00030860        0x0
 .glue_7        0x00030860        0x0 linker stubs

.glue_7t        0x00030860        0x0
 .glue_7t       0x00030860        0x0 linker stubs

.vfp11_veneer   0x00030860        0x0
 .vfp11_veneer  0x00030860        0x0 linker stubs

.v4_bx          0x00030860        0x0
 .v4_bx         0x00030860        0x0 linker stubs

.iplt           0x00030860        0x0
 .iplt          0x00030860        0x0 c:/program files (x86)/gnu arm embedded toolchain/9 2020-q2-update/bin/../lib/gcc/arm-none-eabi/9.3.1/thumb/v7e-m+fp/hard/crtbegin.o

.mem_section_dummy_rom

.sdh_soc_observers
                0x00030860       0x18
                0x00030860                PROVIDE (__start_sdh_soc_observers = .)
 *(SORT_BY_NAME(.sdh_soc_observers*))
 .sdh_soc_observers0
                0x00030860        0x8 _build/nrf52832_xxaa/nrf_fstorage_sd.c.o
 .sdh_soc_observers0
                0x00030868        0x8 _build/nrf52832_xxaa/nrf_drv_clock.c.o
 .sdh_soc_observers1
                0x00030870        0x8 _build/nrf52832_xxaa/main.c.o
                0x00030878                PROVIDE (__stop_sdh_soc_observers = .)

.sdh_ble_observers
                0x00030878       0x50
                0x00030878                PROVIDE (__start_sdh_ble_observers = .)
 *(SORT_BY_NAME(.sdh_ble_observers*))
 .sdh_ble_observers0
                0x00030878        0x8 _build/nrf52832_xxaa/ble_conn_state.c.o
 .sdh_ble_observers1
                0x00030880        0x8 _build/nrf52832_xxaa/bsp_btn_ble.c.o
 .sdh_ble_observers1
                0x00030888       0x10 _build/nrf52832_xxaa/main.c.o
 .sdh_ble_observers1
                0x00030898        0x8 _build/nrf52832_xxaa/ble_conn_params.c.o
 .sdh_ble_observers1
                0x000308a0        0x8 _build/nrf52832_xxaa/peer_manager.c.o
 .sdh_ble_observers2
                0x000308a8       0x18 _build/nrf52832_xxaa/main.c.o
 .sdh_ble_observers3
                0x000308c0        0x8 _build/nrf52832_xxaa/main.c.o
                0x000308c8                PROVIDE (__stop_sdh_ble_observers = .)

.pwr_mgmt_data  0x000308c8        0x0
                0x000308c8                PROVIDE (__start_pwr_mgmt_data = .)
 *(SORT_BY_NAME(.pwr_mgmt_data*))
                0x000308c8                PROVIDE (__stop_pwr_mgmt_data = .)

.log_const_data
                0x000308c8        0x0
                [!provide]                PROVIDE (__start_log_const_data = .)
 *(SORT_BY_NAME(.log_const_data*))
                [!provide]                PROVIDE (__stop_log_const_data = .)

.nrf_balloc     0x000308c8        0x0
                [!provide]                PROVIDE (__start_nrf_balloc = .)
 *(.nrf_balloc)
                [!provide]                PROVIDE (__stop_nrf_balloc = .)

.sdh_state_observers
                0x000308c8       0x10
                0x000308c8                PROVIDE (__start_sdh_state_observers = .)
 *(SORT_BY_NAME(.sdh_state_observers*))
 .sdh_state_observers0
                0x000308c8        0x8 _build/nrf52832_xxaa/nrf_fstorage_sd.c.o
 .sdh_state_observers0
                0x000308d0        0x8 _build/nrf52832_xxaa/nrf_drv_clock.c.o
                0x000308d8                PROVIDE (__stop_sdh_state_observers = .)

.sdh_stack_observers
                0x000308d8       0x10
                0x000308d8                PROVIDE (__start_sdh_stack_observers = .)
 *(SORT_BY_NAME(.sdh_stack_observers*))
 .sdh_stack_observers0
                0x000308d8        0x8 _build/nrf52832_xxaa/nrf_sdh_ble.c.o
 .sdh_stack_observers0
                0x000308e0        0x8 _build/nrf52832_xxaa/nrf_sdh_soc.c.o
                0x000308e8                PROVIDE (__stop_sdh_stack_observers = .)

.sdh_req_observers
                0x000308e8        0x8
                0x000308e8                PROVIDE (__start_sdh_req_observers = .)
 *(SORT_BY_NAME(.sdh_req_observers*))
 .sdh_req_observers0
                0x000308e8        0x8 _build/nrf52832_xxaa/nrf_fstorage_sd.c.o
                0x000308e8                m_req_obs
                0x000308f0                PROVIDE (__stop_sdh_req_observers = .)

.nrf_queue      0x000308f0        0x0
                [!provide]                PROVIDE (__start_nrf_queue = .)
 *(.nrf_queue)
                [!provide]                PROVIDE (__stop_nrf_queue = .)

.cli_command    0x000308f0        0x0
                [!provide]                PROVIDE (__start_cli_command = .)
 *(.cli_command)
                [!provide]                PROVIDE (__stop_cli_command = .)

.crypto_data    0x000308f0        0x0
                [!provide]                PROVIDE (__start_crypto_data = .)
 *(SORT_BY_NAME(.crypto_data*))
                [!provide]                PROVIDE (__stop_crypto_data = .)

.ARM.extab
 *(.ARM.extab* .gnu.linkonce.armextab.*)
                0x000308f0                __exidx_start = .

.ARM.exidx      0x000308f0        0x8
 *(.ARM.exidx* .gnu.linkonce.armexidx.*)
 .ARM.exidx     0x000308f0        0x8 c:/program files (x86)/gnu arm embedded toolchain/9 2020-q2-update/bin/../lib/gcc/arm-none-eabi/9.3.1/../../../../arm-none-eabi/lib/thumb/v7e-m+fp/hard/crt0.o
                                 0x10 (size before relaxing)
 .ARM.exidx     0x000308f8        0x0 c:/program files (x86)/gnu arm embedded toolchain/9 2020-q2-update/bin/../lib/gcc/arm-none-eabi/9.3.1/thumb/v7e-m+fp/hard\libgcc.a(_udivmoddi4.o)
                                  0x8 (size before relaxing)
                0x000308f8                __exidx_end = .
                0x000308f8                __etext = .

.rel.dyn        0x000308f8        0x0
 .rel.iplt      0x000308f8        0x0 c:/program files (x86)/gnu arm embedded toolchain/9 2020-q2-update/bin/../lib/gcc/arm-none-eabi/9.3.1/thumb/v7e-m+fp/hard/crtbegin.o

.data           0x20002b90       0x90 load address 0x000308f8
                0x20002b90                __data_start__ = .
 *(vtable)
 *(.data*)
 .data.SystemCoreClock
                0x20002b90        0x4 _build/nrf52832_xxaa/system_nrf52.c.o
                0x20002b90                SystemCoreClock
 .data.m_adv_uuids
                0x20002b94        0xc _build/nrf52832_xxaa/main.c.o
 .data.m_conn_handle
                0x20002ba0        0x2 _build/nrf52832_xxaa/main.c.o
 *fill*         0x20002ba2        0x2 
 .data.m_pwm0   0x20002ba4        0x8 _build/nrf52832_xxaa/main.c.o
 .data.m_flag_allow_repairing
                0x20002bac        0x1 _build/nrf52832_xxaa/security_dispatcher.c.o
 .data.m_flag_sec_proc
                0x20002bad        0x1 _build/nrf52832_xxaa/security_dispatcher.c.o
 .data.m_flag_sec_proc_bonding
                0x20002bae        0x1 _build/nrf52832_xxaa/security_dispatcher.c.o
 .data.m_flag_sec_proc_new_peer
                0x20002baf        0x1 _build/nrf52832_xxaa/security_dispatcher.c.o
 .data.m_flag_sec_proc_pairing
                0x20002bb0        0x1 _build/nrf52832_xxaa/security_dispatcher.c.o
 .data.m_flag_link_secure_force_repairing
                0x20002bb1        0x1 _build/nrf52832_xxaa/security_manager.c.o
 .data.m_flag_link_secure_null_params
                0x20002bb2        0x1 _build/nrf52832_xxaa/security_manager.c.o
 .data.m_flag_link_secure_pending_busy
                0x20002bb3        0x1 _build/nrf52832_xxaa/security_manager.c.o
 .data.m_flag_link_secure_pending_flash_full
                0x20002bb4        0x1 _build/nrf52832_xxaa/security_manager.c.o
 .data.m_flag_params_reply_pending_busy
                0x20002bb5        0x1 _build/nrf52832_xxaa/security_manager.c.o
 .data.m_flag_params_reply_pending_flash_full
                0x20002bb6        0x1 _build/nrf52832_xxaa/security_manager.c.o
 *fill*         0x20002bb7        0x1 
 .data.impure_data
                0x20002bb8       0x60 c:/program files (x86)/gnu arm embedded toolchain/9 2020-q2-update/bin/../lib/gcc/arm-none-eabi/9.3.1/../../../../arm-none-eabi/lib/thumb/v7e-m+fp/hard\libc_nano.a(lib_a-impure.o)
                0x20002c18                . = ALIGN (0x4)
                0x20002c18                PROVIDE (__preinit_array_start = .)
 *(.preinit_array)
                0x20002c18                PROVIDE (__preinit_array_end = .)
                0x20002c18                . = ALIGN (0x4)
                0x20002c18                PROVIDE (__init_array_start = .)
 *(SORT_BY_NAME(.init_array.*))
 *(.init_array)
 .init_array    0x20002c18        0x4 c:/program files (x86)/gnu arm embedded toolchain/9 2020-q2-update/bin/../lib/gcc/arm-none-eabi/9.3.1/thumb/v7e-m+fp/hard/crtbegin.o
                0x20002c1c                PROVIDE (__init_array_end = .)
                0x20002c1c                . = ALIGN (0x4)
                [!provide]                PROVIDE (__fini_array_start = .)
 *(SORT_BY_NAME(.fini_array.*))
 *(.fini_array)
 .fini_array    0x20002c1c        0x4 c:/program files (x86)/gnu arm embedded toolchain/9 2020-q2-update/bin/../lib/gcc/arm-none-eabi/9.3.1/thumb/v7e-m+fp/hard/crtbegin.o
                [!provide]                PROVIDE (__fini_array_end = .)
 *(.jcr*)
                0x20002c20                . = ALIGN (0x4)
                0x20002c20                __data_end__ = .
LOAD c:/program files (x86)/gnu arm embedded toolchain/9 2020-q2-update/bin/../lib/gcc/arm-none-eabi/9.3.1/thumb/v7e-m+fp/hard/crti.o
LOAD c:/program files (x86)/gnu arm embedded toolchain/9 2020-q2-update/bin/../lib/gcc/arm-none-eabi/9.3.1/thumb/v7e-m+fp/hard/crtbegin.o
LOAD c:/program files (x86)/gnu arm embedded toolchain/9 2020-q2-update/bin/../lib/gcc/arm-none-eabi/9.3.1/../../../../arm-none-eabi/lib/thumb/v7e-m+fp/hard/crt0.o
LOAD _build/nrf52832_xxaa/gcc_startup_nrf52.S.o
LOAD _build/nrf52832_xxaa/nrfx_lpcomp.c.o
LOAD _build/nrf52832_xxaa/nrf_log_backend_rtt.c.o
LOAD _build/nrf52832_xxaa/nrf_log_backend_serial.c.o
LOAD _build/nrf52832_xxaa/nrf_log_backend_uart.c.o
LOAD _build/nrf52832_xxaa/nrf_log_default_backends.c.o
LOAD _build/nrf52832_xxaa/nrf_log_frontend.c.o
LOAD _build/nrf52832_xxaa/nrf_log_str_formatter.c.o
LOAD _build/nrf52832_xxaa/boards.c.o
LOAD _build/nrf52832_xxaa/app_button.c.o
LOAD _build/nrf52832_xxaa/app_error.c.o
LOAD _build/nrf52832_xxaa/app_error_handler_gcc.c.o
LOAD _build/nrf52832_xxaa/app_error_weak.c.o
LOAD _build/nrf52832_xxaa/app_scheduler.c.o
LOAD _build/nrf52832_xxaa/app_timer.c.o
LOAD _build/nrf52832_xxaa/app_util_platform.c.o
LOAD _build/nrf52832_xxaa/crc16.c.o
LOAD _build/nrf52832_xxaa/fds.c.o
LOAD _build/nrf52832_xxaa/hardfault_implementation.c.o
LOAD _build/nrf52832_xxaa/nrf_assert.c.o
LOAD _build/nrf52832_xxaa/nrf_atfifo.c.o
LOAD _build/nrf52832_xxaa/nrf_atflags.c.o
LOAD _build/nrf52832_xxaa/nrf_atomic.c.o
LOAD _build/nrf52832_xxaa/nrf_balloc.c.o
LOAD _build/nrf52832_xxaa/nrf_fprintf.c.o
LOAD _build/nrf52832_xxaa/nrf_fprintf_format.c.o
LOAD _build/nrf52832_xxaa/nrf_fstorage.c.o
LOAD _build/nrf52832_xxaa/nrf_fstorage_sd.c.o
LOAD _build/nrf52832_xxaa/nrf_memobj.c.o
LOAD _build/nrf52832_xxaa/nrf_pwr_mgmt.c.o
LOAD _build/nrf52832_xxaa/nrf_section_iter.c.o
LOAD _build/nrf52832_xxaa/nrf_strerror.c.o
LOAD _build/nrf52832_xxaa/sensorsim.c.o
LOAD _build/nrf52832_xxaa/system_nrf52.c.o
LOAD _build/nrf52832_xxaa/nrf_drv_clock.c.o
LOAD _build/nrf52832_xxaa/nrf_drv_ppi.c.o
LOAD _build/nrf52832_xxaa/nrf_drv_uart.c.o
LOAD _build/nrf52832_xxaa/nrfx_ppi.c.o
LOAD _build/nrf52832_xxaa/nrfx_pwm.c.o
LOAD _build/nrf52832_xxaa/nrfx_prs.c.o
LOAD _build/nrf52832_xxaa/nrfx_saadc.c.o
LOAD _build/nrf52832_xxaa/nrfx_timer.c.o
LOAD _build/nrf52832_xxaa/nrfx_clock.c.o
LOAD _build/nrf52832_xxaa/nrfx_gpiote.c.o
LOAD _build/nrf52832_xxaa/nrfx_power_clock.c.o
LOAD _build/nrf52832_xxaa/nrfx_uart.c.o
LOAD _build/nrf52832_xxaa/nrfx_uarte.c.o
LOAD _build/nrf52832_xxaa/bsp.c.o
LOAD _build/nrf52832_xxaa/bsp_btn_ble.c.o
LOAD _build/nrf52832_xxaa/main.c.o
LOAD _build/nrf52832_xxaa/SEGGER_RTT.c.o
LOAD _build/nrf52832_xxaa/SEGGER_RTT_Syscalls_GCC.c.o
LOAD _build/nrf52832_xxaa/SEGGER_RTT_printf.c.o
LOAD _build/nrf52832_xxaa/ble_advdata.c.o
LOAD _build/nrf52832_xxaa/ble_advertising.c.o
LOAD _build/nrf52832_xxaa/ble_conn_params.c.o
LOAD _build/nrf52832_xxaa/ble_conn_state.c.o
LOAD _build/nrf52832_xxaa/ble_srv_common.c.o
LOAD _build/nrf52832_xxaa/gatt_cache_manager.c.o
LOAD _build/nrf52832_xxaa/gatts_cache_manager.c.o
LOAD _build/nrf52832_xxaa/id_manager.c.o
LOAD _build/nrf52832_xxaa/nrf_ble_gatt.c.o
LOAD _build/nrf52832_xxaa/nrf_ble_qwr.c.o
LOAD _build/nrf52832_xxaa/peer_data_storage.c.o
LOAD _build/nrf52832_xxaa/peer_database.c.o
LOAD _build/nrf52832_xxaa/peer_id.c.o
LOAD _build/nrf52832_xxaa/peer_manager.c.o
LOAD _build/nrf52832_xxaa/pm_buffer.c.o
LOAD _build/nrf52832_xxaa/pm_mutex.c.o
LOAD _build/nrf52832_xxaa/security_dispatcher.c.o
LOAD _build/nrf52832_xxaa/security_manager.c.o
LOAD _build/nrf52832_xxaa/ble_bas.c.o
LOAD _build/nrf52832_xxaa/ble_dis.c.o
LOAD _build/nrf52832_xxaa/ble_hrs.c.o
LOAD _build/nrf52832_xxaa/nrf_sdh.c.o
LOAD _build/nrf52832_xxaa/nrf_sdh_ble.c.o
LOAD _build/nrf52832_xxaa/nrf_sdh_soc.c.o
LOAD c:/program files (x86)/gnu arm embedded toolchain/9 2020-q2-update/bin/../lib/gcc/arm-none-eabi/9.3.1/../../../../arm-none-eabi/lib/thumb/v7e-m+fp/hard\libc_nano.a
LOAD c:/program files (x86)/gnu arm embedded toolchain/9 2020-q2-update/bin/../lib/gcc/arm-none-eabi/9.3.1/../../../../arm-none-eabi/lib/thumb/v7e-m+fp/hard\libnosys.a
LOAD c:/program files (x86)/gnu arm embedded toolchain/9 2020-q2-update/bin/../lib/gcc/arm-none-eabi/9.3.1/../../../../arm-none-eabi/lib/thumb/v7e-m+fp/hard\libm.a
START GROUP
LOAD c:/program files (x86)/gnu arm embedded toolchain/9 2020-q2-update/bin/../lib/gcc/arm-none-eabi/9.3.1/thumb/v7e-m+fp/hard\libgcc.a
LOAD c:/program files (x86)/gnu arm embedded toolchain/9 2020-q2-update/bin/../lib/gcc/arm-none-eabi/9.3.1/../../../../arm-none-eabi/lib/thumb/v7e-m+fp/hard\libg_nano.a
LOAD c:/program files (x86)/gnu arm embedded toolchain/9 2020-q2-update/bin/../lib/gcc/arm-none-eabi/9.3.1/../../../../arm-none-eabi/lib/thumb/v7e-m+fp/hard\libc_nano.a
END GROUP
START GROUP
LOAD c:/program files (x86)/gnu arm embedded toolchain/9 2020-q2-update/bin/../lib/gcc/arm-none-eabi/9.3.1/thumb/v7e-m+fp/hard\libgcc.a
LOAD c:/program files (x86)/gnu arm embedded toolchain/9 2020-q2-update/bin/../lib/gcc/arm-none-eabi/9.3.1/../../../../arm-none-eabi/lib/thumb/v7e-m+fp/hard\libc_nano.a
END GROUP
LOAD c:/program files (x86)/gnu arm embedded toolchain/9 2020-q2-update/bin/../lib/gcc/arm-none-eabi/9.3.1/thumb/v7e-m+fp/hard/crtend.o
LOAD c:/program files (x86)/gnu arm embedded toolchain/9 2020-q2-update/bin/../lib/gcc/arm-none-eabi/9.3.1/thumb/v7e-m+fp/hard/crtn.o
START GROUP
LOAD c:/program files (x86)/gnu arm embedded toolchain/9 2020-q2-update/bin/../lib/gcc/arm-none-eabi/9.3.1/thumb/v7e-m+fp/hard\libgcc.a
LOAD c:/program files (x86)/gnu arm embedded toolchain/9 2020-q2-update/bin/../lib/gcc/arm-none-eabi/9.3.1/../../../../arm-none-eabi/lib/thumb/v7e-m+fp/hard\libc.a
LOAD c:/program files (x86)/gnu arm embedded toolchain/9 2020-q2-update/bin/../lib/gcc/arm-none-eabi/9.3.1/../../../../arm-none-eabi/lib/thumb/v7e-m+fp/hard\libnosys.a
END GROUP

.igot.plt       0x20002c20        0x0 load address 0x00030988
 .igot.plt      0x20002c20        0x0 c:/program files (x86)/gnu arm embedded toolchain/9 2020-q2-update/bin/../lib/gcc/arm-none-eabi/9.3.1/thumb/v7e-m+fp/hard/crtbegin.o
                0x20002c20                . = ALIGN (0x4)

.mem_section_dummy_ram

.log_dynamic_data
                0x20002c20        0x0
                [!provide]                PROVIDE (__start_log_dynamic_data = .)
 *(SORT_BY_NAME(.log_dynamic_data*))
                [!provide]                PROVIDE (__stop_log_dynamic_data = .)

.fs_data        0x20002c20       0x14 load address 0x00030988
                0x20002c20                PROVIDE (__start_fs_data = .)
 *(.fs_data)
 .fs_data       0x20002c20       0x14 _build/nrf52832_xxaa/fds.c.o
                0x20002c20                m_fs
                0x20002c34                PROVIDE (__stop_fs_data = .)

.cli_sorted_cmd_ptrs
                0x20002c34        0x0
                [!provide]                PROVIDE (__start_cli_sorted_cmd_ptrs = .)
 *(.cli_sorted_cmd_ptrs)
                [!provide]                PROVIDE (__stop_cli_sorted_cmd_ptrs = .)

.bss            0x20002c38      0xa2c load address 0x000309a0
                0x20002c38                . = ALIGN (0x4)
                0x20002c38                __bss_start__ = .
 *(.bss*)
 .bss           0x20002c38       0x1c c:/program files (x86)/gnu arm embedded toolchain/9 2020-q2-update/bin/../lib/gcc/arm-none-eabi/9.3.1/thumb/v7e-m+fp/hard/crtbegin.o
 .bss.m_lpcomp_event_handler
                0x20002c54        0x4 _build/nrf52832_xxaa/nrfx_lpcomp.c.o
 .bss.m_button_count
                0x20002c58        0x1 _build/nrf52832_xxaa/app_button.c.o
 *fill*         0x20002c59        0x3 
 .bss.m_detection_delay
                0x20002c5c        0x4 _build/nrf52832_xxaa/app_button.c.o
 .bss.m_detection_delay_timer_id_data
                0x20002c60       0x20 _build/nrf52832_xxaa/app_button.c.o
 .bss.m_pin_state
                0x20002c80        0x8 _build/nrf52832_xxaa/app_button.c.o
 .bss.m_pin_transition
                0x20002c88        0x8 _build/nrf52832_xxaa/app_button.c.o
 .bss.mp_buttons
                0x20002c90        0x4 _build/nrf52832_xxaa/app_button.c.o
 .bss.m_op_queue
                0x20002c94      0x10c _build/nrf52832_xxaa/app_timer.c.o
 .bss.m_rtc1_reset
                0x20002da0        0x1 _build/nrf52832_xxaa/app_timer.c.o
 .bss.m_rtc1_running
                0x20002da1        0x1 _build/nrf52832_xxaa/app_timer.c.o
 *fill*         0x20002da2        0x2 
 .bss.m_ticks_elapsed
                0x20002da4        0x8 _build/nrf52832_xxaa/app_timer.c.o
 .bss.m_ticks_elapsed_q_read_ind
                0x20002dac        0x1 _build/nrf52832_xxaa/app_timer.c.o
 .bss.m_ticks_elapsed_q_write_ind
                0x20002dad        0x1 _build/nrf52832_xxaa/app_timer.c.o
 *fill*         0x20002dae        0x2 
 .bss.m_ticks_latest
                0x20002db0        0x4 _build/nrf52832_xxaa/app_timer.c.o
 .bss.mp_timer_id_head
                0x20002db4        0x4 _build/nrf52832_xxaa/app_timer.c.o
 .bss.desc.9245
                0x20002db8        0xc _build/nrf52832_xxaa/fds.c.o
 .bss.m_cb_table
                0x20002dc4       0x10 _build/nrf52832_xxaa/fds.c.o
 .bss.m_flags   0x20002dd4        0x8 _build/nrf52832_xxaa/fds.c.o
 .bss.m_gc      0x20002ddc       0x10 _build/nrf52832_xxaa/fds.c.o
 .bss.m_iget_ctx.9282
                0x20002dec        0x4 _build/nrf52832_xxaa/fds.c.o
 .bss.m_latest_rec_id
                0x20002df0        0x4 _build/nrf52832_xxaa/fds.c.o
 .bss.m_p_cur_op.9281
                0x20002df4        0x4 _build/nrf52832_xxaa/fds.c.o
 .bss.m_pages   0x20002df8       0x28 _build/nrf52832_xxaa/fds.c.o
 .bss.m_queue_inst
                0x20002e20       0x10 _build/nrf52832_xxaa/fds.c.o
 .bss.m_queued_op_cnt
                0x20002e30        0x4 _build/nrf52832_xxaa/fds.c.o
 .bss.m_swap_page
                0x20002e34        0x8 _build/nrf52832_xxaa/fds.c.o
 .bss.page.9246
                0x20002e3c        0x2 _build/nrf52832_xxaa/fds.c.o
 *fill*         0x20002e3e        0x2 
 .bss.tok.9152  0x20002e40        0x8 _build/nrf52832_xxaa/fds.c.o
 .bss.m_fifo_inst
                0x20002e48       0x10 _build/nrf52832_xxaa/nrf_fstorage_sd.c.o
 .bss.m_flags   0x20002e58       0x14 _build/nrf52832_xxaa/nrf_fstorage_sd.c.o
 .bss.m_iget_ctx
                0x20002e6c        0x4 _build/nrf52832_xxaa/nrf_fstorage_sd.c.o
 .bss.m_p_cur_op
                0x20002e70        0x4 _build/nrf52832_xxaa/nrf_fstorage_sd.c.o
 .bss.m_handlers_iter
                0x20002e74        0x8 _build/nrf52832_xxaa/nrf_pwr_mgmt.c.o
 .bss.m_shutdown_started
                0x20002e7c        0x1 _build/nrf52832_xxaa/nrf_pwr_mgmt.c.o
 *fill*         0x20002e7d        0x3 
 .bss.m_sysoff_mtx
                0x20002e80        0x4 _build/nrf52832_xxaa/nrf_pwr_mgmt.c.o
 .bss.m_clock_cb
                0x20002e84       0x14 _build/nrf52832_xxaa/nrf_drv_clock.c.o
 .bss.m_cb      0x20002e98        0x8 _build/nrf52832_xxaa/nrfx_pwm.c.o
 .bss.m_prs_box_4
                0x20002ea0        0x8 _build/nrf52832_xxaa/nrfx_prs.c.o
 .bss.m_cb      0x20002ea8       0x30 _build/nrf52832_xxaa/nrfx_saadc.c.o
 .bss.m_clock_cb
                0x20002ed8        0x8 _build/nrf52832_xxaa/nrfx_clock.c.o
 .bss.m_cb      0x20002ee0       0x5c _build/nrf52832_xxaa/nrfx_gpiote.c.o
 .bss.current_long_push_pin_no.8868
                0x20002f3c        0x1 _build/nrf52832_xxaa/bsp.c.o
 .bss.m_alert_on
                0x20002f3d        0x1 _build/nrf52832_xxaa/bsp.c.o
 *fill*         0x20002f3e        0x2 
 .bss.m_bsp_alert_tmr_data
                0x20002f40       0x20 _build/nrf52832_xxaa/bsp.c.o
 .bss.m_bsp_button_tmr_data
                0x20002f60       0x20 _build/nrf52832_xxaa/bsp.c.o
 .bss.m_bsp_leds_tmr_data
                0x20002f80       0x20 _build/nrf52832_xxaa/bsp.c.o
 .bss.m_events_list
                0x20002fa0        0xc _build/nrf52832_xxaa/bsp.c.o
 .bss.m_indication_type
                0x20002fac        0x4 _build/nrf52832_xxaa/bsp.c.o
 .bss.m_leds_clear
                0x20002fb0        0x1 _build/nrf52832_xxaa/bsp.c.o
 *fill*         0x20002fb1        0x3 
 .bss.m_registered_callback
                0x20002fb4        0x4 _build/nrf52832_xxaa/bsp.c.o
 .bss.m_stable_state
                0x20002fb8        0x1 _build/nrf52832_xxaa/bsp.c.o
 *fill*         0x20002fb9        0x3 
 .bss.release_event_at_push.8869
                0x20002fbc        0x4 _build/nrf52832_xxaa/bsp.c.o
 .bss.m_error_handler
                0x20002fc0        0x4 _build/nrf52832_xxaa/bsp_btn_ble.c.o
 .bss.m_num_connections
                0x20002fc4        0x4 _build/nrf52832_xxaa/bsp_btn_ble.c.o
 .bss.avg_ble_counter
                0x20002fc8        0x1 _build/nrf52832_xxaa/main.c.o
 *fill*         0x20002fc9        0x3 
 .bss.avg_ble_data
                0x20002fcc       0x30 _build/nrf52832_xxaa/main.c.o
 .bss.avg_counter
                0x20002ffc        0x1 _build/nrf52832_xxaa/main.c.o
 .bss.ble_counter
                0x20002ffd        0x1 _build/nrf52832_xxaa/main.c.o
 *fill*         0x20002ffe        0x2 
 .bss.cur_brightness
                0x20003000        0x4 _build/nrf52832_xxaa/main.c.o
 .bss.led_counter
                0x20003004        0x2 _build/nrf52832_xxaa/main.c.o
 *fill*         0x20003006        0x2 
 .bss.m_advertising
                0x20003008       0xb8 _build/nrf52832_xxaa/main.c.o
 .bss.m_bas     0x200030c0       0x14 _build/nrf52832_xxaa/main.c.o
 .bss.m_buffer_pool
                0x200030d4       0x18 _build/nrf52832_xxaa/main.c.o
 .bss.m_gatt    0x200030ec       0x14 _build/nrf52832_xxaa/main.c.o
 .bss.m_heart_rate_timer_id_data
                0x20003100       0x20 _build/nrf52832_xxaa/main.c.o
 .bss.m_hrs     0x20003120       0x50 _build/nrf52832_xxaa/main.c.o
 .bss.m_qwr     0x20003170        0xc _build/nrf52832_xxaa/main.c.o
 .bss.saadc_gain
                0x2000317c        0x4 _build/nrf52832_xxaa/main.c.o
 .bss.sequence_values
                0x20003180      0x190 _build/nrf52832_xxaa/main.c.o
 .bss.temp_avg  0x20003310       0x10 _build/nrf52832_xxaa/main.c.o
 .bss.temp_avg_light
                0x20003320        0x8 _build/nrf52832_xxaa/main.c.o
 .bss.temp_buf  0x20003328       0x20 _build/nrf52832_xxaa/main.c.o
 .bss.test_i    0x20003348        0x4 _build/nrf52832_xxaa/main.c.o
                0x20003348                test_i
 .bss.m_conn_params_config
                0x2000334c       0x1c _build/nrf52832_xxaa/ble_conn_params.c.o
 .bss.m_conn_params_instances
                0x20003368       0x14 _build/nrf52832_xxaa/ble_conn_params.c.o
 .bss.m_preferred_conn_params
                0x2000337c        0x8 _build/nrf52832_xxaa/ble_conn_params.c.o
 .bss.m_timer_data
                0x20003384       0x20 _build/nrf52832_xxaa/ble_conn_params.c.o
 .bss.m_bcs     0x200033a4       0x78 _build/nrf52832_xxaa/ble_conn_state.c.o
 .bss.m_db_update_in_progress_mutex
                0x2000341c        0x1 _build/nrf52832_xxaa/gatt_cache_manager.c.o
 .bss.m_flag_local_db_apply_pending
                0x2000341d        0x1 _build/nrf52832_xxaa/gatt_cache_manager.c.o
 .bss.m_flag_local_db_update_pending
                0x2000341e        0x1 _build/nrf52832_xxaa/gatt_cache_manager.c.o
 .bss.m_flag_service_changed_pending
                0x2000341f        0x1 _build/nrf52832_xxaa/gatt_cache_manager.c.o
 .bss.m_flag_service_changed_sent
                0x20003420        0x1 _build/nrf52832_xxaa/gatt_cache_manager.c.o
 *fill*         0x20003421        0x1 
 .bss.m_current_sc_store_peer_id
                0x20003422        0x2 _build/nrf52832_xxaa/gatts_cache_manager.c.o
 .bss.start_handle.10081
                0x20003424        0x2 _build/nrf52832_xxaa/gatts_cache_manager.c.o
 .bss.m_conn_state_user_flag_id
                0x20003426        0x1 _build/nrf52832_xxaa/id_manager.c.o
 *fill*         0x20003427        0x1 
 .bss.m_connections
                0x20003428       0xf0 _build/nrf52832_xxaa/id_manager.c.o
 .bss.m_fds_ftok
                0x20003518        0x8 _build/nrf52832_xxaa/peer_data_storage.c.o
 .bss.m_peer_delete_deferred
                0x20003520        0x1 _build/nrf52832_xxaa/peer_data_storage.c.o
 .bss.m_pending_store
                0x20003521        0x1 _build/nrf52832_xxaa/peer_database.c.o
 *fill*         0x20003522        0x2 
 .bss.m_write_buffer
                0x20003524       0x10 _build/nrf52832_xxaa/peer_database.c.o
 .bss.m_write_buffer_records
                0x20003534       0x20 _build/nrf52832_xxaa/peer_database.c.o
 .bss.m_pi      0x20003554       0x40 _build/nrf52832_xxaa/peer_id.c.o
 .bss.m_current_highest_peer_rank
                0x20003594        0x4 _build/nrf52832_xxaa/peer_manager.c.o
 .bss.m_deleting_all
                0x20003598        0x1 _build/nrf52832_xxaa/peer_manager.c.o
 *fill*         0x20003599        0x3 
 .bss.m_evt_handlers
                0x2000359c        0xc _build/nrf52832_xxaa/peer_manager.c.o
 .bss.m_highest_ranked_peer
                0x200035a8        0x2 _build/nrf52832_xxaa/peer_manager.c.o
 .bss.m_module_initialized
                0x200035aa        0x1 _build/nrf52832_xxaa/peer_manager.c.o
 .bss.m_n_registrants
                0x200035ab        0x1 _build/nrf52832_xxaa/peer_manager.c.o
 .bss.m_peer_rank_initialized
                0x200035ac        0x1 _build/nrf52832_xxaa/peer_manager.c.o
 *fill*         0x200035ad        0x3 
 .bss.m_peer_rank_token
                0x200035b0        0x4 _build/nrf52832_xxaa/peer_manager.c.o
 .bss.m_peer_pk
                0x200035b4       0x40 _build/nrf52832_xxaa/security_dispatcher.c.o
 .bss.m_p_public_key
                0x200035f4        0x4 _build/nrf52832_xxaa/security_manager.c.o
 .bss.m_sec_params
                0x200035f8        0x5 _build/nrf52832_xxaa/security_manager.c.o
 .bss.m_sec_params_set
                0x200035fd        0x1 _build/nrf52832_xxaa/security_manager.c.o
 *fill*         0x200035fe        0x2 
 .bss.mp_sec_params
                0x20003600        0x4 _build/nrf52832_xxaa/security_manager.c.o
 .bss.fw_rev_handles
                0x20003604        0x8 _build/nrf52832_xxaa/ble_dis.c.o
 .bss.hw_rev_handles
                0x2000360c        0x8 _build/nrf52832_xxaa/ble_dis.c.o
 .bss.manufact_name_handles
                0x20003614        0x8 _build/nrf52832_xxaa/ble_dis.c.o
 .bss.model_num_handles
                0x2000361c        0x8 _build/nrf52832_xxaa/ble_dis.c.o
 .bss.pnp_id_handles
                0x20003624        0x8 _build/nrf52832_xxaa/ble_dis.c.o
 .bss.reg_cert_data_list_handles
                0x2000362c        0x8 _build/nrf52832_xxaa/ble_dis.c.o
 .bss.serial_num_handles
                0x20003634        0x8 _build/nrf52832_xxaa/ble_dis.c.o
 .bss.service_handle
                0x2000363c        0x2 _build/nrf52832_xxaa/ble_dis.c.o
 *fill*         0x2000363e        0x2 
 .bss.sw_rev_handles
                0x20003640        0x8 _build/nrf52832_xxaa/ble_dis.c.o
 .bss.sys_id_handles
                0x20003648        0x8 _build/nrf52832_xxaa/ble_dis.c.o
 .bss.m_nrf_sdh_continue
                0x20003650        0x1 _build/nrf52832_xxaa/nrf_sdh.c.o
 .bss.m_nrf_sdh_enabled
                0x20003651        0x1 _build/nrf52832_xxaa/nrf_sdh.c.o
 .bss.m_nrf_sdh_suspended
                0x20003652        0x1 _build/nrf52832_xxaa/nrf_sdh.c.o
 .bss.m_stack_is_enabled
                0x20003653        0x1 _build/nrf52832_xxaa/nrf_sdh_ble.c.o
 *(COMMON)
 COMMON         0x20003654        0xc _build/nrf52832_xxaa/app_util_platform.c.o
                0x20003654                nrf_nvic_state
 COMMON         0x20003660        0x1 _build/nrf52832_xxaa/main.c.o
                0x20003660                erase_bonds
                0x20003664                . = ALIGN (0x4)
 *fill*         0x20003661        0x3 
                0x20003664                __bss_end__ = .

.heap           0x20003668     0x2000
                0x20003668                __HeapBase = .
                0x20003668                __end__ = .
                [!provide]                PROVIDE (end = .)
 *(.heap*)
 .heap          0x20003668     0x2000 _build/nrf52832_xxaa/gcc_startup_nrf52.S.o
                0x20005668                __HeapLimit = .

.stack_dummy    0x20003668     0x2000
 *(.stack*)
 .stack         0x20003668     0x2000 _build/nrf52832_xxaa/gcc_startup_nrf52.S.o
                0x20010000                __StackTop = (ORIGIN (RAM) + LENGTH (RAM))
                0x2000e000                __StackLimit = (__StackTop - SIZEOF (.stack_dummy))
                0x20010000                PROVIDE (__stack = __StackTop)
                0x00000001                ASSERT ((__StackLimit >= __HeapLimit), region RAM overflowed with stack)
                0x000000a8                DataInitFlashUsed = (__bss_start__ - __data_start__)
                0x0000a8f8                CodeFlashUsed = (__etext - ORIGIN (FLASH))
                0x0000a9a0                TotalFlashUsed = (CodeFlashUsed + DataInitFlashUsed)
                0x00000001                ASSERT ((TotalFlashUsed <= LENGTH (FLASH)), region FLASH overflowed with .data and user data)
OUTPUT(_build/nrf52832_xxaa.out elf32-littlearm)
LOAD linker stubs

.ARM.attributes
                0x00000000       0x30
 .ARM.attributes
                0x00000000       0x1e c:/program files (x86)/gnu arm embedded toolchain/9 2020-q2-update/bin/../lib/gcc/arm-none-eabi/9.3.1/thumb/v7e-m+fp/hard/crti.o
 .ARM.attributes
                0x0000001e       0x34 c:/program files (x86)/gnu arm embedded toolchain/9 2020-q2-update/bin/../lib/gcc/arm-none-eabi/9.3.1/thumb/v7e-m+fp/hard/crtbegin.o
 .ARM.attributes
                0x00000052       0x1c c:/program files (x86)/gnu arm embedded toolchain/9 2020-q2-update/bin/../lib/gcc/arm-none-eabi/9.3.1/../../../../arm-none-eabi/lib/thumb/v7e-m+fp/hard/crt0.o
 .ARM.attributes
                0x0000006e       0x20 _build/nrf52832_xxaa/gcc_startup_nrf52.S.o
 .ARM.attributes
                0x0000008e       0x34 _build/nrf52832_xxaa/nrfx_lpcomp.c.o
 .ARM.attributes
                0x000000c2       0x34 _build/nrf52832_xxaa/boards.c.o
 .ARM.attributes
                0x000000f6       0x34 _build/nrf52832_xxaa/app_button.c.o
 .ARM.attributes
                0x0000012a       0x34 _build/nrf52832_xxaa/app_error.c.o
 .ARM.attributes
                0x0000015e       0x34 _build/nrf52832_xxaa/app_error_weak.c.o
 .ARM.attributes
                0x00000192       0x34 _build/nrf52832_xxaa/app_timer.c.o
 .ARM.attributes
                0x000001c6       0x34 _build/nrf52832_xxaa/app_util_platform.c.o
 .ARM.attributes
                0x000001fa       0x34 _build/nrf52832_xxaa/fds.c.o
 .ARM.attributes
                0x0000022e       0x34 _build/nrf52832_xxaa/nrf_atfifo.c.o
 .ARM.attributes
                0x00000262       0x34 _build/nrf52832_xxaa/nrf_atflags.c.o
 .ARM.attributes
                0x00000296       0x34 _build/nrf52832_xxaa/nrf_atomic.c.o
 .ARM.attributes
                0x000002ca       0x34 _build/nrf52832_xxaa/nrf_fstorage.c.o
 .ARM.attributes
                0x000002fe       0x34 _build/nrf52832_xxaa/nrf_fstorage_sd.c.o
 .ARM.attributes
                0x00000332       0x34 _build/nrf52832_xxaa/nrf_pwr_mgmt.c.o
 .ARM.attributes
                0x00000366       0x34 _build/nrf52832_xxaa/nrf_section_iter.c.o
 .ARM.attributes
                0x0000039a       0x34 _build/nrf52832_xxaa/system_nrf52.c.o
 .ARM.attributes
                0x000003ce       0x34 _build/nrf52832_xxaa/nrf_drv_clock.c.o
 .ARM.attributes
                0x00000402       0x34 _build/nrf52832_xxaa/nrfx_pwm.c.o
 .ARM.attributes
                0x00000436       0x34 _build/nrf52832_xxaa/nrfx_prs.c.o
 .ARM.attributes
                0x0000046a       0x34 _build/nrf52832_xxaa/nrfx_saadc.c.o
 .ARM.attributes
                0x0000049e       0x34 _build/nrf52832_xxaa/nrfx_clock.c.o
 .ARM.attributes
                0x000004d2       0x34 _build/nrf52832_xxaa/nrfx_gpiote.c.o
 .ARM.attributes
                0x00000506       0x34 _build/nrf52832_xxaa/bsp.c.o
 .ARM.attributes
                0x0000053a       0x34 _build/nrf52832_xxaa/bsp_btn_ble.c.o
 .ARM.attributes
                0x0000056e       0x34 _build/nrf52832_xxaa/main.c.o
 .ARM.attributes
                0x000005a2       0x34 _build/nrf52832_xxaa/ble_advdata.c.o
 .ARM.attributes
                0x000005d6       0x34 _build/nrf52832_xxaa/ble_advertising.c.o
 .ARM.attributes
                0x0000060a       0x34 _build/nrf52832_xxaa/ble_conn_params.c.o
 .ARM.attributes
                0x0000063e       0x34 _build/nrf52832_xxaa/ble_conn_state.c.o
 .ARM.attributes
                0x00000672       0x34 _build/nrf52832_xxaa/ble_srv_common.c.o
 .ARM.attributes
                0x000006a6       0x34 _build/nrf52832_xxaa/gatt_cache_manager.c.o
 .ARM.attributes
                0x000006da       0x34 _build/nrf52832_xxaa/gatts_cache_manager.c.o
 .ARM.attributes
                0x0000070e       0x34 _build/nrf52832_xxaa/id_manager.c.o
 .ARM.attributes
                0x00000742       0x34 _build/nrf52832_xxaa/nrf_ble_gatt.c.o
 .ARM.attributes
                0x00000776       0x34 _build/nrf52832_xxaa/nrf_ble_qwr.c.o
 .ARM.attributes
                0x000007aa       0x34 _build/nrf52832_xxaa/peer_data_storage.c.o
 .ARM.attributes
                0x000007de       0x34 _build/nrf52832_xxaa/peer_database.c.o
 .ARM.attributes
                0x00000812       0x34 _build/nrf52832_xxaa/peer_id.c.o
 .ARM.attributes
                0x00000846       0x34 _build/nrf52832_xxaa/peer_manager.c.o
 .ARM.attributes
                0x0000087a       0x34 _build/nrf52832_xxaa/pm_buffer.c.o
 .ARM.attributes
                0x000008ae       0x34 _build/nrf52832_xxaa/pm_mutex.c.o
 .ARM.attributes
                0x000008e2       0x34 _build/nrf52832_xxaa/security_dispatcher.c.o
 .ARM.attributes
                0x00000916       0x34 _build/nrf52832_xxaa/security_manager.c.o
 .ARM.attributes
                0x0000094a       0x34 _build/nrf52832_xxaa/ble_bas.c.o
 .ARM.attributes
                0x0000097e       0x34 _build/nrf52832_xxaa/ble_dis.c.o
 .ARM.attributes
                0x000009b2       0x34 _build/nrf52832_xxaa/ble_hrs.c.o
 .ARM.attributes
                0x000009e6       0x34 _build/nrf52832_xxaa/nrf_sdh.c.o
 .ARM.attributes
                0x00000a1a       0x34 _build/nrf52832_xxaa/nrf_sdh_ble.c.o
 .ARM.attributes
                0x00000a4e       0x34 _build/nrf52832_xxaa/nrf_sdh_soc.c.o
 .ARM.attributes
                0x00000a82       0x34 c:/program files (x86)/gnu arm embedded toolchain/9 2020-q2-update/bin/../lib/gcc/arm-none-eabi/9.3.1/../../../../arm-none-eabi/lib/thumb/v7e-m+fp/hard\libc_nano.a(lib_a-exit.o)
 .ARM.attributes
                0x00000ab6       0x32 c:/program files (x86)/gnu arm embedded toolchain/9 2020-q2-update/bin/../lib/gcc/arm-none-eabi/9.3.1/../../../../arm-none-eabi/lib/thumb/v7e-m+fp/hard\libc_nano.a(lib_a-impure.o)
 .ARM.attributes
                0x00000ae8       0x34 c:/program files (x86)/gnu arm embedded toolchain/9 2020-q2-update/bin/../lib/gcc/arm-none-eabi/9.3.1/../../../../arm-none-eabi/lib/thumb/v7e-m+fp/hard\libc_nano.a(lib_a-init.o)
 .ARM.attributes
                0x00000b1c       0x34 c:/program files (x86)/gnu arm embedded toolchain/9 2020-q2-update/bin/../lib/gcc/arm-none-eabi/9.3.1/../../../../arm-none-eabi/lib/thumb/v7e-m+fp/hard\libc_nano.a(lib_a-memcmp.o)
 .ARM.attributes
                0x00000b50       0x34 c:/program files (x86)/gnu arm embedded toolchain/9 2020-q2-update/bin/../lib/gcc/arm-none-eabi/9.3.1/../../../../arm-none-eabi/lib/thumb/v7e-m+fp/hard\libc_nano.a(lib_a-memcpy-stub.o)
 .ARM.attributes
                0x00000b84       0x34 c:/program files (x86)/gnu arm embedded toolchain/9 2020-q2-update/bin/../lib/gcc/arm-none-eabi/9.3.1/../../../../arm-none-eabi/lib/thumb/v7e-m+fp/hard\libc_nano.a(lib_a-memmove.o)
 .ARM.attributes
                0x00000bb8       0x34 c:/program files (x86)/gnu arm embedded toolchain/9 2020-q2-update/bin/../lib/gcc/arm-none-eabi/9.3.1/../../../../arm-none-eabi/lib/thumb/v7e-m+fp/hard\libc_nano.a(lib_a-memset.o)
 .ARM.attributes
                0x00000bec       0x17 c:/program files (x86)/gnu arm embedded toolchain/9 2020-q2-update/bin/../lib/gcc/arm-none-eabi/9.3.1/../../../../arm-none-eabi/lib/thumb/v7e-m+fp/hard\libc_nano.a(lib_a-strlen.o)
 .ARM.attributes
                0x00000c03       0x34 c:/program files (x86)/gnu arm embedded toolchain/9 2020-q2-update/bin/../lib/gcc/arm-none-eabi/9.3.1/../../../../arm-none-eabi/lib/thumb/v7e-m+fp/hard\libnosys.a(_exit.o)
 .ARM.attributes
                0x00000c37       0x1e c:/program files (x86)/gnu arm embedded toolchain/9 2020-q2-update/bin/../lib/gcc/arm-none-eabi/9.3.1/thumb/v7e-m+fp/hard\libgcc.a(_arm_addsubdf3.o)
 .ARM.attributes
                0x00000c55       0x1e c:/program files (x86)/gnu arm embedded toolchain/9 2020-q2-update/bin/../lib/gcc/arm-none-eabi/9.3.1/thumb/v7e-m+fp/hard\libgcc.a(_arm_muldivdf3.o)
 .ARM.attributes
                0x00000c73       0x1e c:/program files (x86)/gnu arm embedded toolchain/9 2020-q2-update/bin/../lib/gcc/arm-none-eabi/9.3.1/thumb/v7e-m+fp/hard\libgcc.a(_arm_fixunsdfsi.o)
 .ARM.attributes
                0x00000c91       0x1e c:/program files (x86)/gnu arm embedded toolchain/9 2020-q2-update/bin/../lib/gcc/arm-none-eabi/9.3.1/thumb/v7e-m+fp/hard\libgcc.a(_aeabi_uldivmod.o)
 .ARM.attributes
                0x00000caf       0x34 c:/program files (x86)/gnu arm embedded toolchain/9 2020-q2-update/bin/../lib/gcc/arm-none-eabi/9.3.1/thumb/v7e-m+fp/hard\libgcc.a(_udivmoddi4.o)
 .ARM.attributes
                0x00000ce3       0x1e c:/program files (x86)/gnu arm embedded toolchain/9 2020-q2-update/bin/../lib/gcc/arm-none-eabi/9.3.1/thumb/v7e-m+fp/hard\libgcc.a(_dvmd_tls.o)
 .ARM.attributes
                0x00000d01       0x32 c:/program files (x86)/gnu arm embedded toolchain/9 2020-q2-update/bin/../lib/gcc/arm-none-eabi/9.3.1/thumb/v7e-m+fp/hard/crtend.o
 .ARM.attributes
                0x00000d33       0x1e c:/program files (x86)/gnu arm embedded toolchain/9 2020-q2-update/bin/../lib/gcc/arm-none-eabi/9.3.1/thumb/v7e-m+fp/hard/crtn.o

.comment        0x00000000       0x4c
 .comment       0x00000000       0x4c _build/nrf52832_xxaa/nrfx_lpcomp.c.o
                                 0x4d (size before relaxing)
 .comment       0x0000004c       0x4d _build/nrf52832_xxaa/boards.c.o
 .comment       0x0000004c       0x4d _build/nrf52832_xxaa/app_button.c.o
 .comment       0x0000004c       0x4d _build/nrf52832_xxaa/app_error.c.o
 .comment       0x0000004c       0x4d _build/nrf52832_xxaa/app_error_weak.c.o
 .comment       0x0000004c       0x4d _build/nrf52832_xxaa/app_timer.c.o
 .comment       0x0000004c       0x4d _build/nrf52832_xxaa/app_util_platform.c.o
 .comment       0x0000004c       0x4d _build/nrf52832_xxaa/fds.c.o
 .comment       0x0000004c       0x4d _build/nrf52832_xxaa/nrf_atfifo.c.o
 .comment       0x0000004c       0x4d _build/nrf52832_xxaa/nrf_atflags.c.o
 .comment       0x0000004c       0x4d _build/nrf52832_xxaa/nrf_atomic.c.o
 .comment       0x0000004c       0x4d _build/nrf52832_xxaa/nrf_fstorage.c.o
 .comment       0x0000004c       0x4d _build/nrf52832_xxaa/nrf_fstorage_sd.c.o
 .comment       0x0000004c       0x4d _build/nrf52832_xxaa/nrf_pwr_mgmt.c.o
 .comment       0x0000004c       0x4d _build/nrf52832_xxaa/nrf_section_iter.c.o
 .comment       0x0000004c       0x4d _build/nrf52832_xxaa/system_nrf52.c.o
 .comment       0x0000004c       0x4d _build/nrf52832_xxaa/nrf_drv_clock.c.o
 .comment       0x0000004c       0x4d _build/nrf52832_xxaa/nrfx_pwm.c.o
 .comment       0x0000004c       0x4d _build/nrf52832_xxaa/nrfx_prs.c.o
 .comment       0x0000004c       0x4d _build/nrf52832_xxaa/nrfx_saadc.c.o
 .comment       0x0000004c       0x4d _build/nrf52832_xxaa/nrfx_clock.c.o
 .comment       0x0000004c       0x4d _build/nrf52832_xxaa/nrfx_gpiote.c.o
 .comment       0x0000004c       0x4d _build/nrf52832_xxaa/bsp.c.o
 .comment       0x0000004c       0x4d _build/nrf52832_xxaa/bsp_btn_ble.c.o
 .comment       0x0000004c       0x4d _build/nrf52832_xxaa/main.c.o
 .comment       0x0000004c       0x4d _build/nrf52832_xxaa/ble_advdata.c.o
 .comment       0x0000004c       0x4d _build/nrf52832_xxaa/ble_advertising.c.o
 .comment       0x0000004c       0x4d _build/nrf52832_xxaa/ble_conn_params.c.o
 .comment       0x0000004c       0x4d _build/nrf52832_xxaa/ble_conn_state.c.o
 .comment       0x0000004c       0x4d _build/nrf52832_xxaa/ble_srv_common.c.o
 .comment       0x0000004c       0x4d _build/nrf52832_xxaa/gatt_cache_manager.c.o
 .comment       0x0000004c       0x4d _build/nrf52832_xxaa/gatts_cache_manager.c.o
 .comment       0x0000004c       0x4d _build/nrf52832_xxaa/id_manager.c.o
 .comment       0x0000004c       0x4d _build/nrf52832_xxaa/nrf_ble_gatt.c.o
 .comment       0x0000004c       0x4d _build/nrf52832_xxaa/nrf_ble_qwr.c.o
 .comment       0x0000004c       0x4d _build/nrf52832_xxaa/peer_data_storage.c.o
 .comment       0x0000004c       0x4d _build/nrf52832_xxaa/peer_database.c.o