Component: ARM Compiler 5.06 update 6 (build 750) Tool: armlink [4d35ed]

==============================================================================

Section Cross References

    main.o(i.advertising_start) refers to nrf_log_frontend.o(i.nrf_log_frontend_std_0) for nrf_log_frontend_std_0
    main.o(i.advertising_start) refers to peer_manager.o(i.pm_peers_delete) for pm_peers_delete
    main.o(i.advertising_start) refers to ble_advertising.o(i.ble_advertising_start) for ble_advertising_start
    main.o(i.advertising_start) refers to app_error.o(i.app_error_handler_bare) for app_error_handler_bare
    main.o(i.advertising_start) refers to nrf_log_frontend.o(log_dynamic_data) for m_nrf_log_app_logs_data_dynamic
    main.o(i.advertising_start) refers to main.o(.bss) for .bss
    main.o(i.application_timers_start) refers to app_timer.o(i.app_timer_start) for app_timer_start
    main.o(i.application_timers_start) refers to app_error.o(i.app_error_handler_bare) for app_error_handler_bare
    main.o(i.application_timers_start) refers to main.o(.constdata) for .constdata
    main.o(i.assert_nrf_callback) refers to app_error_handler_keil.o(.emb_text) for app_error_handler
    main.o(i.battery_level_meas_timeout_handler) refers to sensorsim.o(i.sensorsim_measure) for sensorsim_measure
    main.o(i.battery_level_meas_timeout_handler) refers to ble_bas.o(i.ble_bas_battery_level_update) for ble_bas_battery_level_update
    main.o(i.battery_level_meas_timeout_handler) refers to app_error.o(i.app_error_handler_bare) for app_error_handler_bare
    main.o(i.battery_level_meas_timeout_handler) refers to main.o(.bss) for .bss
    main.o(i.battery_level_meas_timeout_handler) refers to main.o(.data) for .data
    main.o(i.ble_evt_handler) refers to nrf_log_frontend.o(i.nrf_log_frontend_std_1) for nrf_log_frontend_std_1
    main.o(i.ble_evt_handler) refers to nrf_log_frontend.o(i.nrf_log_frontend_std_0) for nrf_log_frontend_std_0
    main.o(i.ble_evt_handler) refers to bsp.o(i.bsp_indication_set) for bsp_indication_set
    main.o(i.ble_evt_handler) refers to app_error.o(i.app_error_handler_bare) for app_error_handler_bare
    main.o(i.ble_evt_handler) refers to nrf_ble_qwr.o(i.nrf_ble_qwr_conn_handle_assign) for nrf_ble_qwr_conn_handle_assign
    main.o(i.ble_evt_handler) refers to nrf_log_frontend.o(log_dynamic_data) for m_nrf_log_app_logs_data_dynamic
    main.o(i.ble_evt_handler) refers to main.o(.data) for .data
    main.o(i.ble_evt_handler) refers to main.o(.bss) for .bss
    main.o(i.bsp_event_handler) refers to main.o(i.sleep_mode_enter) for sleep_mode_enter
    main.o(i.bsp_event_handler) refers to app_error.o(i.app_error_handler_bare) for app_error_handler_bare
    main.o(i.bsp_event_handler) refers to ble_advertising.o(i.ble_advertising_restart_without_whitelist) for ble_advertising_restart_without_whitelist
    main.o(i.bsp_event_handler) refers to main.o(.data) for .data
    main.o(i.bsp_event_handler) refers to main.o(.bss) for .bss
    main.o(i.conn_params_error_handler) refers to app_error.o(i.app_error_handler_bare) for app_error_handler_bare
    main.o(i.gap_params_init) refers to app_error.o(i.app_error_handler_bare) for app_error_handler_bare
    main.o(i.gatt_evt_handler) refers to nrf_log_frontend.o(i.nrf_log_frontend_std_2) for nrf_log_frontend_std_2
    main.o(i.gatt_evt_handler) refers to ble_hrs.o(i.ble_hrs_on_gatt_evt) for ble_hrs_on_gatt_evt
    main.o(i.gatt_evt_handler) refers to nrf_log_frontend.o(log_dynamic_data) for m_nrf_log_app_logs_data_dynamic
    main.o(i.gatt_evt_handler) refers to main.o(.bss) for .bss
    main.o(i.heart_rate_meas_timeout_handler) refers to sensorsim.o(i.sensorsim_measure) for sensorsim_measure
    main.o(i.heart_rate_meas_timeout_handler) refers to ble_hrs.o(i.ble_hrs_heart_rate_measurement_send) for ble_hrs_heart_rate_measurement_send
    main.o(i.heart_rate_meas_timeout_handler) refers to app_error.o(i.app_error_handler_bare) for app_error_handler_bare
    main.o(i.heart_rate_meas_timeout_handler) refers to main.o(.bss) for .bss
    main.o(i.heart_rate_meas_timeout_handler) refers to main.o(.data) for .data
    main.o(i.main) refers to nrf_log_frontend.o(i.nrf_log_init) for nrf_log_init
    main.o(i.main) refers to app_error.o(i.app_error_handler_bare) for app_error_handler_bare
    main.o(i.main) refers to nrf_log_default_backends.o(i.nrf_log_default_backends_init) for nrf_log_default_backends_init
    main.o(i.main) refers to main.o(i.timers_init) for timers_init
    main.o(i.main) refers to bsp.o(i.bsp_init) for bsp_init
    main.o(i.main) refers to bsp_btn_ble.o(i.bsp_btn_ble_init) for bsp_btn_ble_init
    main.o(i.main) refers to nrf_pwr_mgmt.o(i.nrf_pwr_mgmt_init) for nrf_pwr_mgmt_init
    main.o(i.main) refers to nrf_sdh.o(i.nrf_sdh_enable_request) for nrf_sdh_enable_request
    main.o(i.main) refers to nrf_sdh_ble.o(i.nrf_sdh_ble_default_cfg_set) for nrf_sdh_ble_default_cfg_set
[...]
    peer_id_free                             0x0002d869   Thumb Code    24  peer_id.o(i.peer_id_free)
    peer_id_get_next_deleted                 0x0002d885   Thumb Code     6  peer_id.o(i.peer_id_get_next_deleted)
    peer_id_get_next_used                    0x0002d891   Thumb Code    42  peer_id.o(i.peer_id_get_next_used)
    peer_id_init                             0x0002d8c1   Thumb Code    36  peer_id.o(i.peer_id_init)
    peer_id_is_allocated                     0x0002d8e9   Thumb Code    16  peer_id.o(i.peer_id_is_allocated)
    peer_id_is_deleted                       0x0002d8fd   Thumb Code    16  peer_id.o(i.peer_id_is_deleted)
    pm_buffer_block_acquire                  0x0002d9ed   Thumb Code    92  pm_buffer.o(i.pm_buffer_block_acquire)
    pm_buffer_init                           0x0002da49   Thumb Code    64  pm_buffer.o(i.pm_buffer_init)
    pm_buffer_ptr_get                        0x0002da89   Thumb Code    40  pm_buffer.o(i.pm_buffer_ptr_get)
    pm_buffer_release                        0x0002dab1   Thumb Code    46  pm_buffer.o(i.pm_buffer_release)
    pm_conn_sec_config_reply                 0x0002dadf   Thumb Code    10  peer_manager.o(i.pm_conn_sec_config_reply)
    pm_gcm_evt_handler                       0x0002dbd9   Thumb Code     4  peer_manager.o(i.pm_gcm_evt_handler)
    pm_im_evt_handler                        0x0002dbdd   Thumb Code     4  peer_manager.o(i.pm_im_evt_handler)
    pm_init                                  0x0002dbe1   Thumb Code    70  peer_manager.o(i.pm_init)
    pm_mutex_init                            0x0002dc2d   Thumb Code    14  pm_mutex.o(i.pm_mutex_init)
    pm_mutex_lock                            0x0002dc3b   Thumb Code    26  pm_mutex.o(i.pm_mutex_lock)
    pm_mutex_lock_first_available            0x0002dc55   Thumb Code    54  pm_mutex.o(i.pm_mutex_lock_first_available)
    pm_mutex_lock_status_get                 0x0002dc8b   Thumb Code    24  pm_mutex.o(i.pm_mutex_lock_status_get)
    pm_mutex_unlock                          0x0002dca3   Thumb Code    58  pm_mutex.o(i.pm_mutex_unlock)
    pm_pdb_evt_handler                       0x0002dcdd   Thumb Code   276  peer_manager.o(i.pm_pdb_evt_handler)
    pm_peer_delete                           0x0002ddf5   Thumb Code    14  peer_manager.o(i.pm_peer_delete)
    pm_peer_ranks_get                        0x0002de09   Thumb Code   176  peer_manager.o(i.pm_peer_ranks_get)
    pm_peers_delete                          0x0002dec1   Thumb Code    98  peer_manager.o(i.pm_peers_delete)
    pm_register                              0x0002df29   Thumb Code    34  peer_manager.o(i.pm_register)
    pm_sec_params_set                        0x0002df55   Thumb Code    14  peer_manager.o(i.pm_sec_params_set)
    pm_sm_evt_handler                        0x0002df69   Thumb Code    10  peer_manager.o(i.pm_sm_evt_handler)
    sensorsim_decrement                      0x0002ea35   Thumb Code    28  sensorsim.o(i.sensorsim_decrement)
    sensorsim_increment                      0x0002ea51   Thumb Code    28  sensorsim.o(i.sensorsim_increment)
    sensorsim_init                           0x0002ea6d   Thumb Code    22  sensorsim.o(i.sensorsim_init)
    sensorsim_measure                        0x0002ea83   Thumb Code    26  sensorsim.o(i.sensorsim_measure)
    sm_ble_evt_handler                       0x0002edcd   Thumb Code    22  security_manager.o(i.sm_ble_evt_handler)
    sm_conn_sec_config_reply                 0x0002eded   Thumb Code     4  security_manager.o(i.sm_conn_sec_config_reply)
    sm_init                                  0x0002edf1   Thumb Code    70  security_manager.o(i.sm_init)
    sm_pdb_evt_handler                       0x0002ee3d   Thumb Code    76  security_manager.o(i.sm_pdb_evt_handler)
    sm_sec_params_set                        0x0002ee95   Thumb Code    46  security_manager.o(i.sm_sec_params_set)
    sm_smd_evt_handler                       0x0002eec9   Thumb Code    92  security_manager.o(i.sm_smd_evt_handler)
    smd_ble_evt_handler                      0x0002ef29   Thumb Code   234  security_dispatcher.o(i.smd_ble_evt_handler)
    smd_conn_sec_config_reply                0x0002f01d   Thumb Code    10  security_dispatcher.o(i.smd_conn_sec_config_reply)
    smd_init                                 0x0002f02d   Thumb Code    84  security_dispatcher.o(i.smd_init)
    smd_link_secure                          0x0002f085   Thumb Code    34  security_dispatcher.o(i.smd_link_secure)
    smd_params_reply                         0x0002f0a9   Thumb Code   242  security_dispatcher.o(i.smd_params_reply)
    write_buf_store                          0x0002fc05   Thumb Code   124  peer_database.o(i.write_buf_store)
    nrf_fstorage_sd                          0x00030190   Data          32  nrf_fstorage_sd.o(.constdata)
    nrf_log_backend_uart_api                 0x00030310   Data          12  nrf_log_backend_uart.o(.constdata)
    m_ram_start                              0x000303b4   Data           4  nrf_sdh_ble.o(.constdata)
    __ctype_table                            0x000303e0   Data         129  ctype_o.o(.constdata)
    Region$$Table$$Base                      0x00030c38   Number         0  anon$$obj.o(Region$$Table)
    Region$$Table$$Limit                     0x00030c58   Number         0  anon$$obj.o(Region$$Table)
    log_const_data$$Base                     0x00030c58   Number         0  nrf_ble_gatt.o(log_const_data)
    m_nrf_log_nrf_ble_gatt_logs_data_const   0x00030c58   Data           8  nrf_ble_gatt.o(log_const_data)
    m_nrf_log_ble_bas_logs_data_const        0x00030c60   Data           8  ble_bas.o(log_const_data)
    m_nrf_log_clock_logs_data_const          0x00030c68   Data           8  nrf_drv_clock.o(log_const_data)
    m_nrf_log_CLOCK_logs_data_const          0x00030c70   Data           8  nrfx_clock.o(log_const_data)
    m_nrf_log_GPIOTE_logs_data_const         0x00030c78   Data           8  nrfx_gpiote.o(log_const_data)
    m_nrf_log_PRS_logs_data_const            0x00030c80   Data           8  nrfx_prs.o(log_const_data)
    m_nrf_log_UART_logs_data_const           0x00030c88   Data           8  nrfx_uart.o(log_const_data)
    m_nrf_log_UARTE_logs_data_const          0x00030c90   Data           8  nrfx_uarte.o(log_const_data)
    m_nrf_log_atfifo_m_queue_logs_data_const 0x00030c98   Data           8  fds.o(log_const_data)
    m_nrf_log_nrf_fstorage_logs_data_const   0x00030ca0   Data           8  nrf_fstorage.o(log_const_data)
    m_nrf_log_atfifo_m_fifo_logs_data_const  0x00030ca8   Data           8  nrf_fstorage_sd.o(log_const_data)
    m_nrf_log_pwr_mgmt_logs_data_const       0x00030cb0   Data           8  nrf_pwr_mgmt.o(log_const_data)
    m_nrf_log_balloc_log_mempool_logs_data_const 0x00030cb8   Data           8  nrf_log_frontend.o(log_const_data)
    m_nrf_log_app_logs_data_const            0x00030cc0   Data           8  nrf_log_frontend.o(log_const_data)
    m_nrf_log_nrf_sdh_logs_data_const        0x00030cc8   Data           8  nrf_sdh.o(log_const_data)
    m_nrf_log_nrf_sdh_ble_logs_data_const    0x00030cd0   Data           8  nrf_sdh_ble.o(log_const_data)
    m_nrf_log_nrf_sdh_soc_logs_data_const    0x00030cd8   Data           8  nrf_sdh_soc.o(log_const_data)
    log_const_data$$Limit                    0x00030ce0   Number         0  nrf_sdh_soc.o(log_const_data)
    log_mempool                              0x00030ce0   Data          24  nrf_log_frontend.o(nrf_balloc)
    sdh_ble_observers0$$Base                 0x00030cf8   Number         0  ble_conn_state.o(sdh_ble_observers0)
    sdh_ble_observers0$$Limit                0x00030d00   Number         0  ble_conn_state.o(sdh_ble_observers0)
    sdh_ble_observers1$$Base                 0x00030d00   Number         0  main.o(sdh_ble_observers1)
    sdh_ble_observers1$$Limit                0x00030d28   Number         0  peer_manager.o(sdh_ble_observers1)
    sdh_ble_observers2$$Base                 0x00030d28   Number         0  main.o(sdh_ble_observers2)
    sdh_ble_observers2$$Limit                0x00030d40   Number         0  main.o(sdh_ble_observers2)
    sdh_ble_observers3$$Base                 0x00030d40   Number         0  main.o(sdh_ble_observers3)
    m_req_obs                                0x00030d48   Data           8  nrf_fstorage_sd.o(sdh_req_observers0)
    sdh_ble_observers3$$Limit                0x00030d48   Number         0  main.o(sdh_ble_observers3)
    sdh_req_observers0$$Base                 0x00030d48   Number         0  nrf_fstorage_sd.o(sdh_req_observers0)
    sdh_req_observers0$$Limit                0x00030d50   Number         0  nrf_fstorage_sd.o(sdh_req_observers0)
    sdh_soc_observers0$$Base                 0x00030d50   Number         0  nrf_drv_clock.o(sdh_soc_observers0)
    sdh_soc_observers0$$Limit                0x00030d60   Number         0  nrf_fstorage_sd.o(sdh_soc_observers0)
    sdh_soc_observers1$$Base                 0x00030d60   Number         0  main.o(sdh_soc_observers1)
    sdh_soc_observers1$$Limit                0x00030d68   Number         0  main.o(sdh_soc_observers1)
    sdh_stack_observers0$$Base               0x00030d68   Number         0  nrf_sdh_ble.o(sdh_stack_observers0)
    sdh_stack_observers0$$Limit              0x00030d78   Number         0  nrf_sdh_soc.o(sdh_stack_observers0)
    sdh_state_observers0$$Base               0x00030d78   Number         0  nrf_drv_clock.o(sdh_state_observers0)
    sdh_state_observers0$$Limit              0x00030d88   Number         0  nrf_fstorage_sd.o(sdh_state_observers0)
    Image$$RW_IRAM1$$Base                    0x20002b90   Number         0  anon$$obj.o ABSOLUTE
    nrf_drv_uart_use_easy_dma                0x20002c7c   Data           1  nrf_drv_uart.o(.data)
    m_uart                                   0x20002d38   Data          20  nrf_log_backend_uart.o(.data)
    SystemCoreClock                          0x20002dac   Data           4  system_nrf52.o(.data)
    fs_data$$Base                            0x20002db0   Number         0  fds.o(fs_data)
    m_fs                                     0x20002db0   Data          20  fds.o(fs_data)
    fs_data$$Limit                           0x20002dc4   Number         0  fds.o(fs_data)
    log_dynamic_data$$Base                   0x20002dc4   Number         0  nrf_ble_gatt.o(log_dynamic_data)
    m_nrf_log_nrf_ble_gatt_logs_data_dynamic 0x20002dc4   Data           4  nrf_ble_gatt.o(log_dynamic_data)
    m_nrf_log_ble_bas_logs_data_dynamic      0x20002dc8   Data           4  ble_bas.o(log_dynamic_data)
    m_nrf_log_clock_logs_data_dynamic        0x20002dcc   Data           4  nrf_drv_clock.o(log_dynamic_data)
    m_nrf_log_CLOCK_logs_data_dynamic        0x20002dd0   Data           4  nrfx_clock.o(log_dynamic_data)
    m_nrf_log_GPIOTE_logs_data_dynamic       0x20002dd4   Data           4  nrfx_gpiote.o(log_dynamic_data)
    m_nrf_log_PRS_logs_data_dynamic          0x20002dd8   Data           4  nrfx_prs.o(log_dynamic_data)
    m_nrf_log_UART_logs_data_dynamic         0x20002ddc   Data           4  nrfx_uart.o(log_dynamic_data)
    m_nrf_log_UARTE_logs_data_dynamic        0x20002de0   Data           4  nrfx_uarte.o(log_dynamic_data)
    m_nrf_log_atfifo_m_queue_logs_data_dynamic 0x20002de4   Data           4  fds.o(log_dynamic_data)
    m_nrf_log_nrf_fstorage_logs_data_dynamic 0x20002de8   Data           4  nrf_fstorage.o(log_dynamic_data)
    m_nrf_log_atfifo_m_fifo_logs_data_dynamic 0x20002dec   Data           4  nrf_fstorage_sd.o(log_dynamic_data)
    m_nrf_log_pwr_mgmt_logs_data_dynamic     0x20002df0   Data           4  nrf_pwr_mgmt.o(log_dynamic_data)
    m_nrf_log_balloc_log_mempool_logs_data_dynamic 0x20002df4   Data           4  nrf_log_frontend.o(log_dynamic_data)
    m_nrf_log_app_logs_data_dynamic          0x20002df8   Data           4  nrf_log_frontend.o(log_dynamic_data)
    m_nrf_log_nrf_sdh_logs_data_dynamic      0x20002dfc   Data           4  nrf_sdh.o(log_dynamic_data)
    m_nrf_log_nrf_sdh_ble_logs_data_dynamic  0x20002e00   Data           4  nrf_sdh_ble.o(log_dynamic_data)
    m_nrf_log_nrf_sdh_soc_logs_data_dynamic  0x20002e04   Data           4  nrf_sdh_soc.o(log_dynamic_data)
    nrf_nvic_state                           0x20003570   Data          12  app_util_platform.o(.bss)
    __initial_sp                             0x20005c30   Data           0  arm_startup_nrf52.o(STACK)



==============================================================================

Memory Map of the image

  Image Entry point : 0x00026201

  Load Region LR_IROM1 (Base: 0x00026000, Size: 0x0000b000, Max: 0x0005a000, ABSOLUTE, COMPRESSED[0x0000adf0])

    Execution Region ER_IROM1 (Exec base: 0x00026000, Load base: 0x00026000, Size: 0x0000ad88, Max: 0x0005a000, ABSOLUTE)

    Exec Addr    Load Addr    Size         Type   Attr      Idx    E Section Name        Object

    0x00026000   0x00026000   0x00000200   Data   RO         6700    RESET               arm_startup_nrf52.o
    0x00026200   0x00026200   0x00000000   Code   RO         6741  * .ARM.Collect$$$$00000000  mc_w.l(entry.o)
    0x00026200   0x00026200   0x00000004   Code   RO         6799    .ARM.Collect$$$$00000001  mc_w.l(entry2.o)
    0x00026204   0x00026204   0x00000004   Code   RO         6802    .ARM.Collect$$$$00000004  mc_w.l(entry5.o)
    0x00026208   0x00026208   0x00000000   Code   RO         6804    .ARM.Collect$$$$00000008  mc_w.l(entry7b.o)
    0x00026208   0x00026208   0x00000000   Code   RO         6806    .ARM.Collect$$$$0000000A  mc_w.l(entry8b.o)
    0x00026208   0x00026208   0x00000008   Code   RO         6807    .ARM.Collect$$$$0000000B  mc_w.l(entry9a.o)
    0x00026210   0x00026210   0x00000000   Code   RO         6809    .ARM.Collect$$$$0000000D  mc_w.l(entry10a.o)
    0x00026210   0x00026210   0x00000000   Code   RO         6811    .ARM.Collect$$$$0000000F  mc_w.l(entry11a.o)
    0x00026210   0x00026210   0x00000004   Code   RO         6800    .ARM.Collect$$$$00002712  mc_w.l(entry2.o)
    0x00026214   0x00026214   0x000000c8   Code   RO         4884    .emb_text           nrf_atfifo.o
    0x000262dc   0x000262dc   0x000000e2   Code   RO         5020    .emb_text           nrf_atomic.o
    0x000263be   0x000263be   0x00000002   PAD
    0x000263c0   0x000263c0   0x00000024   Code   RO         6701    .text               arm_startup_nrf52.o
    0x000263e4   0x000263e4   0x00000062   Code   RO         6749    .text               mc_w.l(uldiv.o)
    0x00026446   0x00026446   0x0000001e   Code   RO         6751    .text               mc_w.l(llshl.o)
    0x00026464   0x00026464   0x00000008   Code   RO         6753    .text               mc_w.l(ctype_o.o)
    0x0002646c   0x0002646c   0x00000040   Code   RO         6783    .text               mc_w.l(memmovea.o)
    0x000264ac   0x000264ac   0x00000024   Code   RO         6785    .text               mc_w.l(memseta.o)
    0x000264d0   0x000264d0   0x0000000e   Code   RO         6787    .text               mc_w.l(strlen.o)
    0x000264de   0x000264de   0x0000001a   Code   RO         6791    .text               mc_w.l(memcmp.o)
    0x000264f8   0x000264f8   0x00000020   Code   RO         6814    .text               mc_w.l(llushr.o)
    0x00026518   0x00026518   0x00000024   Code   RO         6817    .text               mc_w.l(init.o)
    0x0002653c   0x0002653c   0x00000056   Code   RO         6827    .text               mc_w.l(__dczerorl2.o)
    0x00026592   0x00026592   0x00000002   PAD
    0x00026594   0x00026594   0x00000164   Code   RO         3348    i.GPIOTE_IRQHandler  nrfx_gpiote.o
    0x000266f8   0x000266f8   0x00000016   Code   RO         4251    i.NVIC_ClearPendingIRQ  app_timer.o
    0x0002670e   0x0002670e   0x00000016   Code   RO         4252    i.NVIC_EnableIRQ    app_timer.o
    0x00026724   0x00026724   0x00000016   Code   RO         4253    i.NVIC_SetPendingIRQ  app_timer.o
    0x0002673a   0x0002673a   0x00000020   Code   RO         4254    i.NVIC_SetPriority  app_timer.o
    0x0002675a   0x0002675a   0x00000002   PAD
    0x0002675c   0x0002675c   0x00000058   Code   RO         3216    i.POWER_CLOCK_IRQHandler  nrfx_clock.o
    0x000267b4   0x000267b4   0x00000024   Code   RO         4255    i.RTC1_IRQHandler   app_timer.o
    0x000267d8   0x000267d8   0x00000004   Code   RO         4256    i.SWI0_EGU0_IRQHandler  app_timer.o
    0x000267dc   0x000267dc   0x00000004   Code   RO         6487    i.SWI2_EGU2_IRQHandler  nrf_sdh.o
    0x000267e0   0x000267e0   0x0000031c   Code   RO         6709    i.SystemInit        system_nrf52.o
    0x00026afc   0x00026afc   0x0000000c   Code   RO         3647    i.UARTE0_UART0_IRQHandler  nrfx_prs.o
    0x00026b08   0x00026b08   0x0000000e   Code   RO         6821    i.__scatterload_copy  mc_w.l(handlers.o)
    0x00026b16   0x00026b16   0x00000002   Code   RO         6822    i.__scatterload_null  mc_w.l(handlers.o)
    0x00026b18   0x00026b18   0x0000000e   Code   RO         6823    i.__scatterload_zeroinit  mc_w.l(handlers.o)
    0x00026b26   0x00026b26   0x00000002   PAD
    0x00026b28   0x00026b28   0x00000024   Code   RO         6488    i.__sd_nvic_app_accessible_irq  nrf_sdh.o
    0x00026b4c   0x00026b4c   0x00000016   Code   RO         6489    i.__sd_nvic_is_app_accessible_priority  nrf_sdh.o
    0x00026b62   0x00026b62   0x00000026   Code   RO         1457    i.addr_compare      id_manager.o
    0x00026b88   0x00026b88   0x0000000c   Code   RO         5272    i.addr_is_aligned32  nrf_fstorage.o
    0x00026b94   0x00026b94   0x00000018   Code   RO         5273    i.addr_is_within_bounds  nrf_fstorage.o
    0x00026bac   0x00026bac   0x00000036   Code   RO          715    i.advertising_buttons_configure  bsp_btn_ble.o
    0x00026be2   0x00026be2   0x00000002   PAD
    0x00026be4   0x00026be4   0x00000048   Code   RO            4    i.advertising_start  main.o
    0x00026c2c   0x00026c2c   0x00000052   Code   RO         1458    i.ah                id_manager.o
    0x00026c7e   0x00026c7e   0x00000006   Code   RO          598    i.alert_timer_handler  bsp.o
    0x00026c84   0x00026c84   0x0000000c   Code   RO         2561    i.allow_repairing   security_dispatcher.o
    0x00026c90   0x00026c90   0x00000024   Code   RO         4039    i.app_button_enable  app_button.o
    0x00026cb4   0x00026cb4   0x00000078   Code   RO         4040    i.app_button_init   app_button.o
    0x00026d2c   0x00026d2c   0x0000007c   Code   RO         4163    i.app_error_fault_handler  app_error_weak.o
    0x00026da8   0x00026da8   0x00000016   Code   RO         4103    i.app_error_handler_bare  app_error.o
    0x00026dbe   0x00026dbe   0x00000002   PAD
    0x00026dc0   0x00026dc0   0x00000028   Code   RO         4259    i.app_timer_create  app_timer.o
    0x00026de8   0x00026de8   0x00000054   Code   RO         4260    i.app_timer_init    app_timer.o
    0x00026e3c   0x00026e3c   0x00000088   Code   RO         4263    i.app_timer_start   app_timer.o
    0x00026ec4   0x00026ec4   0x00000020   Code   RO         4264    i.app_timer_stop    app_timer.o
    0x00026ee4   0x00026ee4   0x00000048   Code   RO         4424    i.app_util_critical_region_enter  app_util_platform.o
    0x00026f2c   0x00026f2c   0x00000034   Code   RO         4425    i.app_util_critical_region_exit  app_util_platform.o
    0x00026f60   0x00026f60   0x00000058   Code   RO            5    i.application_timers_start  main.o
    0x00026fb8   0x00026fb8   0x00000088   Code   RO         3698    i.apply_config      nrfx_uart.o
    0x00027040   0x00027040   0x00000088   Code   RO         3886    i.apply_config      nrfx_uarte.o
    0x000270c8   0x000270c8   0x00000004   Code   RO         1256    i.apply_pending_handle  gatt_cache_manager.o
    0x000270cc   0x000270cc   0x000000d0   Code   RO         2562    i.auth_status_success_process  security_dispatcher.o
    0x0002719c   0x0002719c   0x0000014e   Code   RO         2839    i.battery_level_char_add  ble_bas.o
    0x000272ea   0x000272ea   0x00000002   PAD
    0x000272ec   0x000272ec   0x00000044   Code   RO            7    i.battery_level_meas_timeout_handler  main.o
    0x00027330   0x00027330   0x0000000a   Code   RO         2840    i.battery_notification_send  ble_bas.o
    0x0002733a   0x0002733a   0x00000182   Code   RO          762    i.ble_advdata_encode  ble_advdata.o
    0x000274bc   0x000274bc   0x00000020   Code   RO          764    i.ble_advdata_parse  ble_advdata.o
    0x000274dc   0x000274dc   0x00000038   Code   RO          765    i.ble_advdata_search  ble_advdata.o
    0x00027514   0x00027514   0x00000006   Code   RO          868    i.ble_advertising_conn_cfg_tag_set  ble_advertising.o
    0x0002751a   0x0002751a   0x000000fa   Code   RO          869    i.ble_advertising_init  ble_advertising.o
    0x00027614   0x00027614   0x0000006a   Code   RO          871    i.ble_advertising_on_ble_evt  ble_advertising.o
    0x0002767e   0x0002767e   0x00000030   Code   RO          872    i.ble_advertising_on_sys_evt  ble_advertising.o
    0x000276ae   0x000276ae   0x0000003a   Code   RO          874    i.ble_advertising_restart_without_whitelist  ble_advertising.o
    0x000276e8   0x000276e8   0x00000236   Code   RO          875    i.ble_advertising_start  ble_advertising.o
    0x0002791e   0x0002791e   0x00000002   PAD
    0x00027920   0x00027920   0x000000c0   Code   RO         2841    i.ble_bas_battery_level_update  ble_bas.o
    0x000279e0   0x000279e0   0x0000003e   Code   RO         2842    i.ble_bas_init      ble_bas.o
    0x00027a1e   0x00027a1e   0x00000052   Code   RO         2843    i.ble_bas_on_ble_evt  ble_bas.o
    0x00027a70   0x00027a70   0x00000068   Code   RO          962    i.ble_conn_params_init  ble_conn_params.o
    0x00027ad8   0x00027ad8   0x0000000c   Code   RO         1036    i.ble_conn_state_conn_handles  ble_conn_state.o
    0x00027ae4   0x00027ae4   0x00000020   Code   RO         1038    i.ble_conn_state_encrypted  ble_conn_state.o
    0x00027b04   0x00027b04   0x0000002c   Code   RO         1040    i.ble_conn_state_for_each_set_user_flag  ble_conn_state.o
    0x00027b30   0x00027b30   0x00000024   Code   RO         1045    i.ble_conn_state_role  ble_conn_state.o
    0x00027b54   0x00027b54   0x00000024   Code   RO         1046    i.ble_conn_state_status  ble_conn_state.o
    0x00027b78   0x00027b78   0x00000018   Code   RO         1047    i.ble_conn_state_user_flag_acquire  ble_conn_state.o
    0x00027b90   0x00027b90   0x00000030   Code   RO         1048    i.ble_conn_state_user_flag_get  ble_conn_state.o
    0x00027bc0   0x00027bc0   0x00000040   Code   RO         1049    i.ble_conn_state_user_flag_set  ble_conn_state.o
    0x00027c00   0x00027c00   0x00000014   Code   RO         1050    i.ble_conn_state_valid  ble_conn_state.o
    0x00027c14   0x00027c14   0x00000060   Code   RO          768    i.ble_device_addr_encode  ble_advdata.o
    0x00027c74   0x00027c74   0x0000012c   Code   RO         2893    i.ble_dis_init      ble_dis.o
    0x00027da0   0x00027da0   0x000000bc   Code   RO            8    i.ble_evt_handler   main.o
    0x00027e5c   0x00027e5c   0x00000070   Code   RO          716    i.ble_evt_handler   bsp_btn_ble.o
    0x00027ecc   0x00027ecc   0x000000fc   Code   RO          964    i.ble_evt_handler   ble_conn_params.o
    0x00027fc8   0x00027fc8   0x00000104   Code   RO         1051    i.ble_evt_handler   ble_conn_state.o
    0x000280cc   0x000280cc   0x00000028   Code   RO         2185    i.ble_evt_handler   peer_manager.o
    0x000280f4   0x000280f4   0x0000005c   Code   RO         2935    i.ble_hrs_heart_rate_measurement_send  ble_hrs.o
    0x00028150   0x00028150   0x0000005e   Code   RO         2936    i.ble_hrs_init      ble_hrs.o
    0x000281ae   0x000281ae   0x00000050   Code   RO         2937    i.ble_hrs_on_ble_evt  ble_hrs.o
    0x000281fe   0x000281fe   0x0000001c   Code   RO         2938    i.ble_hrs_on_gatt_evt  ble_hrs.o
    0x0002821a   0x0002821a   0x00000036   Code   RO         2939    i.ble_hrs_rr_interval_add  ble_hrs.o
    0x00028250   0x00028250   0x00000006   Code   RO         2941    i.ble_hrs_sensor_contact_detected_update  ble_hrs.o
    0x00028256   0x00028256   0x00000012   Code   RO         1194    i.ble_srv_ascii_to_utf8  ble_srv_common.o
    0x00028268   0x00028268   0x00000008   Code   RO         1196    i.ble_srv_is_notification_enabled  ble_srv_common.o
    0x00028270   0x00028270   0x0000000c   Code   RO         1197    i.ble_srv_report_ref_encode  ble_srv_common.o
    0x0002827c   0x0002827c   0x00000086   Code   RO         2943    i.body_sensor_location_char_add  ble_hrs.o
    0x00028302   0x00028302   0x00000002   PAD
    0x00028304   0x00028304   0x0000000c   Code   RO          465    i.bsp_board_button_idx_to_pin  boards.o
    0x00028310   0x00028310   0x00000020   Code   RO          466    i.bsp_board_button_state_get  boards.o
    0x00028330   0x00028330   0x00000054   Code   RO          467    i.bsp_board_init    boards.o
    0x00028384   0x00028384   0x00000024   Code   RO          469    i.bsp_board_led_invert  boards.o
    0x000283a8   0x000283a8   0x00000010   Code   RO          470    i.bsp_board_led_off  boards.o
    0x000283b8   0x000283b8   0x00000010   Code   RO          471    i.bsp_board_led_on  boards.o
    0x000283c8   0x000283c8   0x00000020   Code   RO          472    i.bsp_board_led_state_get  boards.o
    0x000283e8   0x000283e8   0x00000012   Code   RO          473    i.bsp_board_leds_off  boards.o
    0x000283fa   0x000283fa   0x00000012   Code   RO          474    i.bsp_board_leds_on  boards.o
    0x0002840c   0x0002840c   0x00000024   Code   RO          475    i.bsp_board_pin_to_button_idx  boards.o
    0x00028430   0x00028430   0x00000038   Code   RO          717    i.bsp_btn_ble_init  bsp_btn_ble.o
    0x00028468   0x00028468   0x0000001e   Code   RO          718    i.bsp_btn_ble_sleep_mode_prepare  bsp_btn_ble.o
    0x00028486   0x00028486   0x00000002   PAD
    0x00028488   0x00028488   0x00000090   Code   RO          599    i.bsp_button_event_handler  bsp.o
    0x00028518   0x00028518   0x0000000c   Code   RO          600    i.bsp_button_is_pressed  bsp.o
    0x00028524   0x00028524   0x0000004c   Code   RO            9    i.bsp_event_handler  main.o
    0x00028570   0x00028570   0x00000044   Code   RO          603    i.bsp_event_to_button_action_assign  bsp.o
    0x000285b4   0x000285b4   0x00000018   Code   RO          604    i.bsp_indication_set  bsp.o
    0x000285cc   0x000285cc   0x00000094   Code   RO          605    i.bsp_init          bsp.o
    0x00028660   0x00028660   0x000001b8   Code   RO          606    i.bsp_led_indication  bsp.o
    0x00028818   0x00028818   0x00000006   Code   RO          608    i.bsp_wakeup_button_enable  bsp.o
    0x0002881e   0x0002881e   0x00000002   PAD
    0x00028820   0x00028820   0x00000090   Code   RO         5886    i.buf_prealloc      nrf_log_frontend.o
    0x000288b0   0x000288b0   0x0000001e   Code   RO         5232    i.buffer_add        nrf_fprintf_format.o
    0x000288ce   0x000288ce   0x00000002   PAD
    0x000288d0   0x000288d0   0x00000014   Code   RO         5887    i.buffer_is_empty   nrf_log_frontend.o
    0x000288e4   0x000288e4   0x00000008   Code   RO          609    i.button_timer_handler  bsp.o
    0x000288ec   0x000288ec   0x0000001c   Code   RO         3349    i.channel_free      nrfx_gpiote.o
    0x00028908   0x00028908   0x00000048   Code   RO         3350    i.channel_port_alloc  nrfx_gpiote.o
    0x00028950   0x00028950   0x00000010   Code   RO         3351    i.channel_port_get  nrfx_gpiote.o
    0x00028960   0x00028960   0x000000a0   Code   RO         2894    i.char_add          ble_dis.o
    0x00028a00   0x00028a00   0x00000038   Code   RO         2095    i.claim             peer_id.o
    0x00028a38   0x00028a38   0x00000028   Code   RO         3021    i.clock_clk_started_notify  nrf_drv_clock.o
    0x00028a60   0x00028a60   0x0000001c   Code   RO         3022    i.clock_irq_handler  nrf_drv_clock.o
    0x00028a7c   0x00028a7c   0x000000ac   Code   RO         4266    i.compare_reg_update  app_timer.o
    0x00028b28   0x00028b28   0x0000003e   Code   RO         1052    i.conn_handle_list_get  ble_conn_state.o
    0x00028b66   0x00028b66   0x00000088   Code   RO          769    i.conn_int_encode   ble_advdata.o
    0x00028bee   0x00028bee   0x00000004   Code   RO           10    i.conn_params_error_handler  main.o
    0x00028bf2   0x00028bf2   0x00000002   PAD
    0x00028bf4   0x00028bf4   0x00000048   Code   RO          965    i.conn_params_negotiation  ble_conn_params.o
    0x00028c3c   0x00028c3c   0x00000044   Code   RO         2563    i.conn_sec_failure  security_dispatcher.o
    0x00028c80   0x00028c80   0x000000bc   Code   RO         1645    i.data_length_update  nrf_ble_gatt.o
    0x00028d3c   0x00028d3c   0x00000080   Code   RO         1257    i.db_update_pending_handle  gatt_cache_manager.o
    0x00028dbc   0x00028dbc   0x00000080   Code   RO         4519    i.delete_execute    fds.o
    0x00028e3c   0x00028e3c   0x00000098   Code   RO         4042    i.detection_delay_timeout_handler  app_button.o
    0x00028ed4   0x00028ed4   0x00000014   Code   RO         5889    i.dropped_sat16_get  nrf_log_frontend.o
    0x00028ee8   0x00028ee8   0x00000040   Code   RO         4267    i.elapsed_ticks_acquire  app_timer.o
    0x00028f28   0x00028f28   0x0000000a   Code   RO         2564    i.encryption_failure  security_dispatcher.o
    0x00028f32   0x00028f32   0x00000002   PAD
    0x00028f34   0x00028f34   0x0000004c   Code   RO         5356    i.erase             nrf_fstorage_sd.o
    0x00028f80   0x00028f80   0x00000074   Code   RO         4520    i.event_prepare     fds.o
    0x00028ff4   0x00028ff4   0x00000020   Code   RO         4521    i.event_send        fds.o
    0x00029014   0x00029014   0x00000054   Code   RO         5357    i.event_send        nrf_fstorage_sd.o
    0x00029068   0x00029068   0x00000074   Code   RO         2694    i.events_send_from_err_code  security_manager.o
    0x000290dc   0x000290dc   0x0000001c   Code   RO         1258    i.evt_send          gatt_cache_manager.o
    0x000290f8   0x000290f8   0x0000002c   Code   RO         2186    i.evt_send          peer_manager.o
    0x00029124   0x00029124   0x0000001c   Code   RO         2565    i.evt_send          security_dispatcher.o
    0x00029140   0x00029140   0x0000000c   Code   RO         2695    i.evt_send          security_manager.o
    0x0002914c   0x0002914c   0x00000002   Code   RO           11    i.fds_evt_handler   main.o
    0x0002914e   0x0002914e   0x00000002   PAD
    0x00029150   0x00029150   0x000000cc   Code   RO         1788    i.fds_evt_handler   peer_data_storage.o
    0x0002921c   0x0002921c   0x00000044   Code   RO         4523    i.fds_file_delete   fds.o
    0x00029260   0x00029260   0x0000003c   Code   RO         4524    i.fds_gc            fds.o
    0x0002929c   0x0002929c   0x000000d0   Code   RO         4525    i.fds_init          fds.o
    0x0002936c   0x0002936c   0x00000040   Code   RO         4526    i.fds_record_close  fds.o
    0x000293ac   0x000293ac   0x0000000e   Code   RO         4528    i.fds_record_find   fds.o
    0x000293ba   0x000293ba   0x00000010   Code   RO         4529    i.fds_record_find_by_key  fds.o
    0x000293ca   0x000293ca   0x00000010   Code   RO         4530    i.fds_record_find_in_file  fds.o
    0x000293da   0x000293da   0x00000010   Code   RO         4531    i.fds_record_id_from_desc  fds.o
    0x000293ea   0x000293ea   0x00000002   PAD
    0x000293ec   0x000293ec   0x00000048   Code   RO         4533    i.fds_record_open   fds.o
    0x00029434   0x00029434   0x0000000e   Code   RO         4534    i.fds_record_update  fds.o
    0x00029442   0x00029442   0x00000008   Code   RO         4535    i.fds_record_write  fds.o
    0x0002944a   0x0002944a   0x0000000c   Code   RO         4536    i.fds_record_write_reserved  fds.o
    0x00029456   0x00029456   0x00000002   PAD
    0x00029458   0x00029458   0x0000002c   Code   RO         4537    i.fds_register      fds.o
    0x00029484   0x00029484   0x00000030   Code   RO         4538    i.fds_reserve       fds.o
    0x000294b4   0x000294b4   0x00000048   Code   RO         4539    i.fds_reserve_cancel  fds.o
    0x000294fc   0x000294fc   0x00000014   Code   RO         1789    i.file_id_within_pm_range  peer_data_storage.o
    0x00029510   0x00029510   0x00000012   Code   RO         2566    i.flag_id_init      security_dispatcher.o
    0x00029522   0x00029522   0x00000012   Code   RO         2696    i.flag_id_init      security_manager.o
    0x00029534   0x00029534   0x00000028   Code   RO          877    i.flags_set         ble_advertising.o
    0x0002955c   0x0002955c   0x00000054   Code   RO         2697    i.flags_set_from_err_code  security_manager.o
    0x000295b0   0x000295b0   0x00000030   Code   RO         1053    i.for_each_set_flag  ble_conn_state.o
    0x000295e0   0x000295e0   0x00000006   Code   RO         4541    i.fs_event_handler  fds.o
    0x000295e6   0x000295e6   0x00000002   PAD
    0x000295e8   0x000295e8   0x0000006c   Code   RO           12    i.gap_params_init   main.o
    0x00029654   0x00029654   0x00000068   Code   RO           13    i.gatt_evt_handler  main.o
    0x000296bc   0x000296bc   0x0000007c   Code   RO         4542    i.gc_execute        fds.o
    0x00029738   0x00029738   0x0000004c   Code   RO         4543    i.gc_next_page      fds.o
    0x00029784   0x00029784   0x00000040   Code   RO         4544    i.gc_page_erase     fds.o
    0x000297c4   0x000297c4   0x00000034   Code   RO         4545    i.gc_record_copy    fds.o
    0x000297f8   0x000297f8   0x00000024   Code   RO         4546    i.gc_record_find_next  fds.o
    0x0002981c   0x0002981c   0x00000088   Code   RO         4547    i.gc_state_advance  fds.o
    0x000298a4   0x000298a4   0x0000009c   Code   RO         1259    i.gcm_ble_evt_handler  gatt_cache_manager.o
    0x00029940   0x00029940   0x00000030   Code   RO         1260    i.gcm_im_evt_handler  gatt_cache_manager.o
    0x00029970   0x00029970   0x00000050   Code   RO         1261    i.gcm_init          gatt_cache_manager.o
    0x000299c0   0x000299c0   0x00000078   Code   RO         1264    i.gcm_pdb_evt_handler  gatt_cache_manager.o
    0x00029a38   0x00029a38   0x00000038   Code   RO         1459    i.get_connection_by_conn_handle  id_manager.o
    0x00029a70   0x00029a70   0x00000030   Code   RO         1460    i.get_free_connection  id_manager.o
    0x00029aa0   0x00029aa0   0x00000084   Code   RO         4043    i.gpiote_event_handler  app_button.o
    0x00029b24   0x00029b24   0x0000001c   Code   RO         1381    i.gscm_db_change_notification_done  gatts_cache_manager.o
    0x00029b40   0x00029b40   0x00000014   Code   RO         1382    i.gscm_init         gatts_cache_manager.o
    0x00029b54   0x00029b54   0x0000006a   Code   RO         1384    i.gscm_local_db_cache_apply  gatts_cache_manager.o
    0x00029bbe   0x00029bbe   0x00000082   Code   RO         1385    i.gscm_local_db_cache_update  gatts_cache_manager.o
    0x00029c40   0x00029c40   0x00000018   Code   RO         1386    i.gscm_pdb_evt_handler  gatts_cache_manager.o
    0x00029c58   0x00029c58   0x0000001e   Code   RO         1387    i.gscm_service_changed_ind_needed  gatts_cache_manager.o
    0x00029c76   0x00029c76   0x00000002   PAD
    0x00029c78   0x00029c78   0x00000038   Code   RO         1388    i.gscm_service_changed_ind_send  gatts_cache_manager.o
    0x00029cb0   0x00029cb0   0x00000026   Code   RO         4548    i.header_check      fds.o
    0x00029cd6   0x00029cd6   0x00000012   Code   RO         4549    i.header_has_next   fds.o
    0x00029ce8   0x00029ce8   0x00000058   Code   RO           14    i.heart_rate_meas_timeout_handler  main.o
    0x00029d40   0x00029d40   0x000000c2   Code   RO         2944    i.heart_rate_measurement_char_add  ble_hrs.o
    0x00029e02   0x00029e02   0x00000002   PAD
    0x00029e04   0x00029e04   0x00000098   Code   RO         2945    i.hrm_encode        ble_hrs.o
    0x00029e9c   0x00029e9c   0x00000046   Code   RO         1461    i.im_address_resolve  id_manager.o
    0x00029ee2   0x00029ee2   0x00000002   PAD
    0x00029ee4   0x00029ee4   0x00000030   Code   RO         1462    i.im_ble_addr_get   id_manager.o
    0x00029f14   0x00029f14   0x000000c8   Code   RO         1463    i.im_ble_evt_handler  id_manager.o
    0x00029fdc   0x00029fdc   0x0000002c   Code   RO         1464    i.im_conn_handle_get  id_manager.o
    0x0002a008   0x0002a008   0x00000038   Code   RO         1466    i.im_find_duplicate_bonding_data  id_manager.o
    0x0002a040   0x0002a040   0x00000040   Code   RO         1469    i.im_init           id_manager.o
    0x0002a080   0x0002a080   0x00000072   Code   RO         1470    i.im_is_duplicate_bonding_data  id_manager.o
    0x0002a0f2   0x0002a0f2   0x00000018   Code   RO         1471    i.im_master_id_is_valid  id_manager.o
    0x0002a10a   0x0002a10a   0x0000002a   Code   RO         1472    i.im_master_ids_compare  id_manager.o
    0x0002a134   0x0002a134   0x00000004   Code   RO         1473    i.im_new_peer_id    id_manager.o
    0x0002a138   0x0002a138   0x00000026   Code   RO         1474    i.im_peer_free      id_manager.o
    0x0002a15e   0x0002a15e   0x00000002   PAD
    0x0002a160   0x0002a160   0x00000020   Code   RO         1475    i.im_peer_id_get_by_conn_handle  id_manager.o
    0x0002a180   0x0002a180   0x0000003c   Code   RO         1476    i.im_peer_id_get_by_master_id  id_manager.o
    0x0002a1bc   0x0002a1bc   0x00000034   Code   RO         5358    i.init              nrf_fstorage_sd.o
    0x0002a1f0   0x0002a1f0   0x000000c8   Code   RO         4550    i.init_execute      fds.o
    0x0002a2b8   0x0002a2b8   0x00000014   Code   RO          966    i.instance_get      ble_conn_params.o
    0x0002a2cc   0x0002a2cc   0x000000a6   Code   RO         5233    i.int_print         nrf_fprintf_format.o
    0x0002a372   0x0002a372   0x00000002   PAD
    0x0002a374   0x0002a374   0x00000080   Code   RO         3887    i.interrupts_enable  nrfx_uarte.o
    0x0002a3f4   0x0002a3f4   0x0000004c   Code   RO         5890    i.invalid_packets_pushed_str_omit  nrf_log_frontend.o
    0x0002a440   0x0002a440   0x00000010   Code   RO         5359    i.is_busy           nrf_fstorage_sd.o
    0x0002a450   0x0002a450   0x00000044   Code   RO          967    i.is_conn_params_ok  ble_conn_params.o
    0x0002a494   0x0002a494   0x00000014   Code   RO         1481    i.is_valid_irk      id_manager.o
    0x0002a4a8   0x0002a4a8   0x0000000c   Code   RO         4551    i.is_word_aligned   fds.o
    0x0002a4b4   0x0002a4b4   0x00000030   Code   RO          610    i.leds_off          bsp.o
    0x0002a4e4   0x0002a4e4   0x00000014   Code   RO          611    i.leds_timer_handler  bsp.o
    0x0002a4f8   0x0002a4f8   0x00000018   Code   RO         1646    i.link_init         nrf_ble_gatt.o
    0x0002a510   0x0002a510   0x000000b8   Code   RO         2698    i.link_secure       security_manager.o
    0x0002a5c8   0x0002a5c8   0x0000008c   Code   RO         2567    i.link_secure_failure  security_dispatcher.o
    0x0002a654   0x0002a654   0x0000002c   Code   RO         2699    i.link_secure_pending_handle  security_manager.o
    0x0002a680   0x0002a680   0x000000f8   Code   RO         4268    i.list_insertions_handler  app_timer.o
    0x0002a778   0x0002a778   0x00000068   Code   RO         1265    i.local_db_apply_in_evt  gatt_cache_manager.o
    0x0002a7e0   0x0002a7e0   0x00000010   Code   RO         1266    i.local_db_update   gatt_cache_manager.o
    0x0002a7f0   0x0002a7f0   0x00000032   Code   RO         2508    i.lock_by_mask      pm_mutex.o
    0x0002a822   0x0002a822   0x00000002   PAD
    0x0002a824   0x0002a824   0x0000009c   Code   RO         5891    i.log_skip          nrf_log_frontend.o
    0x0002a8c0   0x0002a8c0   0x00000194   Code   RO           15    i.main              main.o
    0x0002aa54   0x0002aa54   0x00000064   Code   RO          770    i.manuf_specific_data_encode  ble_advdata.o
    0x0002aab8   0x0002aab8   0x00000076   Code   RO         5471    i.memobj_op         nrf_memobj.o
    0x0002ab2e   0x0002ab2e   0x00000002   PAD
    0x0002ab30   0x0002ab30   0x00000030   Code   RO         5892    i.module_idx_get    nrf_log_frontend.o
    0x0002ab60   0x0002ab60   0x0000009c   Code   RO          771    i.name_encode       ble_advdata.o
    0x0002abfc   0x0002abfc   0x00000058   Code   RO         1482    i.new_connection    id_manager.o
    0x0002ac54   0x0002ac54   0x00000014   Code   RO         2700    i.new_context_get   security_manager.o
    0x0002ac68   0x0002ac68   0x00000030   Code   RO         2096    i.next_id_get       peer_id.o
    0x0002ac98   0x0002ac98   0x00000010   Code   RO         4886    i.nrf_atfifo_clear  nrf_atfifo.o
    0x0002aca8   0x0002aca8   0x00000026   Code   RO         4888    i.nrf_atfifo_init   nrf_atfifo.o
    0x0002acce   0x0002acce   0x00000016   Code   RO         4889    i.nrf_atfifo_item_alloc  nrf_atfifo.o
    0x0002ace4   0x0002ace4   0x00000016   Code   RO         4890    i.nrf_atfifo_item_free  nrf_atfifo.o
    0x0002acfa   0x0002acfa   0x00000016   Code   RO         4891    i.nrf_atfifo_item_get  nrf_atfifo.o
    0x0002ad10   0x0002ad10   0x00000016   Code   RO         4892    i.nrf_atfifo_item_put  nrf_atfifo.o
    0x0002ad26   0x0002ad26   0x00000016   Code   RO         4954    i.nrf_atflags_clear  nrf_atflags.o
    0x0002ad3c   0x0002ad3c   0x00000020   Code   RO         4956    i.nrf_atflags_fetch_set  nrf_atflags.o
    0x0002ad5c   0x0002ad5c   0x0000004a   Code   RO         4958    i.nrf_atflags_find_and_set_flag  nrf_atflags.o
    0x0002ada6   0x0002ada6   0x00000016   Code   RO         4959    i.nrf_atflags_get   nrf_atflags.o
    0x0002adbc   0x0002adbc   0x00000014   Code   RO         4961    i.nrf_atflags_set   nrf_atflags.o
    0x0002add0   0x0002add0   0x00000006   Code   RO         5022    i.nrf_atomic_flag_clear_fetch  nrf_atomic.o
    0x0002add6   0x0002add6   0x00000006   Code   RO         5023    i.nrf_atomic_flag_set  nrf_atomic.o
    0x0002addc   0x0002addc   0x00000006   Code   RO         5024    i.nrf_atomic_flag_set_fetch  nrf_atomic.o
    0x0002ade2   0x0002ade2   0x0000000c   Code   RO         5025    i.nrf_atomic_u32_add  nrf_atomic.o
    0x0002adee   0x0002adee   0x0000000c   Code   RO         5026    i.nrf_atomic_u32_and  nrf_atomic.o
    0x0002adfa   0x0002adfa   0x0000000a   Code   RO         5028    i.nrf_atomic_u32_fetch_add  nrf_atomic.o
    0x0002ae04   0x0002ae04   0x0000000a   Code   RO         5029    i.nrf_atomic_u32_fetch_and  nrf_atomic.o
    0x0002ae0e   0x0002ae0e   0x0000000a   Code   RO         5030    i.nrf_atomic_u32_fetch_or  nrf_atomic.o
    0x0002ae18   0x0002ae18   0x0000000a   Code   RO         5031    i.nrf_atomic_u32_fetch_store  nrf_atomic.o
    0x0002ae22   0x0002ae22   0x0000000c   Code   RO         5035    i.nrf_atomic_u32_or  nrf_atomic.o
    0x0002ae2e   0x0002ae2e   0x0000000c   Code   RO         5037    i.nrf_atomic_u32_sub  nrf_atomic.o
    0x0002ae3a   0x0002ae3a   0x00000044   Code   RO         5156    i.nrf_balloc_alloc  nrf_balloc.o
    0x0002ae7e   0x0002ae7e   0x00000030   Code   RO         5157    i.nrf_balloc_free   nrf_balloc.o
    0x0002aeae   0x0002aeae   0x00000030   Code   RO         5158    i.nrf_balloc_init   nrf_balloc.o
    0x0002aede   0x0002aede   0x00000010   Code   RO         3352    i.nrf_bitmask_bit_is_set  nrfx_gpiote.o
    0x0002aeee   0x0002aeee   0x00000014   Code   RO         3353    i.nrf_bitmask_bit_set  nrfx_gpiote.o
    0x0002af02   0x0002af02   0x00000022   Code   RO         1652    i.nrf_ble_gatt_init  nrf_ble_gatt.o
    0x0002af24   0x0002af24   0x00000148   Code   RO         1653    i.nrf_ble_gatt_on_ble_evt  nrf_ble_gatt.o
    0x0002b06c   0x0002b06c   0x00000016   Code   RO         1747    i.nrf_ble_qwr_conn_handle_assign  nrf_ble_qwr.o
    0x0002b082   0x0002b082   0x00000024   Code   RO         1748    i.nrf_ble_qwr_init  nrf_ble_qwr.o
    0x0002b0a6   0x0002b0a6   0x000000b6   Code   RO         1749    i.nrf_ble_qwr_on_ble_evt  nrf_ble_qwr.o
    0x0002b15c   0x0002b15c   0x0000000e   Code   RO         3217    i.nrf_clock_event_check  nrfx_clock.o
    0x0002b16a   0x0002b16a   0x00000010   Code   RO         3218    i.nrf_clock_event_clear  nrfx_clock.o
    0x0002b17a   0x0002b17a   0x00000002   PAD
    0x0002b17c   0x0002b17c   0x00000038   Code   RO         3029    i.nrf_drv_clock_init  nrf_drv_clock.o
    0x0002b1b4   0x0002b1b4   0x00000030   Code   RO         3033    i.nrf_drv_clock_lfclk_release  nrf_drv_clock.o
    0x0002b1e4   0x0002b1e4   0x00000068   Code   RO         3164    i.nrf_drv_uart_init  nrf_drv_uart.o
    0x0002b24c   0x0002b24c   0x0000001a   Code   RO         5193    i.nrf_fprintf       nrf_fprintf.o
    0x0002b266   0x0002b266   0x00000018   Code   RO         5194    i.nrf_fprintf_buffer_flush  nrf_fprintf.o
    0x0002b27e   0x0002b27e   0x000001da   Code   RO         5234    i.nrf_fprintf_fmt   nrf_fprintf_format.o
    0x0002b458   0x0002b458   0x0000012c   Code   RO         5274    i.nrf_fstorage_erase  nrf_fstorage.o
    0x0002b584   0x0002b584   0x00000088   Code   RO         5275    i.nrf_fstorage_init  nrf_fstorage.o
    0x0002b60c   0x0002b60c   0x00000050   Code   RO         5276    i.nrf_fstorage_is_busy  nrf_fstorage.o
    0x0002b65c   0x0002b65c   0x00000018   Code   RO         5360    i.nrf_fstorage_sdh_req_handler  nrf_fstorage_sd.o
    0x0002b674   0x0002b674   0x00000020   Code   RO         5361    i.nrf_fstorage_sdh_state_handler  nrf_fstorage_sd.o
    0x0002b694   0x0002b694   0x000000a4   Code   RO         5362    i.nrf_fstorage_sys_evt_handler  nrf_fstorage_sd.o
    0x0002b738   0x0002b738   0x000001d4   Code   RO         5281    i.nrf_fstorage_write  nrf_fstorage.o
    0x0002b90c   0x0002b90c   0x00000024   Code   RO          477    i.nrf_gpio_cfg      boards.o
    0x0002b930   0x0002b930   0x00000024   Code   RO         3354    i.nrf_gpio_cfg      nrfx_gpiote.o
    0x0002b954   0x0002b954   0x00000024   Code   RO         3699    i.nrf_gpio_cfg      nrfx_uart.o
    0x0002b978   0x0002b978   0x00000024   Code   RO         3888    i.nrf_gpio_cfg      nrfx_uarte.o
    0x0002b99c   0x0002b99c   0x00000012   Code   RO         3700    i.nrf_gpio_cfg_default  nrfx_uart.o
    0x0002b9ae   0x0002b9ae   0x00000012   Code   RO         3889    i.nrf_gpio_cfg_default  nrfx_uarte.o
    0x0002b9c0   0x0002b9c0   0x00000012   Code   RO         3701    i.nrf_gpio_cfg_input  nrfx_uart.o
    0x0002b9d2   0x0002b9d2   0x00000012   Code   RO         3890    i.nrf_gpio_cfg_input  nrfx_uarte.o
    0x0002b9e4   0x0002b9e4   0x00000014   Code   RO         3702    i.nrf_gpio_cfg_output  nrfx_uart.o
    0x0002b9f8   0x0002b9f8   0x00000014   Code   RO         3891    i.nrf_gpio_cfg_output  nrfx_uarte.o
    0x0002ba0c   0x0002ba0c   0x00000022   Code   RO         3356    i.nrf_gpio_cfg_sense_set  nrfx_gpiote.o
    0x0002ba2e   0x0002ba2e   0x00000016   Code   RO          478    i.nrf_gpio_pin_write  boards.o
    0x0002ba44   0x0002ba44   0x00000028   Code   RO         3357    i.nrf_gpio_ports_read  nrfx_gpiote.o
    0x0002ba6c   0x0002ba6c   0x00000014   Code   RO         3358    i.nrf_gpiote_event_clear  nrfx_gpiote.o
    0x0002ba80   0x0002ba80   0x00000010   Code   RO         3359    i.nrf_gpiote_event_is_set  nrfx_gpiote.o
    0x0002ba90   0x0002ba90   0x00000050   Code   RO         5893    i.nrf_log_backend_add  nrf_log_frontend.o
    0x0002bae0   0x0002bae0   0x000000c8   Code   RO         5734    i.nrf_log_backend_serial_put  nrf_log_backend_serial.o
    0x0002bba8   0x0002bba8   0x00000002   Code   RO         5774    i.nrf_log_backend_uart_flush  nrf_log_backend_uart.o
    0x0002bbaa   0x0002bbaa   0x00000006   Code   RO         5775    i.nrf_log_backend_uart_init  nrf_log_backend_uart.o
    0x0002bbb0   0x0002bbb0   0x0000002c   Code   RO         5776    i.nrf_log_backend_uart_panic_set  nrf_log_backend_uart.o
    0x0002bbdc   0x0002bbdc   0x00000018   Code   RO         5777    i.nrf_log_backend_uart_put  nrf_log_backend_uart.o
    0x0002bbf4   0x0002bbf4   0x00000030   Code   RO         5895    i.nrf_log_color_id_get  nrf_log_frontend.o
    0x0002bc24   0x0002bc24   0x0000001c   Code   RO         5853    i.nrf_log_default_backends_init  nrf_log_default_backends.o
    0x0002bc40   0x0002bc40   0x00000220   Code   RO         5896    i.nrf_log_frontend_dequeue  nrf_log_frontend.o
    0x0002be60   0x0002be60   0x00000008   Code   RO         5898    i.nrf_log_frontend_std_0  nrf_log_frontend.o
    0x0002be68   0x0002be68   0x0000000e   Code   RO         5899    i.nrf_log_frontend_std_1  nrf_log_frontend.o
    0x0002be76   0x0002be76   0x00000010   Code   RO         5900    i.nrf_log_frontend_std_2  nrf_log_frontend.o
    0x0002be86   0x0002be86   0x00000012   Code   RO         5901    i.nrf_log_frontend_std_3  nrf_log_frontend.o
    0x0002be98   0x0002be98   0x000000ac   Code   RO         6073    i.nrf_log_hexdump_entry_process  nrf_log_str_formatter.o
    0x0002bf44   0x0002bf44   0x00000058   Code   RO         5905    i.nrf_log_init      nrf_log_frontend.o
    0x0002bf9c   0x0002bf9c   0x00000014   Code   RO         5906    i.nrf_log_module_cnt_get  nrf_log_frontend.o
    0x0002bfb0   0x0002bfb0   0x0000001c   Code   RO         5909    i.nrf_log_module_name_get  nrf_log_frontend.o
    0x0002bfcc   0x0002bfcc   0x00000028   Code   RO         5910    i.nrf_log_panic     nrf_log_frontend.o
    0x0002bff4   0x0002bff4   0x000000b6   Code   RO         6074    i.nrf_log_std_entry_process  nrf_log_str_formatter.o
    0x0002c0aa   0x0002c0aa   0x00000060   Code   RO         5472    i.nrf_memobj_alloc  nrf_memobj.o
    0x0002c10a   0x0002c10a   0x00000032   Code   RO         5473    i.nrf_memobj_free   nrf_memobj.o
    0x0002c13c   0x0002c13c   0x00000008   Code   RO         5474    i.nrf_memobj_get    nrf_memobj.o
    0x0002c144   0x0002c144   0x00000004   Code   RO         5475    i.nrf_memobj_pool_init  nrf_memobj.o
    0x0002c148   0x0002c148   0x0000001e   Code   RO         5476    i.nrf_memobj_put    nrf_memobj.o
    0x0002c166   0x0002c166   0x0000000c   Code   RO         5477    i.nrf_memobj_read   nrf_memobj.o
    0x0002c172   0x0002c172   0x0000000c   Code   RO         5478    i.nrf_memobj_write  nrf_memobj.o
    0x0002c17e   0x0002c17e   0x00000002   PAD
    0x0002c180   0x0002c180   0x00000028   Code   RO         5550    i.nrf_pwr_mgmt_init  nrf_pwr_mgmt.o
    0x0002c1a8   0x0002c1a8   0x00000044   Code   RO         5551    i.nrf_pwr_mgmt_run  nrf_pwr_mgmt.o
    0x0002c1ec   0x0002c1ec   0x00000004   Code   RO           16    i.nrf_qwr_error_handler  main.o
    0x0002c1f0   0x0002c1f0   0x00000014   Code   RO         6618    i.nrf_sdh_ble_app_ram_start_get  nrf_sdh_ble.o
    0x0002c204   0x0002c204   0x00000158   Code   RO         6619    i.nrf_sdh_ble_default_cfg_set  nrf_sdh_ble.o
    0x0002c35c   0x0002c35c   0x0000012c   Code   RO         6620    i.nrf_sdh_ble_enable  nrf_sdh_ble.o
    0x0002c488   0x0002c488   0x00000060   Code   RO         6621    i.nrf_sdh_ble_evts_poll  nrf_sdh_ble.o
    0x0002c4e8   0x0002c4e8   0x00000054   Code   RO         6490    i.nrf_sdh_disable_request  nrf_sdh.o
    0x0002c53c   0x0002c53c   0x00000090   Code   RO         6491    i.nrf_sdh_enable_request  nrf_sdh.o
    0x0002c5cc   0x0002c5cc   0x00000024   Code   RO         6492    i.nrf_sdh_evts_poll  nrf_sdh.o
    0x0002c5f0   0x0002c5f0   0x0000000c   Code   RO         6493    i.nrf_sdh_is_enabled  nrf_sdh.o
    0x0002c5fc   0x0002c5fc   0x0000001c   Code   RO         6495    i.nrf_sdh_request_continue  nrf_sdh.o
    0x0002c618   0x0002c618   0x0000003c   Code   RO         6669    i.nrf_sdh_soc_evts_poll  nrf_sdh_soc.o
    0x0002c654   0x0002c654   0x0000000a   Code   RO         5619    i.nrf_section_iter_init  nrf_section_iter.o
    0x0002c65e   0x0002c65e   0x00000024   Code   RO         5620    i.nrf_section_iter_item_set  nrf_section_iter.o
    0x0002c682   0x0002c682   0x00000020   Code   RO         5621    i.nrf_section_iter_next  nrf_section_iter.o
    0x0002c6a2   0x0002c6a2   0x00000002   PAD
    0x0002c6a4   0x0002c6a4   0x00000038   Code   RO         5654    i.nrf_strerror_find  nrf_strerror.o
    0x0002c6dc   0x0002c6dc   0x00000014   Code   RO         5655    i.nrf_strerror_get  nrf_strerror.o
    0x0002c6f0   0x0002c6f0   0x0000000a   Code   RO         3703    i.nrf_uart_event_check  nrfx_uart.o
    0x0002c6fa   0x0002c6fa   0x0000000c   Code   RO         3704    i.nrf_uart_event_clear  nrfx_uart.o
    0x0002c706   0x0002c706   0x0000000c   Code   RO         3705    i.nrf_uart_int_enable_check  nrfx_uart.o
    0x0002c712   0x0002c712   0x0000000a   Code   RO         3892    i.nrf_uarte_event_check  nrfx_uarte.o
    0x0002c71c   0x0002c71c   0x0000000c   Code   RO         3893    i.nrf_uarte_event_clear  nrfx_uarte.o
    0x0002c728   0x0002c728   0x0000002c   Code   RO         3223    i.nrfx_clock_enable  nrfx_clock.o
    0x0002c754   0x0002c754   0x00000020   Code   RO         3226    i.nrfx_clock_init   nrfx_clock.o
    0x0002c774   0x0002c774   0x0000001c   Code   RO         3229    i.nrfx_clock_lfclk_stop  nrfx_clock.o
    0x0002c790   0x0002c790   0x00000010   Code   RO         4269    i.nrfx_coredep_delay_us  app_timer.o
    0x0002c7a0   0x0002c7a0   0x000000a4   Code   RO         3364    i.nrfx_gpiote_in_event_enable  nrfx_gpiote.o
    0x0002c844   0x0002c844   0x000000d0   Code   RO         3365    i.nrfx_gpiote_in_init  nrfx_gpiote.o
    0x0002c914   0x0002c914   0x00000014   Code   RO         3366    i.nrfx_gpiote_in_is_set  nrfx_gpiote.o
    0x0002c928   0x0002c928   0x00000070   Code   RO         3368    i.nrfx_gpiote_init  nrfx_gpiote.o
    0x0002c998   0x0002c998   0x00000014   Code   RO         3369    i.nrfx_gpiote_is_init  nrfx_gpiote.o
    0x0002c9ac   0x0002c9ac   0x00000010   Code   RO         3894    i.nrfx_is_in_ram    nrfx_uarte.o
    0x0002c9bc   0x0002c9bc   0x0000003a   Code   RO         3648    i.nrfx_prs_acquire  nrfx_prs.o
    0x0002c9f6   0x0002c9f6   0x00000012   Code   RO         3649    i.nrfx_prs_release  nrfx_prs.o
    0x0002ca08   0x0002ca08   0x00000010   Code   RO         3706    i.nrfx_uart_0_irq_handler  nrfx_uart.o
    0x0002ca18   0x0002ca18   0x000000d4   Code   RO         3708    i.nrfx_uart_init    nrfx_uart.o
    0x0002caec   0x0002caec   0x000000a4   Code   RO         3714    i.nrfx_uart_tx      nrfx_uart.o
    0x0002cb90   0x0002cb90   0x00000020   Code   RO         3716    i.nrfx_uart_tx_in_progress  nrfx_uart.o
    0x0002cbb0   0x0002cbb0   0x000000b4   Code   RO         3717    i.nrfx_uart_uninit  nrfx_uart.o
    0x0002cc64   0x0002cc64   0x00000010   Code   RO         3895    i.nrfx_uarte_0_irq_handler  nrfx_uarte.o
    0x0002cc74   0x0002cc74   0x0000006c   Code   RO         3897    i.nrfx_uarte_init   nrfx_uarte.o
    0x0002cce0   0x0002cce0   0x00000090   Code   RO         3901    i.nrfx_uarte_tx     nrfx_uarte.o
    0x0002cd70   0x0002cd70   0x0000001c   Code   RO         3903    i.nrfx_uarte_tx_in_progress  nrfx_uarte.o
    0x0002cd8c   0x0002cd8c   0x000000b0   Code   RO         3904    i.nrfx_uarte_uninit  nrfx_uarte.o
    0x0002ce3c   0x0002ce3c   0x0000004c   Code   RO           17    i.on_adv_evt        main.o
    0x0002ce88   0x0002ce88   0x0000001c   Code   RO           18    i.on_conn_params_evt  main.o
    0x0002cea4   0x0002cea4   0x000000a0   Code   RO         1654    i.on_connected_evt  nrf_ble_gatt.o
    0x0002cf44   0x0002cf44   0x000000a4   Code   RO         1655    i.on_exchange_mtu_request_evt  nrf_ble_gatt.o
    0x0002cfe8   0x0002cfe8   0x00000024   Code   RO         4552    i.page_identify     fds.o
    0x0002d00c   0x0002d00c   0x0000001c   Code   RO         4553    i.page_offsets_update  fds.o
    0x0002d028   0x0002d028   0x0000006c   Code   RO         4554    i.page_scan         fds.o
    0x0002d094   0x0002d094   0x0000001c   Code   RO         4555    i.page_tag_write_data  fds.o
    0x0002d0b0   0x0002d0b0   0x00000024   Code   RO         4556    i.page_tag_write_swap  fds.o
    0x0002d0d4   0x0002d0d4   0x0000011c   Code   RO         4557    i.pages_init        fds.o
    0x0002d1f0   0x0002d1f0   0x0000000c   Code   RO         2568    i.pairing           security_dispatcher.o
    0x0002d1fc   0x0002d1fc   0x00000006   Code   RO         2701    i.params_reply_pending_handle  security_manager.o
    0x0002d202   0x0002d202   0x00000028   Code   RO         2702    i.params_req_send   security_manager.o
    0x0002d22a   0x0002d22a   0x00000002   PAD
    0x0002d22c   0x0002d22c   0x0000001c   Code   RO         1927    i.pdb_evt_send      peer_database.o
    0x0002d248   0x0002d248   0x0000004c   Code   RO         1928    i.pdb_init          peer_database.o
    0x0002d294   0x0002d294   0x00000004   Code   RO         1930    i.pdb_next_deleted_peer_id_get  peer_database.o
    0x0002d298   0x0002d298   0x00000004   Code   RO         1931    i.pdb_next_peer_id_get  peer_database.o
    0x0002d29c   0x0002d29c   0x00000074   Code   RO         1932    i.pdb_pds_evt_handler  peer_database.o
    0x0002d310   0x0002d310   0x00000004   Code   RO         1933    i.pdb_peer_allocate  peer_database.o
    0x0002d314   0x0002d314   0x00000010   Code   RO         1934    i.pdb_peer_data_load  peer_database.o
    0x0002d324   0x0002d324   0x00000006   Code   RO         1935    i.pdb_peer_data_ptr_get  peer_database.o
    0x0002d32a   0x0002d32a   0x00000044   Code   RO         1936    i.pdb_peer_free     peer_database.o
    0x0002d36e   0x0002d36e   0x00000008   Code   RO         1937    i.pdb_raw_store     peer_database.o
    0x0002d376   0x0002d376   0x00000002   PAD
    0x0002d378   0x0002d378   0x000000c4   Code   RO         1938    i.pdb_write_buf_get  peer_database.o
    0x0002d43c   0x0002d43c   0x00000028   Code   RO         1939    i.pdb_write_buf_release  peer_database.o
    0x0002d464   0x0002d464   0x00000028   Code   RO         1940    i.pdb_write_buf_store  peer_database.o
    0x0002d48c   0x0002d48c   0x00000068   Code   RO         1941    i.pdb_write_buf_store_prepare  peer_database.o
    0x0002d4f4   0x0002d4f4   0x00000010   Code   RO         1790    i.pds_evt_send      peer_data_storage.o
    0x0002d504   0x0002d504   0x0000006c   Code   RO         1791    i.pds_init          peer_data_storage.o
    0x0002d570   0x0002d570   0x00000004   Code   RO         1792    i.pds_next_deleted_peer_id_get  peer_data_storage.o
    0x0002d574   0x0002d574   0x00000004   Code   RO         1793    i.pds_next_peer_id_get  peer_data_storage.o
    0x0002d578   0x0002d578   0x00000058   Code   RO         1796    i.pds_peer_data_iterate  peer_data_storage.o
    0x0002d5d0   0x0002d5d0   0x00000010   Code   RO         1797    i.pds_peer_data_iterate_prepare  peer_data_storage.o
    0x0002d5e0   0x0002d5e0   0x00000068   Code   RO         1798    i.pds_peer_data_read  peer_data_storage.o
    0x0002d648   0x0002d648   0x00000096   Code   RO         1799    i.pds_peer_data_store  peer_data_storage.o
    0x0002d6de   0x0002d6de   0x00000008   Code   RO         1800    i.pds_peer_id_allocate  peer_data_storage.o
    0x0002d6e6   0x0002d6e6   0x00000016   Code   RO         1801    i.pds_peer_id_free  peer_data_storage.o
    0x0002d6fc   0x0002d6fc   0x00000004   Code   RO         1802    i.pds_peer_id_is_allocated  peer_data_storage.o
    0x0002d700   0x0002d700   0x0000002e   Code   RO         1803    i.pds_space_reserve  peer_data_storage.o
    0x0002d72e   0x0002d72e   0x00000010   Code   RO         1804    i.pds_space_reserve_cancel  peer_data_storage.o
    0x0002d73e   0x0002d73e   0x00000002   PAD
    0x0002d740   0x0002d740   0x0000000c   Code   RO         2569    i.peer_created      security_dispatcher.o
    0x0002d74c   0x0002d74c   0x00000006   Code   RO         1942    i.peer_data_const_point_to_buffer  peer_database.o
    0x0002d752   0x0002d752   0x00000002   PAD
    0x0002d754   0x0002d754   0x00000078   Code   RO         1805    i.peer_data_delete_process  peer_data_storage.o
    0x0002d7cc   0x0002d7cc   0x00000030   Code   RO         1806    i.peer_data_find    peer_data_storage.o
    0x0002d7fc   0x0002d7fc   0x00000020   Code   RO         1807    i.peer_data_id_is_valid  peer_data_storage.o
    0x0002d81c   0x0002d81c   0x0000001a   Code   RO         1943    i.peer_data_point_to_buffer  peer_database.o
    0x0002d836   0x0002d836   0x00000002   PAD
    0x0002d838   0x0002d838   0x0000000c   Code   RO         2097    i.peer_id_allocate  peer_id.o
    0x0002d844   0x0002d844   0x00000024   Code   RO         2098    i.peer_id_delete    peer_id.o
    0x0002d868   0x0002d868   0x0000001c   Code   RO         2099    i.peer_id_free      peer_id.o
    0x0002d884   0x0002d884   0x0000000c   Code   RO         2100    i.peer_id_get_next_deleted  peer_id.o
    0x0002d890   0x0002d890   0x00000030   Code   RO         2101    i.peer_id_get_next_used  peer_id.o
    0x0002d8c0   0x0002d8c0   0x00000028   Code   RO         2102    i.peer_id_init      peer_id.o
    0x0002d8e8   0x0002d8e8   0x00000014   Code   RO         2103    i.peer_id_is_allocated  peer_id.o
    0x0002d8fc   0x0002d8fc   0x00000014   Code   RO         2104    i.peer_id_is_deleted  peer_id.o
    0x0002d910   0x0002d910   0x0000001c   Code   RO         1483    i.peer_id_set       id_manager.o
    0x0002d92c   0x0002d92c   0x0000007c   Code   RO           19    i.peer_manager_init  main.o
    0x0002d9a8   0x0002d9a8   0x00000012   Code   RO          878    i.phy_is_valid      ble_advertising.o
    0x0002d9ba   0x0002d9ba   0x00000002   PAD
    0x0002d9bc   0x0002d9bc   0x00000018   Code   RO         3385    i.pin_in_use_by_port  nrfx_gpiote.o
    0x0002d9d4   0x0002d9d4   0x00000018   Code   RO         3386    i.pin_in_use_by_te  nrfx_gpiote.o
    0x0002d9ec   0x0002d9ec   0x0000005c   Code   RO         2466    i.pm_buffer_block_acquire  pm_buffer.o
    0x0002da48   0x0002da48   0x00000040   Code   RO         2467    i.pm_buffer_init    pm_buffer.o
    0x0002da88   0x0002da88   0x00000028   Code   RO         2468    i.pm_buffer_ptr_get  pm_buffer.o
    0x0002dab0   0x0002dab0   0x0000002e   Code   RO         2469    i.pm_buffer_release  pm_buffer.o
    0x0002dade   0x0002dade   0x0000000a   Code   RO         2189    i.pm_conn_sec_config_reply  peer_manager.o
    0x0002dae8   0x0002dae8   0x000000f0   Code   RO           20    i.pm_evt_handler    main.o
    0x0002dbd8   0x0002dbd8   0x00000004   Code   RO         2194    i.pm_gcm_evt_handler  peer_manager.o
    0x0002dbdc   0x0002dbdc   0x00000004   Code   RO         2197    i.pm_im_evt_handler  peer_manager.o
    0x0002dbe0   0x0002dbe0   0x0000004c   Code   RO         2198    i.pm_init           peer_manager.o
    0x0002dc2c   0x0002dc2c   0x0000000e   Code   RO         2509    i.pm_mutex_init     pm_mutex.o
    0x0002dc3a   0x0002dc3a   0x0000001a   Code   RO         2510    i.pm_mutex_lock     pm_mutex.o
    0x0002dc54   0x0002dc54   0x00000036   Code   RO         2511    i.pm_mutex_lock_first_available  pm_mutex.o
    0x0002dc8a   0x0002dc8a   0x00000018   Code   RO         2512    i.pm_mutex_lock_status_get  pm_mutex.o
    0x0002dca2   0x0002dca2   0x0000003a   Code   RO         2513    i.pm_mutex_unlock   pm_mutex.o
    0x0002dcdc   0x0002dcdc   0x00000118   Code   RO         2202    i.pm_pdb_evt_handler  peer_manager.o
    0x0002ddf4   0x0002ddf4   0x00000014   Code   RO         2213    i.pm_peer_delete    peer_manager.o
    0x0002de08   0x0002de08   0x000000b8   Code   RO         2217    i.pm_peer_ranks_get  peer_manager.o
    0x0002dec0   0x0002dec0   0x00000068   Code   RO         2218    i.pm_peers_delete   peer_manager.o
    0x0002df28   0x0002df28   0x0000002c   Code   RO         2221    i.pm_register       peer_manager.o
    0x0002df54   0x0002df54   0x00000014   Code   RO         2222    i.pm_sec_params_set  peer_manager.o
    0x0002df68   0x0002df68   0x0000000a   Code   RO         2223    i.pm_sm_evt_handler  peer_manager.o
    0x0002df72   0x0002df72   0x00000034   Code   RO         2895    i.pnp_id_encode     ble_dis.o
    0x0002dfa6   0x0002dfa6   0x00000002   PAD
    0x0002dfa8   0x0002dfa8   0x0000003c   Code   RO         6076    i.postfix_process   nrf_log_str_formatter.o
    0x0002dfe4   0x0002dfe4   0x00000098   Code   RO         6077    i.prefix_process    nrf_log_str_formatter.o
    0x0002e07c   0x0002e07c   0x00000018   Code   RO         3650    i.prs_box_get       nrfx_prs.o
    0x0002e094   0x0002e094   0x0000001c   Code   RO         4558    i.queue_buf_get     fds.o
    0x0002e0b0   0x0002e0b0   0x00000010   Code   RO         4559    i.queue_buf_store   fds.o
    0x0002e0c0   0x0002e0c0   0x00000014   Code   RO         5363    i.queue_free        nrf_fstorage_sd.o
    0x0002e0d4   0x0002e0d4   0x000000a0   Code   RO         4560    i.queue_process     fds.o
    0x0002e174   0x0002e174   0x000000a0   Code   RO         5364    i.queue_process     nrf_fstorage_sd.o
    0x0002e214   0x0002e214   0x0000001c   Code   RO         4561    i.queue_start       fds.o
    0x0002e230   0x0002e230   0x00000024   Code   RO         5365    i.queue_start       nrf_fstorage_sd.o
    0x0002e254   0x0002e254   0x00000028   Code   RO         2226    i.rank_vars_update  peer_manager.o
    0x0002e27c   0x0002e27c   0x0000000e   Code   RO         5366    i.read              nrf_fstorage_sd.o
    0x0002e28a   0x0002e28a   0x00000002   PAD
    0x0002e28c   0x0002e28c   0x0000007c   Code   RO         1944    i.reattempt_previous_operations  peer_database.o
    0x0002e308   0x0002e308   0x00000088   Code   RO         4562    i.record_find       fds.o
    0x0002e390   0x0002e390   0x000000a0   Code   RO         4563    i.record_find_by_desc  fds.o
    0x0002e430   0x0002e430   0x0000005c   Code   RO         4564    i.record_find_next  fds.o
    0x0002e48c   0x0002e48c   0x00000038   Code   RO         4565    i.record_header_flag_dirty  fds.o
    0x0002e4c4   0x0002e4c4   0x00000010   Code   RO         2106    i.release           peer_id.o
    0x0002e4d4   0x0002e4d4   0x00000004   Code   RO         5367    i.rmap              nrf_fstorage_sd.o
    0x0002e4d8   0x0002e4d8   0x00000088   Code   RO           21    i.rr_interval_timeout_handler  main.o
    0x0002e560   0x0002e560   0x0000003c   Code   RO         4270    i.rtc1_stop         app_timer.o
    0x0002e59c   0x0002e59c   0x00000032   Code   RO         3718    i.rx_byte           nrfx_uart.o
    0x0002e5ce   0x0002e5ce   0x00000016   Code   RO         3719    i.rx_done_event     nrfx_uart.o
    0x0002e5e4   0x0002e5e4   0x00000018   Code   RO         3905    i.rx_done_event     nrfx_uarte.o
    0x0002e5fc   0x0002e5fc   0x00000024   Code   RO         1267    i.sc_send_pending_handle  gatt_cache_manager.o
    0x0002e620   0x0002e620   0x00000042   Code   RO         6498    i.sd_nvic_SetPriority  nrf_sdh.o
    0x0002e662   0x0002e662   0x00000002   PAD
    0x0002e664   0x0002e664   0x00000050   Code   RO         3036    i.sd_state_evt_handler  nrf_drv_clock.o
    0x0002e6b4   0x0002e6b4   0x00000030   Code   RO         6499    i.sdh_request_observer_notify  nrf_sdh.o
    0x0002e6e4   0x0002e6e4   0x0000002c   Code   RO         6500    i.sdh_state_observer_notify  nrf_sdh.o
    0x0002e710   0x0002e710   0x000000a2   Code   RO         2570    i.sec_info_request_process  security_dispatcher.o
    0x0002e7b2   0x0002e7b2   0x00000002   PAD
    0x0002e7b4   0x0002e7b4   0x0000006c   Code   RO         2571    i.sec_keyset_fill   security_dispatcher.o
    0x0002e820   0x0002e820   0x00000076   Code   RO         2703    i.sec_params_verify  security_manager.o
    0x0002e896   0x0002e896   0x00000002   PAD
    0x0002e898   0x0002e898   0x00000038   Code   RO         2572    i.sec_proc_housekeeping  security_dispatcher.o
    0x0002e8d0   0x0002e8d0   0x00000068   Code   RO         2573    i.sec_proc_start    security_dispatcher.o
    0x0002e938   0x0002e938   0x00000022   Code   RO         2574    i.send_config_req   security_dispatcher.o
    0x0002e95a   0x0002e95a   0x00000002   PAD
    0x0002e95c   0x0002e95c   0x00000010   Code   RO          968    i.send_error_evt    ble_conn_params.o
    0x0002e96c   0x0002e96c   0x00000028   Code   RO         1268    i.send_unexpected_error  gatt_cache_manager.o
    0x0002e994   0x0002e994   0x00000028   Code   RO         2575    i.send_unexpected_error  security_dispatcher.o
    0x0002e9bc   0x0002e9bc   0x00000018   Code   RO           22    i.sensor_contact_detected_timeout_handler  main.o
    0x0002e9d4   0x0002e9d4   0x00000060   Code   RO           23    i.sensor_simulator_init  main.o
    0x0002ea34   0x0002ea34   0x0000001c   Code   RO         5684    i.sensorsim_decrement  sensorsim.o
    0x0002ea50   0x0002ea50   0x0000001c   Code   RO         5685    i.sensorsim_increment  sensorsim.o
    0x0002ea6c   0x0002ea6c   0x00000016   Code   RO         5686    i.sensorsim_init    sensorsim.o
    0x0002ea82   0x0002ea82   0x0000001a   Code   RO         5687    i.sensorsim_measure  sensorsim.o
    0x0002ea9c   0x0002ea9c   0x00000040   Code   RO         5778    i.serial_tx         nrf_log_backend_uart.o
    0x0002eadc   0x0002eadc   0x00000014   Code   RO         1269    i.service_changed_pending_flags_check  gatt_cache_manager.o
    0x0002eaf0   0x0002eaf0   0x00000044   Code   RO         1389    i.service_changed_pending_set  gatts_cache_manager.o
    0x0002eb34   0x0002eb34   0x0000008c   Code   RO         1270    i.service_changed_send_in_evt  gatt_cache_manager.o
    0x0002ebc0   0x0002ebc0   0x00000088   Code   RO          772    i.service_data_encode  ble_advdata.o
    0x0002ec48   0x0002ec48   0x0000015c   Code   RO           24    i.services_init     main.o
    0x0002eda4   0x0002eda4   0x00000028   Code   RO           25    i.sleep_mode_enter  main.o
    0x0002edcc   0x0002edcc   0x00000020   Code   RO         2704    i.sm_ble_evt_handler  security_manager.o
    0x0002edec   0x0002edec   0x00000004   Code   RO         2705    i.sm_conn_sec_config_reply  security_manager.o
    0x0002edf0   0x0002edf0   0x0000004c   Code   RO         2706    i.sm_init           security_manager.o
    0x0002ee3c   0x0002ee3c   0x00000058   Code   RO         2709    i.sm_pdb_evt_handler  security_manager.o
    0x0002ee94   0x0002ee94   0x00000034   Code   RO         2711    i.sm_sec_params_set  security_manager.o
    0x0002eec8   0x0002eec8   0x00000060   Code   RO         2712    i.sm_smd_evt_handler  security_manager.o
    0x0002ef28   0x0002ef28   0x000000f4   Code   RO         2576    i.smd_ble_evt_handler  security_dispatcher.o
    0x0002f01c   0x0002f01c   0x00000010   Code   RO         2577    i.smd_conn_sec_config_reply  security_dispatcher.o
    0x0002f02c   0x0002f02c   0x00000058   Code   RO         2578    i.smd_init          security_dispatcher.o
    0x0002f084   0x0002f084   0x00000022   Code   RO         2579    i.smd_link_secure   security_dispatcher.o
    0x0002f0a6   0x0002f0a6   0x00000002   PAD
    0x0002f0a8   0x0002f0a8   0x000000fc   Code   RO         2580    i.smd_params_reply  security_dispatcher.o
    0x0002f1a4   0x0002f1a4   0x00000040   Code   RO         2713    i.smd_params_reply_perform  security_manager.o
    0x0002f1e4   0x0002f1e4   0x00000018   Code   RO         3037    i.soc_evt_handler   nrf_drv_clock.o
    0x0002f1fc   0x0002f1fc   0x00000038   Code   RO         6501    i.softdevice_evt_irq_disable  nrf_sdh.o
    0x0002f234   0x0002f234   0x00000050   Code   RO         6502    i.softdevices_evt_irq_enable  nrf_sdh.o
    0x0002f284   0x0002f284   0x0000008c   Code   RO         5912    i.std_n             nrf_log_frontend.o
    0x0002f310   0x0002f310   0x00000042   Code   RO         2896    i.sys_id_encode     ble_dis.o
    0x0002f352   0x0002f352   0x00000002   PAD
    0x0002f354   0x0002f354   0x00000080   Code   RO         4271    i.timer_list_handler  app_timer.o
    0x0002f3d4   0x0002f3d4   0x0000003c   Code   RO         4272    i.timer_list_insert  app_timer.o
    0x0002f410   0x0002f410   0x00000060   Code   RO         4273    i.timer_list_remove  app_timer.o
    0x0002f470   0x0002f470   0x00000048   Code   RO         4274    i.timer_stop_op_schedule  app_timer.o
    0x0002f4b8   0x0002f4b8   0x00000074   Code   RO         4275    i.timer_timeouts_check  app_timer.o
    0x0002f52c   0x0002f52c   0x00000070   Code   RO           26    i.timers_init       main.o
    0x0002f59c   0x0002f59c   0x00000020   Code   RO         3721    i.tx_byte           nrfx_uart.o
    0x0002f5bc   0x0002f5bc   0x0000001a   Code   RO         3722    i.tx_done_event     nrfx_uart.o
    0x0002f5d6   0x0002f5d6   0x00000002   PAD
    0x0002f5d8   0x0002f5d8   0x00000030   Code   RO         3165    i.uart_evt_handler  nrf_drv_uart.o
    0x0002f608   0x0002f608   0x0000000c   Code   RO         5779    i.uart_evt_handler  nrf_log_backend_uart.o
    0x0002f614   0x0002f614   0x00000050   Code   RO         5780    i.uart_init         nrf_log_backend_uart.o
    0x0002f664   0x0002f664   0x00000128   Code   RO         3723    i.uart_irq_handler  nrfx_uart.o
    0x0002f78c   0x0002f78c   0x00000030   Code   RO         3166    i.uarte_evt_handler  nrf_drv_uart.o
    0x0002f7bc   0x0002f7bc   0x000000f4   Code   RO         3906    i.uarte_irq_handler  nrfx_uarte.o
    0x0002f8b0   0x0002f8b0   0x0000000a   Code   RO          773    i.uint16_encode     ble_advdata.o
    0x0002f8ba   0x0002f8ba   0x00000002   PAD
    0x0002f8bc   0x0002f8bc   0x00000020   Code   RO         5368    i.uninit            nrf_fstorage_sd.o
    0x0002f8dc   0x0002f8dc   0x000000b4   Code   RO         5235    i.unsigned_print    nrf_fprintf_format.o
    0x0002f990   0x0002f990   0x00000014   Code   RO         1271    i.update_pending_flags_check  gatt_cache_manager.o
    0x0002f9a4   0x0002f9a4   0x00000068   Code   RO          969    i.update_timeout_handler  ble_conn_params.o
    0x0002fa0c   0x0002fa0c   0x00000018   Code   RO          879    i.use_whitelist     ble_advertising.o
    0x0002fa24   0x0002fa24   0x0000000c   Code   RO         1054    i.user_flag_is_acquired  ble_conn_state.o
    0x0002fa30   0x0002fa30   0x00000024   Code   RO         1750    i.user_mem_reply    nrf_ble_qwr.o
    0x0002fa54   0x0002fa54   0x00000030   Code   RO         4276    i.user_op_alloc     app_timer.o
    0x0002fa84   0x0002fa84   0x00000030   Code   RO          774    i.uuid_list_encode  ble_advdata.o
    0x0002fab4   0x0002fab4   0x0000009e   Code   RO          775    i.uuid_list_sized_encode  ble_advdata.o
    0x0002fb52   0x0002fb52   0x0000003a   Code   RO          612    i.wakeup_button_cfg  bsp.o
    0x0002fb8c   0x0002fb8c   0x00000004   Code   RO         5369    i.wmap              nrf_fstorage_sd.o
    0x0002fb90   0x0002fb90   0x00000050   Code   RO         5370    i.write             nrf_fstorage_sd.o
    0x0002fbe0   0x0002fbe0   0x00000024   Code   RO         1945    i.write_buf_length_words_set  peer_database.o
    0x0002fc04   0x0002fc04   0x00000084   Code   RO         1946    i.write_buf_store   peer_database.o
    0x0002fc88   0x0002fc88   0x00000034   Code   RO         1947    i.write_buffer_record_find  peer_database.o
    0x0002fcbc   0x0002fcbc   0x00000028   Code   RO         1948    i.write_buffer_record_find_next  peer_database.o
    0x0002fce4   0x0002fce4   0x0000001e   Code   RO         1949    i.write_buffer_record_invalidate  peer_database.o
    0x0002fd02   0x0002fd02   0x00000002   PAD
    0x0002fd04   0x0002fd04   0x0000002c   Code   RO         1950    i.write_buffer_record_release  peer_database.o
    0x0002fd30   0x0002fd30   0x000000e8   Code   RO         4567    i.write_enqueue     fds.o
    0x0002fe18   0x0002fe18   0x000000f4   Code   RO         4568    i.write_execute     fds.o
    0x0002ff0c   0x0002ff0c   0x00000018   Code   RO         4569    i.write_space_free  fds.o
    0x0002ff24   0x0002ff24   0x0000005c   Code   RO         4570    i.write_space_reserve  fds.o
    0x0002ff80   0x0002ff80   0x00000010   Data   RO           32    .constdata          main.o
    0x0002ff90   0x0002ff90   0x00000008   Data   RO          479    .constdata          boards.o
    0x0002ff98   0x0002ff98   0x0000002c   Data   RO          617    .constdata          bsp.o
    0x0002ffc4   0x0002ffc4   0x00000050   Data   RO         1272    .constdata          gatt_cache_manager.o
    0x00030014   0x00030014   0x00000004   Data   RO         1390    .constdata          gatts_cache_manager.o
    0x00030018   0x00030018   0x00000010   Data   RO         1391    .constdata          gatts_cache_manager.o
    0x00030028   0x00030028   0x00000004   Data   RO         1392    .constdata          gatts_cache_manager.o
    0x0003002c   0x0003002c   0x00000008   Data   RO         1486    .constdata          id_manager.o
    0x00030034   0x00030034   0x00000016   Data   RO         1656    .constdata          nrf_ble_gatt.o
    0x0003004a   0x0003004a   0x00000002   PAD
    0x0003004c   0x0003004c   0x00000018   Data   RO         1808    .constdata          peer_data_storage.o
    0x00030064   0x00030064   0x00000010   Data   RO         1952    .constdata          peer_database.o
    0x00030074   0x00030074   0x00000010   Data   RO         2228    .constdata          peer_manager.o
    0x00030084   0x00030084   0x00000054   Data   RO         2582    .constdata          security_dispatcher.o
    0x000300d8   0x000300d8   0x00000004   Data   RO         2714    .constdata          security_manager.o
    0x000300dc   0x000300dc   0x00000004   Data   RO         3388    .constdata          nrfx_gpiote.o
    0x000300e0   0x000300e0   0x00000004   Data   RO         3726    .constdata          nrfx_uart.o
    0x000300e4   0x000300e4   0x00000004   Data   RO         3909    .constdata          nrfx_uarte.o
    0x000300e8   0x000300e8   0x00000008   Data   RO         4045    .constdata          app_button.o
    0x000300f0   0x000300f0   0x00000006   Data   RO         4278    .constdata          app_timer.o
    0x000300f6   0x000300f6   0x00000002   PAD
    0x000300f8   0x000300f8   0x00000018   Data   RO         4572    .constdata          fds.o
    0x00030110   0x00030110   0x00000010   Data   RO         5236    .constdata          nrf_fprintf_format.o
    0x00030120   0x00030120   0x0000005e   Data   RO         5282    .constdata          nrf_fstorage.o
    0x0003017e   0x0003017e   0x00000002   PAD
    0x00030180   0x00030180   0x00000010   Data   RO         5372    .constdata          nrf_fstorage_sd.o
    0x00030190   0x00030190   0x00000020   Data   RO         5373    .constdata          nrf_fstorage_sd.o
    0x000301b0   0x000301b0   0x00000018   Data   RO         5555    .constdata          nrf_pwr_mgmt.o
    0x000301c8   0x000301c8   0x0000000c   Data   RO         5556    .constdata          nrf_pwr_mgmt.o
    0x000301d4   0x000301d4   0x0000013c   Data   RO         5656    .constdata          nrf_strerror.o
    0x00030310   0x00030310   0x0000000c   Data   RO         5782    .constdata          nrf_log_backend_uart.o
    0x0003031c   0x0003031c   0x00000020   Data   RO         5783    .constdata          nrf_log_backend_uart.o
    0x0003033c   0x0003033c   0x00000010   Data   RO         6503    .constdata          nrf_sdh.o
    0x0003034c   0x0003034c   0x00000028   Data   RO         6504    .constdata          nrf_sdh.o
    0x00030374   0x00030374   0x00000010   Data   RO         6505    .constdata          nrf_sdh.o
    0x00030384   0x00030384   0x00000010   Data   RO         6506    .constdata          nrf_sdh.o
    0x00030394   0x00030394   0x00000020   Data   RO         6622    .constdata          nrf_sdh_ble.o
    0x000303b4   0x000303b4   0x00000010   Data   RO         6623    .constdata          nrf_sdh_ble.o
    0x000303c4   0x000303c4   0x00000010   Data   RO         6670    .constdata          nrf_sdh_soc.o
    0x000303d4   0x000303d4   0x0000000c   Data   RO         6671    .constdata          nrf_sdh_soc.o
    0x000303e0   0x000303e0   0x00000081   Data   RO         6754    .constdata          mc_w.l(ctype_o.o)
    0x00030461   0x00030461   0x00000003   PAD
    0x00030464   0x00030464   0x00000004   Data   RO         6755    .constdata          mc_w.l(ctype_o.o)
    0x00030468   0x00030468   0x000000a2   Data   RO         1657    .conststring        nrf_ble_gatt.o
    0x0003050a   0x0003050a   0x00000002   PAD
    0x0003050c   0x0003050c   0x0000004f   Data   RO         5283    .conststring        nrf_fstorage.o
    0x0003055b   0x0003055b   0x00000001   PAD
    0x0003055c   0x0003055c   0x000003eb   Data   RO         5657    .conststring        nrf_strerror.o
    0x00030947   0x00030947   0x00000001   PAD
    0x00030948   0x00030948   0x00000066   Data   RO         6078    .conststring        nrf_log_str_formatter.o
    0x000309ae   0x000309ae   0x00000002   PAD
    0x000309b0   0x000309b0   0x000001cf   Data   RO         6624    .conststring        nrf_sdh_ble.o
    0x00030b7f   0x00030b7f   0x00000001   PAD
    0x00030b80   0x00030b80   0x0000000d   Data   RO         1658    .conststrlit        nrf_ble_gatt.o
    0x00030b8d   0x00030b8d   0x00000003   PAD
    0x00030b90   0x00030b90   0x00000008   Data   RO         2844    .conststrlit        ble_bas.o
    0x00030b98   0x00030b98   0x00000006   Data   RO         3043    .conststrlit        nrf_drv_clock.o
    0x00030b9e   0x00030b9e   0x00000002   PAD
    0x00030ba0   0x00030ba0   0x00000006   Data   RO         3233    .conststrlit        nrfx_clock.o
    0x00030ba6   0x00030ba6   0x00000002   PAD
    0x00030ba8   0x00030ba8   0x00000007   Data   RO         3392    .conststrlit        nrfx_gpiote.o
    0x00030baf   0x00030baf   0x00000001   PAD
    0x00030bb0   0x00030bb0   0x00000004   Data   RO         3652    .conststrlit        nrfx_prs.o
    0x00030bb4   0x00030bb4   0x00000005   Data   RO         3729    .conststrlit        nrfx_uart.o
    0x00030bb9   0x00030bb9   0x00000003   PAD
    0x00030bbc   0x00030bbc   0x00000006   Data   RO         3912    .conststrlit        nrfx_uarte.o
    0x00030bc2   0x00030bc2   0x00000002   PAD
    0x00030bc4   0x00030bc4   0x0000000f   Data   RO         4573    .conststrlit        fds.o
    0x00030bd3   0x00030bd3   0x00000001   PAD
    0x00030bd4   0x00030bd4   0x0000000d   Data   RO         5284    .conststrlit        nrf_fstorage.o
    0x00030be1   0x00030be1   0x00000003   PAD
    0x00030be4   0x00030be4   0x0000000e   Data   RO         5374    .conststrlit        nrf_fstorage_sd.o
    0x00030bf2   0x00030bf2   0x00000002   PAD
    0x00030bf4   0x00030bf4   0x00000009   Data   RO         5557    .conststrlit        nrf_pwr_mgmt.o
    0x00030bfd   0x00030bfd   0x00000003   PAD
    0x00030c00   0x00030c00   0x00000018   Data   RO         5915    .conststrlit        nrf_log_frontend.o
    0x00030c18   0x00030c18   0x00000008   Data   RO         6507    .conststrlit        nrf_sdh.o
    0x00030c20   0x00030c20   0x0000000c   Data   RO         6625    .conststrlit        nrf_sdh_ble.o
    0x00030c2c   0x00030c2c   0x0000000c   Data   RO         6672    .conststrlit        nrf_sdh_soc.o
    0x00030c38   0x00030c38   0x00000020   Data   RO         6819    Region$$Table       anon$$obj.o
    0x00030c58   0x00030c58   0x00000008   Data   RO         1659    log_const_data      nrf_ble_gatt.o
    0x00030c60   0x00030c60   0x00000008   Data   RO         2845    log_const_data      ble_bas.o
    0x00030c68   0x00030c68   0x00000008   Data   RO         3044    log_const_data      nrf_drv_clock.o
    0x00030c70   0x00030c70   0x00000008   Data   RO         3235    log_const_data      nrfx_clock.o
    0x00030c78   0x00030c78   0x00000008   Data   RO         3393    log_const_data      nrfx_gpiote.o
    0x00030c80   0x00030c80   0x00000008   Data   RO         3654    log_const_data      nrfx_prs.o
    0x00030c88   0x00030c88   0x00000008   Data   RO         3730    log_const_data      nrfx_uart.o
    0x00030c90   0x00030c90   0x00000008   Data   RO         3913    log_const_data      nrfx_uarte.o
    0x00030c98   0x00030c98   0x00000008   Data   RO         4577    log_const_data      fds.o
    0x00030ca0   0x00030ca0   0x00000008   Data   RO         5285    log_const_data      nrf_fstorage.o
    0x00030ca8   0x00030ca8   0x00000008   Data   RO         5377    log_const_data      nrf_fstorage_sd.o
    0x00030cb0   0x00030cb0   0x00000008   Data   RO         5559    log_const_data      nrf_pwr_mgmt.o
    0x00030cb8   0x00030cb8   0x00000010   Data   RO         5918    log_const_data      nrf_log_frontend.o
    0x00030cc8   0x00030cc8   0x00000008   Data   RO         6509    log_const_data      nrf_sdh.o
    0x00030cd0   0x00030cd0   0x00000008   Data   RO         6627    log_const_data      nrf_sdh_ble.o
    0x00030cd8   0x00030cd8   0x00000008   Data   RO         6673    log_const_data      nrf_sdh_soc.o
    0x00030ce0   0x00030ce0   0x00000018   Data   RO         5920    nrf_balloc          nrf_log_frontend.o
    0x00030cf8   0x00030cf8   0x00000008   Data   RO         1056    sdh_ble_observers0  ble_conn_state.o
    0x00030d00   0x00030d00   0x00000010   Data   RO           34    sdh_ble_observers1  main.o
    0x00030d10   0x00030d10   0x00000008   Data   RO          720    sdh_ble_observers1  bsp_btn_ble.o
    0x00030d18   0x00030d18   0x00000008   Data   RO          972    sdh_ble_observers1  ble_conn_params.o
    0x00030d20   0x00030d20   0x00000008   Data   RO         2230    sdh_ble_observers1  peer_manager.o
    0x00030d28   0x00030d28   0x00000018   Data   RO           35    sdh_ble_observers2  main.o
    0x00030d40   0x00030d40   0x00000008   Data   RO           36    sdh_ble_observers3  main.o
    0x00030d48   0x00030d48   0x00000008   Data   RO         5379    sdh_req_observers0  nrf_fstorage_sd.o
    0x00030d50   0x00030d50   0x00000008   Data   RO         3046    sdh_soc_observers0  nrf_drv_clock.o
    0x00030d58   0x00030d58   0x00000008   Data   RO         5380    sdh_soc_observers0  nrf_fstorage_sd.o
    0x00030d60   0x00030d60   0x00000008   Data   RO           37    sdh_soc_observers1  main.o
    0x00030d68   0x00030d68   0x00000008   Data   RO         6629    sdh_stack_observers0  nrf_sdh_ble.o
    0x00030d70   0x00030d70   0x00000008   Data   RO         6675    sdh_stack_observers0  nrf_sdh_soc.o
    0x00030d78   0x00030d78   0x00000008   Data   RO         3047    sdh_state_observers0  nrf_drv_clock.o
    0x00030d80   0x00030d80   0x00000008   Data   RO         5381    sdh_state_observers0  nrf_fstorage_sd.o


    Execution Region RW_IRAM1 (Exec base: 0x20002b90, Load base: 0x00030d88, Size: 0x000030a0, Max: 0x0000d470, ABSOLUTE, COMPRESSED[0x00000068])

    Exec Addr    Load Addr    Size         Type   Attr      Idx    E Section Name        Object

    0x20002b90   COMPRESSED   0x0000002c   Data   RW           33    .data               main.o
    0x20002bbc   COMPRESSED   0x00000010   Data   RW          618    .data               bsp.o
    0x20002bcc   COMPRESSED   0x00000008   Data   RW          719    .data               bsp_btn_ble.o
    0x20002bd4   COMPRESSED   0x00000008   Data   RW          971    .data               ble_conn_params.o
    0x20002bdc   COMPRESSED   0x0000000c   Data   RW         1273    .data               gatt_cache_manager.o
    0x20002be8   COMPRESSED   0x00000006   Data   RW         1393    .data               gatts_cache_manager.o
    0x20002bee   COMPRESSED   0x00000003   Data   RW         1487    .data               id_manager.o
    0x20002bf1   COMPRESSED   0x00000003   PAD
    0x20002bf4   COMPRESSED   0x0000000c   Data   RW         1809    .data               peer_data_storage.o
    0x20002c00   COMPRESSED   0x00000003   Data   RW         1953    .data               peer_database.o
    0x20002c03   COMPRESSED   0x00000001   PAD
    0x20002c04   COMPRESSED   0x00000010   Data   RW         2229    .data               peer_manager.o
    0x20002c14   COMPRESSED   0x00000006   Data   RW         2583    .data               security_dispatcher.o
    0x20002c1a   COMPRESSED   0x00000002   PAD
    0x20002c1c   COMPRESSED   0x00000015   Data   RW         2715    .data               security_manager.o
    0x20002c31   COMPRESSED   0x00000001   PAD
    0x20002c32   COMPRESSED   0x0000004a   Data   RW         2897    .data               ble_dis.o
    0x20002c7c   COMPRESSED   0x0000000c   Data   RW         3167    .data               nrf_drv_uart.o
    0x20002c88   COMPRESSED   0x00000008   Data   RW         3234    .data               nrfx_clock.o
    0x20002c90   COMPRESSED   0x00000008   Data   RW         3653    .data               nrfx_prs.o
    0x20002c98   COMPRESSED   0x00000020   Data   RW         4046    .data               app_button.o
    0x20002cb8   COMPRESSED   0x00000014   Data   RW         4279    .data               app_timer.o
    0x20002ccc   COMPRESSED   0x00000014   Data   RW         4574    .data               fds.o
    0x20002ce0   COMPRESSED   0x00000030   Data   RW         4575    .data               fds.o
    0x20002d10   COMPRESSED   0x00000014   Data   RW         5375    .data               nrf_fstorage_sd.o
    0x20002d24   COMPRESSED   0x00000008   Data   RW         5376    .data               nrf_fstorage_sd.o
    0x20002d2c   COMPRESSED   0x00000008   Data   RW         5558    .data               nrf_pwr_mgmt.o
    0x20002d34   COMPRESSED   0x00000018   Data   RW         5784    .data               nrf_log_backend_uart.o
    0x20002d4c   COMPRESSED   0x0000000c   Data   RW         5854    .data               nrf_log_default_backends.o
    0x20002d58   COMPRESSED   0x00000008   Data   RW         5916    .data               nrf_log_frontend.o
    0x20002d60   COMPRESSED   0x00000008   Data   RW         5917    .data               nrf_log_frontend.o
    0x20002d68   COMPRESSED   0x00000040   Data   RW         6079    .data               nrf_log_str_formatter.o
    0x20002da8   COMPRESSED   0x00000003   Data   RW         6508    .data               nrf_sdh.o
    0x20002dab   COMPRESSED   0x00000001   Data   RW         6626    .data               nrf_sdh_ble.o
    0x20002dac   COMPRESSED   0x00000004   Data   RW         6710    .data               system_nrf52.o
    0x20002db0   COMPRESSED   0x00000014   Data   RW         4576    fs_data             fds.o
    0x20002dc4   COMPRESSED   0x00000004   Data   RW         1660    log_dynamic_data    nrf_ble_gatt.o
    0x20002dc8   COMPRESSED   0x00000004   Data   RW         2846    log_dynamic_data    ble_bas.o
    0x20002dcc   COMPRESSED   0x00000004   Data   RW         3045    log_dynamic_data    nrf_drv_clock.o
    0x20002dd0   COMPRESSED   0x00000004   Data   RW         3236    log_dynamic_data    nrfx_clock.o
    0x20002dd4   COMPRESSED   0x00000004   Data   RW         3394    log_dynamic_data    nrfx_gpiote.o
    0x20002dd8   COMPRESSED   0x00000004   Data   RW         3655    log_dynamic_data    nrfx_prs.o
    0x20002ddc   COMPRESSED   0x00000004   Data   RW         3731    log_dynamic_data    nrfx_uart.o
    0x20002de0   COMPRESSED   0x00000004   Data   RW         3914    log_dynamic_data    nrfx_uarte.o
    0x20002de4   COMPRESSED   0x00000004   Data   RW         4578    log_dynamic_data    fds.o
    0x20002de8   COMPRESSED   0x00000004   Data   RW         5286    log_dynamic_data    nrf_fstorage.o
    0x20002dec   COMPRESSED   0x00000004   Data   RW         5378    log_dynamic_data    nrf_fstorage_sd.o
    0x20002df0   COMPRESSED   0x00000004   Data   RW         5560    log_dynamic_data    nrf_pwr_mgmt.o
    0x20002df4   COMPRESSED   0x00000008   Data   RW         5919    log_dynamic_data    nrf_log_frontend.o
    0x20002dfc   COMPRESSED   0x00000004   Data   RW         6510    log_dynamic_data    nrf_sdh.o
    0x20002e00   COMPRESSED   0x00000004   Data   RW         6628    log_dynamic_data    nrf_sdh_ble.o
    0x20002e04   COMPRESSED   0x00000004   Data   RW         6674    log_dynamic_data    nrf_sdh_soc.o
    0x20002e08        -       0x00000020   Zero   RW           27    .bss                main.o
    0x20002e28        -       0x00000020   Zero   RW           28    .bss                main.o
    0x20002e48        -       0x00000020   Zero   RW           29    .bss                main.o
    0x20002e68        -       0x00000020   Zero   RW           30    .bss                main.o
    0x20002e88        -       0x0000016c   Zero   RW           31    .bss                main.o
    0x20002ff4        -       0x00000020   Zero   RW          613    .bss                bsp.o
    0x20003014        -       0x00000020   Zero   RW          614    .bss                bsp.o
    0x20003034        -       0x0000000c   Zero   RW          615    .bss                bsp.o
    0x20003040        -       0x00000020   Zero   RW          616    .bss                bsp.o
    0x20003060        -       0x00000050   Zero   RW          970    .bss                ble_conn_params.o
    0x200030b0        -       0x00000078   Zero   RW         1055    .bss                ble_conn_state.o
    0x20003128        -       0x00000100   Zero   RW         1485    .bss                id_manager.o
    0x20003228        -       0x000000d0   Zero   RW         1951    .bss                peer_database.o
    0x200032f8        -       0x00000040   Zero   RW         2107    .bss                peer_id.o
    0x20003338        -       0x0000000c   Zero   RW         2227    .bss                peer_manager.o
    0x20003344        -       0x00000040   Zero   RW         2581    .bss                security_dispatcher.o
    0x20003384        -       0x00000014   Zero   RW         3038    .bss                nrf_drv_clock.o
    0x20003398        -       0x0000005c   Zero   RW         3387    .bss                nrfx_gpiote.o
    0x200033f4        -       0x0000002c   Zero   RW         3724    .bss                nrfx_uart.o
    0x20003420        -       0x00000024   Zero   RW         3907    .bss                nrfx_uarte.o
    0x20003444        -       0x00000020   Zero   RW         4044    .bss                app_button.o
    0x20003464        -       0x0000010c   Zero   RW         4277    .bss                app_timer.o
    0x20003570        -       0x0000000c   Zero   RW         4430    .bss                app_util_platform.o
    0x2000357c        -       0x000000e0   Zero   RW         4571    .bss                fds.o
    0x2000365c        -       0x000000a0   Zero   RW         5371    .bss                nrf_fstorage_sd.o
    0x200036fc        -       0x0000000c   Zero   RW         5554    .bss                nrf_pwr_mgmt.o
    0x20003708        -       0x00000040   Zero   RW         5781    .bss                nrf_log_backend_uart.o
    0x20003748        -       0x000000c0   Zero   RW         5913    .bss                nrf_log_frontend.o
    0x20003808        -       0x00000424   Zero   RW         5914    .bss                nrf_log_frontend.o
    0x20003c2c   COMPRESSED   0x00000004   PAD
    0x20003c30        -       0x00002000   Zero   RW         6698    STACK               arm_startup_nrf52.o

