Archive member included to satisfy reference by file (symbol)

c:/program files (x86)/gnu arm embedded toolchain/9 2020-q2-update/bin/../lib/gcc/arm-none-eabi/9.3.1/../../../../arm-none-eabi/lib/thumb/v7e-m+fp/hard\libc_nano.a(lib_a-ctype_.o)
                              _build/nrf52840_xxaa/nrf_log_str_formatter.c.o (_ctype_)
c:/program files (x86)/gnu arm embedded toolchain/9 2020-q2-update/bin/../lib/gcc/arm-none-eabi/9.3.1/../../../../arm-none-eabi/lib/thumb/v7e-m+fp/hard\libc_nano.a(lib_a-exit.o)
                              c:/program files (x86)/gnu arm embedded toolchain/9 2020-q2-update/bin/../lib/gcc/arm-none-eabi/9.3.1/../../../../arm-none-eabi/lib/thumb/v7e-m+fp/hard/crt0.o (exit)
c:/program files (x86)/gnu arm embedded toolchain/9 2020-q2-update/bin/../lib/gcc/arm-none-eabi/9.3.1/../../../../arm-none-eabi/lib/thumb/v7e-m+fp/hard\libc_nano.a(lib_a-impure.o)
                              c:/program files (x86)/gnu arm embedded toolchain/9 2020-q2-update/bin/../lib/gcc/arm-none-eabi/9.3.1/../../../../arm-none-eabi/lib/thumb/v7e-m+fp/hard\libc_nano.a(lib_a-exit.o) (_global_impure_ptr)
c:/program files (x86)/gnu arm embedded toolchain/9 2020-q2-update/bin/../lib/gcc/arm-none-eabi/9.3.1/../../../../arm-none-eabi/lib/thumb/v7e-m+fp/hard\libc_nano.a(lib_a-init.o)
                              c:/program files (x86)/gnu arm embedded toolchain/9 2020-q2-update/bin/../lib/gcc/arm-none-eabi/9.3.1/../../../../arm-none-eabi/lib/thumb/v7e-m+fp/hard/crt0.o (__libc_init_array)
c:/program files (x86)/gnu arm embedded toolchain/9 2020-q2-update/bin/../lib/gcc/arm-none-eabi/9.3.1/../../../../arm-none-eabi/lib/thumb/v7e-m+fp/hard\libc_nano.a(lib_a-memcmp.o)
                              _build/nrf52840_xxaa/ble_advdata.c.o (memcmp)
c:/program files (x86)/gnu arm embedded toolchain/9 2020-q2-update/bin/../lib/gcc/arm-none-eabi/9.3.1/../../../../arm-none-eabi/lib/thumb/v7e-m+fp/hard\libc_nano.a(lib_a-memcpy-stub.o)
                              _build/nrf52840_xxaa/nrf_log_frontend.c.o (memcpy)
c:/program files (x86)/gnu arm embedded toolchain/9 2020-q2-update/bin/../lib/gcc/arm-none-eabi/9.3.1/../../../../arm-none-eabi/lib/thumb/v7e-m+fp/hard\libc_nano.a(lib_a-memmove.o)
                              _build/nrf52840_xxaa/ble_hrs.c.o (memmove)
c:/program files (x86)/gnu arm embedded toolchain/9 2020-q2-update/bin/../lib/gcc/arm-none-eabi/9.3.1/../../../../arm-none-eabi/lib/thumb/v7e-m+fp/hard\libc_nano.a(lib_a-memset.o)
                              c:/program files (x86)/gnu arm embedded toolchain/9 2020-q2-update/bin/../lib/gcc/arm-none-eabi/9.3.1/../../../../arm-none-eabi/lib/thumb/v7e-m+fp/hard/crt0.o (memset)
c:/program files (x86)/gnu arm embedded toolchain/9 2020-q2-update/bin/../lib/gcc/arm-none-eabi/9.3.1/../../../../arm-none-eabi/lib/thumb/v7e-m+fp/hard\libc_nano.a(lib_a-strcpy.o)
                              _build/nrf52840_xxaa/SEGGER_RTT.c.o (strcpy)
c:/program files (x86)/gnu arm embedded toolchain/9 2020-q2-update/bin/../lib/gcc/arm-none-eabi/9.3.1/../../../../arm-none-eabi/lib/thumb/v7e-m+fp/hard\libc_nano.a(lib_a-strlen.o)
                              _build/nrf52840_xxaa/nrf_log_frontend.c.o (strlen)
c:/program files (x86)/gnu arm embedded toolchain/9 2020-q2-update/bin/../lib/gcc/arm-none-eabi/9.3.1/../../../../arm-none-eabi/lib/thumb/v7e-m+fp/hard\libnosys.a(_exit.o)
                              c:/program files (x86)/gnu arm embedded toolchain/9 2020-q2-update/bin/../lib/gcc/arm-none-eabi/9.3.1/../../../../arm-none-eabi/lib/thumb/v7e-m+fp/hard\libc_nano.a(lib_a-exit.o) (_exit)
c:/program files (x86)/gnu arm embedded toolchain/9 2020-q2-update/bin/../lib/gcc/arm-none-eabi/9.3.1/thumb/v7e-m+fp/hard\libgcc.a(_arm_muldf3.o)
                              _build/nrf52840_xxaa/main.c.o (__aeabi_dmul)
c:/program files (x86)/gnu arm embedded toolchain/9 2020-q2-update/bin/../lib/gcc/arm-none-eabi/9.3.1/thumb/v7e-m+fp/hard\libgcc.a(_arm_addsubdf3.o)
                              _build/nrf52840_xxaa/main.c.o (__aeabi_dadd)
c:/program files (x86)/gnu arm embedded toolchain/9 2020-q2-update/bin/../lib/gcc/arm-none-eabi/9.3.1/thumb/v7e-m+fp/hard\libgcc.a(_arm_muldivdf3.o)
                              _build/nrf52840_xxaa/main.c.o (__aeabi_ddiv)
c:/program files (x86)/gnu arm embedded toolchain/9 2020-q2-update/bin/../lib/gcc/arm-none-eabi/9.3.1/thumb/v7e-m+fp/hard\libgcc.a(_arm_cmpdf2.o)
                              _build/nrf52840_xxaa/main.c.o (__aeabi_dcmplt)
c:/program files (x86)/gnu arm embedded toolchain/9 2020-q2-update/bin/../lib/gcc/arm-none-eabi/9.3.1/thumb/v7e-m+fp/hard\libgcc.a(_arm_fixunsdfsi.o)
                              _build/nrf52840_xxaa/main.c.o (__aeabi_d2uiz)
c:/program files (x86)/gnu arm embedded toolchain/9 2020-q2-update/bin/../lib/gcc/arm-none-eabi/9.3.1/thumb/v7e-m+fp/hard\libgcc.a(_aeabi_ldivmod.o)
                              _build/nrf52840_xxaa/bsp.c.o (__aeabi_ldivmod)
[...]
Memory Configuration

Name             Origin             Length             Attributes
FLASH            0x00026000         0x000da000         xr
RAM              0x20002b88         0x0003d478         xrw
*default*        0x00000000         0xffffffff

Linker script and memory map


.text           0x00026000     0xb508
 *(.isr_vector)
 .isr_vector    0x00026000      0x200 _build/nrf52840_xxaa/gcc_startup_nrf52840.S.o
                0x00026000                __isr_vector
 *(.text*)
 .text          0x00026200       0x40 c:/program files (x86)/gnu arm embedded toolchain/9 2020-q2-update/bin/../lib/gcc/arm-none-eabi/9.3.1/thumb/v7e-m+fp/hard/crtbegin.o
 .text          0x00026240       0x7c c:/program files (x86)/gnu arm embedded toolchain/9 2020-q2-update/bin/../lib/gcc/arm-none-eabi/9.3.1/../../../../arm-none-eabi/lib/thumb/v7e-m+fp/hard/crt0.o
                0x00026240                _stack_init
                0x00026248                _start
                0x00026248                _mainCRTStartup
 .text          0x000262bc       0x3c _build/nrf52840_xxaa/gcc_startup_nrf52840.S.o
                0x000262bc                Reset_Handler
                0x000262e4                NMI_Handler
                0x000262e6                HardFault_Handler
                0x000262e8                MemoryManagement_Handler
                0x000262ea                BusFault_Handler
                0x000262ec                UsageFault_Handler
                0x000262ee                SVC_Handler
                0x000262f0                DebugMon_Handler
                0x000262f2                PendSV_Handler
                0x000262f4                SysTick_Handler
                0x000262f6                TEMP_IRQHandler
                0x000262f6                QDEC_IRQHandler
                0x000262f6                TIMER3_IRQHandler
                0x000262f6                PWM3_IRQHandler
                0x000262f6                FPU_IRQHandler
                0x000262f6                USBD_IRQHandler
                0x000262f6                SPIM0_SPIS0_TWIM0_TWIS0_SPI0_TWI0_IRQHandler
                0x000262f6                PDM_IRQHandler
                0x000262f6                TIMER4_IRQHandler
                0x000262f6                CRYPTOCELL_IRQHandler
                0x000262f6                I2S_IRQHandler
                0x000262f6                SWI4_EGU4_IRQHandler
                0x000262f6                TIMER0_IRQHandler
                0x000262f6                RADIO_IRQHandler
                0x000262f6                RTC0_IRQHandler
                0x000262f6                TIMER1_IRQHandler
                0x000262f6                SPIM3_IRQHandler
                0x000262f6                PWM2_IRQHandler
                0x000262f6                ECB_IRQHandler
                0x000262f6                SPIM1_SPIS1_TWIM1_TWIS1_SPI1_TWI1_IRQHandler
                0x000262f6                Default_Handler
                0x000262f6                SAADC_IRQHandler
                0x000262f6                CCM_AAR_IRQHandler
                0x000262f6                WDT_IRQHandler
                0x000262f6                PWM1_IRQHandler
                0x000262f6                SWI5_EGU5_IRQHandler
                0x000262f6                RNG_IRQHandler
                0x000262f6                RTC2_IRQHandler
                0x000262f6                PWM0_IRQHandler
                0x000262f6                SWI3_EGU3_IRQHandler
                0x000262f6                SWI1_EGU1_IRQHandler
                0x000262f6                SPIM2_SPIS2_SPI2_IRQHandler
                0x000262f6                NFCT_IRQHandler
                0x000262f6                UARTE1_IRQHandler
                0x000262f6                MWU_IRQHandler
                0x000262f6                TIMER2_IRQHandler
                0x000262f6                QSPI_IRQHandler
                0x000262f6                COMP_LPCOMP_IRQHandler
 .text.nrf_log_frontend_dequeue
                0x000262f8      0x254 _build/nrf52840_xxaa/nrf_log_frontend.c.o
                0x000262f8                nrf_log_frontend_dequeue
 .text.nrf_log_frontend_std_0
                0x0002654c      0x194 _build/nrf52840_xxaa/nrf_log_frontend.c.o
                0x0002654c                nrf_log_frontend_std_0
 .text.nrf_log_frontend_std_1
                0x000266e0      0x1b0 _build/nrf52840_xxaa/nrf_log_frontend.c.o
                0x000266e0                nrf_log_frontend_std_1
 .text.nrf_log_frontend_std_2
                0x00026890      0x1b0 _build/nrf52840_xxaa/nrf_log_frontend.c.o
                0x00026890                nrf_log_frontend_std_2
 .text.nrf_log_frontend_std_3
                0x00026a40      0x1bc _build/nrf52840_xxaa/nrf_log_frontend.c.o
                0x00026a40                nrf_log_frontend_std_3
 .text.nrf_log_panic
                0x00026bfc       0x28 _build/nrf52840_xxaa/nrf_log_frontend.c.o
                0x00026bfc                nrf_log_panic
 .text.detection_delay_timeout_handler
                0x00026c24      0x10c _build/nrf52840_xxaa/app_button.c.o
 .text.gpiote_event_handler
                0x00026d30       0xa0 _build/nrf52840_xxaa/app_button.c.o
 .text.app_button_init
                0x00026dd0       0xb0 _build/nrf52840_xxaa/app_button.c.o
                0x00026dd0                app_button_init
 .text.app_button_enable
                0x00026e80       0x2c _build/nrf52840_xxaa/app_button.c.o
                0x00026e80                app_button_enable
 .text.app_error_handler_bare
                0x00026eac       0x20 _build/nrf52840_xxaa/app_error.c.o
                0x00026eac                app_error_handler_bare
 .text.app_error_fault_handler
                0x00026ecc       0x6c _build/nrf52840_xxaa/app_error_weak.c.o
                0x00026ecc                app_error_fault_handler
 .text.RTC1_IRQHandler
                0x00026f38       0xa0 _build/nrf52840_xxaa/app_timer.c.o
                0x00026f38                RTC1_IRQHandler
 .text.SWI0_EGU0_IRQHandler
                0x00026fd8      0x3e0 _build/nrf52840_xxaa/app_timer.c.o
                0x00026fd8                SWI0_EGU0_IRQHandler
 .text.app_timer_init
                0x000273b8       0xa8 _build/nrf52840_xxaa/app_timer.c.o
                0x000273b8                app_timer_init
 .text.app_timer_create
                0x00027460       0x24 _build/nrf52840_xxaa/app_timer.c.o
                0x00027460                app_timer_create
 .text.app_timer_start
                0x00027484       0xac _build/nrf52840_xxaa/app_timer.c.o
                0x00027484                app_timer_start
 .text.app_timer_stop
                0x00027530       0x78 _build/nrf52840_xxaa/app_timer.c.o
                0x00027530                app_timer_stop
 .text.app_util_critical_region_enter
                0x000275a8       0x4c _build/nrf52840_xxaa/app_util_platform.c.o
                0x000275a8                app_util_critical_region_enter
 .text.app_util_critical_region_exit
                0x000275f4       0x30 _build/nrf52840_xxaa/app_util_platform.c.o
                0x000275f4                app_util_critical_region_exit
 .text.record_find_by_desc
                0x00027624       0xdc _build/nrf52840_xxaa/fds.c.o
 .text.queue_process
                0x00027700      0x990 _build/nrf52840_xxaa/fds.c.o
 .text.fs_event_handler
                0x00028090        0x8 _build/nrf52840_xxaa/fds.c.o
 .text.fds_record_open
                0x00028098       0x54 _build/nrf52840_xxaa/fds.c.o
                0x00028098                fds_record_open
 .text.fds_record_close
                0x000280ec       0x4c _build/nrf52840_xxaa/fds.c.o
                0x000280ec                fds_record_close
 .text.fds_reserve
                0x00028138       0x84 _build/nrf52840_xxaa/fds.c.o
                0x00028138                fds_reserve
 .text.fds_reserve_cancel
                0x000281bc       0x58 _build/nrf52840_xxaa/fds.c.o
                0x000281bc                fds_reserve_cancel
 .text.fds_record_write
                0x00028214      0x158 _build/nrf52840_xxaa/fds.c.o
                0x00028214                fds_record_write
 .text.fds_record_write_reserved
                0x0002836c      0x104 _build/nrf52840_xxaa/fds.c.o
                0x0002836c                fds_record_write_reserved
 .text.fds_record_update
                0x00028470      0x160 _build/nrf52840_xxaa/fds.c.o
                0x00028470                fds_record_update
 .text.fds_file_delete
                0x000285d0       0x7c _build/nrf52840_xxaa/fds.c.o
                0x000285d0                fds_file_delete
 .text.fds_record_find
                0x0002864c       0xd4 _build/nrf52840_xxaa/fds.c.o
                0x0002864c                fds_record_find
 .text.fds_record_find_by_key
                0x00028720       0xc4 _build/nrf52840_xxaa/fds.c.o
                0x00028720                fds_record_find_by_key
 .text.fds_record_find_in_file
                0x000287e4       0xc4 _build/nrf52840_xxaa/fds.c.o
                0x000287e4                fds_record_find_in_file
 .text.fds_record_id_from_desc
                0x000288a8       0x10 _build/nrf52840_xxaa/fds.c.o
                0x000288a8                fds_record_id_from_desc
 .text.nrf_atfifo_item_alloc
                0x000288b8       0x5c _build/nrf52840_xxaa/nrf_atfifo.c.o
                0x000288b8                nrf_atfifo_item_alloc
 .text.nrf_atfifo_item_put
                0x00028914       0x20 _build/nrf52840_xxaa/nrf_atfifo.c.o
                0x00028914                nrf_atfifo_item_put
 .text.nrf_atfifo_item_get
                0x00028934       0x60 _build/nrf52840_xxaa/nrf_atfifo.c.o
                0x00028934                nrf_atfifo_item_get
 .text.nrf_atfifo_item_free
                0x00028994       0x20 _build/nrf52840_xxaa/nrf_atfifo.c.o
                0x00028994                nrf_atfifo_item_free
 .text.nrf_atflags_set
                0x000289b4       0x14 _build/nrf52840_xxaa/nrf_atflags.c.o
                0x000289b4                nrf_atflags_set
 .text.nrf_atflags_clear
                0x000289c8       0x14 _build/nrf52840_xxaa/nrf_atflags.c.o
                0x000289c8                nrf_atflags_clear
 .text.nrf_atflags_get
                0x000289dc       0x14 _build/nrf52840_xxaa/nrf_atflags.c.o
                0x000289dc                nrf_atflags_get
 .text.nrf_atomic_u32_fetch_store
                0x000289f0       0x1c _build/nrf52840_xxaa/nrf_atomic.c.o
                0x000289f0                nrf_atomic_u32_fetch_store
 .text.nrf_atomic_u32_or
                0x00028a0c       0x1c _build/nrf52840_xxaa/nrf_atomic.c.o
                0x00028a0c                nrf_atomic_u32_or
 .text.nrf_atomic_u32_and
                0x00028a28       0x1c _build/nrf52840_xxaa/nrf_atomic.c.o
                0x00028a28                nrf_atomic_u32_and
 .text.nrf_atomic_u32_fetch_add
                0x00028a44       0x1c _build/nrf52840_xxaa/nrf_atomic.c.o
                0x00028a44                nrf_atomic_u32_fetch_add
 .text.nrf_atomic_u32_add
                0x00028a60       0x1c _build/nrf52840_xxaa/nrf_atomic.c.o
                0x00028a60                nrf_atomic_u32_add
 .text.nrf_atomic_u32_sub
                0x00028a7c       0x1c _build/nrf52840_xxaa/nrf_atomic.c.o
                0x00028a7c                nrf_atomic_u32_sub
 .text.nrf_atomic_flag_set
                0x00028a98       0x20 _build/nrf52840_xxaa/nrf_atomic.c.o
                0x00028a98                nrf_atomic_flag_set
 .text.nrf_atomic_flag_clear_fetch
                0x00028ab8       0x20 _build/nrf52840_xxaa/nrf_atomic.c.o
                0x00028ab8                nrf_atomic_flag_clear_fetch
 .text.nrf_balloc_alloc
                0x00028ad8       0x50 _build/nrf52840_xxaa/nrf_balloc.c.o
                0x00028ad8                nrf_balloc_alloc
 .text.nrf_balloc_free
                0x00028b28       0x38 _build/nrf52840_xxaa/nrf_balloc.c.o
                0x00028b28                nrf_balloc_free
 .text.nrf_fstorage_write
                0x00028b60      0x128 _build/nrf52840_xxaa/nrf_fstorage.c.o
                0x00028b60                nrf_fstorage_write
 .text.nrf_fstorage_erase
                0x00028c88       0xe0 _build/nrf52840_xxaa/nrf_fstorage.c.o
                0x00028c88                nrf_fstorage_erase
 .text.nrf_fstorage_is_busy
                0x00028d68       0x48 _build/nrf52840_xxaa/nrf_fstorage.c.o
                0x00028d68                nrf_fstorage_is_busy
 .text.sd_flash_write
                0x00028db0        0x4 _build/nrf52840_xxaa/nrf_fstorage_sd.c.o
 .text.sd_flash_page_erase
                0x00028db4        0x4 _build/nrf52840_xxaa/nrf_fstorage_sd.c.o
 .text.nrf_fstorage_sdh_req_handler
                0x00028db8       0x14 _build/nrf52840_xxaa/nrf_fstorage_sd.c.o
                0x00028db8                nrf_fstorage_sdh_req_handler
 .text.queue_process
                0x00028dcc       0xf8 _build/nrf52840_xxaa/nrf_fstorage_sd.c.o
 .text.nrf_fstorage_sys_evt_handler
                0x00028ec4       0xe8 _build/nrf52840_xxaa/nrf_fstorage_sd.c.o
                0x00028ec4                nrf_fstorage_sys_evt_handler
 .text.nrf_fstorage_sdh_state_handler
                0x00028fac      0x10c _build/nrf52840_xxaa/nrf_fstorage_sd.c.o
                0x00028fac                nrf_fstorage_sdh_state_handler
 .text.nrf_memobj_alloc
                0x000290b8       0x94 _build/nrf52840_xxaa/nrf_memobj.c.o
                0x000290b8                nrf_memobj_alloc
 .text.nrf_memobj_get
                0x0002914c        0x8 _build/nrf52840_xxaa/nrf_memobj.c.o
                0x0002914c                nrf_memobj_get
 .text.nrf_memobj_put
                0x00029154       0x58 _build/nrf52840_xxaa/nrf_memobj.c.o
                0x00029154                nrf_memobj_put
 .text.nrf_memobj_write
                0x000291ac       0x58 _build/nrf52840_xxaa/nrf_memobj.c.o
                0x000291ac                nrf_memobj_write
 .text.sd_app_evt_wait
                0x00029204        0x4 _build/nrf52840_xxaa/nrf_pwr_mgmt.c.o
 .text.nrf_pwr_mgmt_init
                0x00029208       0x2c _build/nrf52840_xxaa/nrf_pwr_mgmt.c.o
                0x00029208                nrf_pwr_mgmt_init
 .text.nrf_pwr_mgmt_run
                0x00029234       0x54 _build/nrf52840_xxaa/nrf_pwr_mgmt.c.o
                0x00029234                nrf_pwr_mgmt_run
 .text.nrf_section_iter_init
                0x00029288       0x14 _build/nrf52840_xxaa/nrf_section_iter.c.o
                0x00029288                nrf_section_iter_init
 .text.nrf_section_iter_next
                0x0002929c       0x18 _build/nrf52840_xxaa/nrf_section_iter.c.o
                0x0002929c                nrf_section_iter_next
 .text.nrf_strerror_get
                0x000292b4       0x50 _build/nrf52840_xxaa/nrf_strerror.c.o
                0x000292b4                nrf_strerror_get
 .text.SystemInit
                0x00029304      0x1c4 _build/nrf52840_xxaa/system_nrf52840.c.o
                0x00029304                SystemInit
 .text.bsp_board_led_state_get
                0x000294c8       0x28 _build/nrf52840_xxaa/boards.c.o
                0x000294c8                bsp_board_led_state_get
 .text.bsp_board_led_on
                0x000294f0       0x24 _build/nrf52840_xxaa/boards.c.o
                0x000294f0                bsp_board_led_on
 .text.bsp_board_led_off
                0x00029514       0x24 _build/nrf52840_xxaa/boards.c.o
                0x00029514                bsp_board_led_off
 .text.bsp_board_leds_off
                0x00029538       0x30 _build/nrf52840_xxaa/boards.c.o
                0x00029538                bsp_board_leds_off
 .text.bsp_board_leds_on
                0x00029568       0x30 _build/nrf52840_xxaa/boards.c.o
                0x00029568                bsp_board_leds_on
 .text.bsp_board_led_invert
                0x00029598       0x34 _build/nrf52840_xxaa/boards.c.o
                0x00029598                bsp_board_led_invert
 .text.bsp_board_button_state_get
                0x000295cc       0x14 _build/nrf52840_xxaa/boards.c.o
                0x000295cc                bsp_board_button_state_get
 .text.bsp_board_pin_to_button_idx
                0x000295e0        0xc _build/nrf52840_xxaa/boards.c.o
                0x000295e0                bsp_board_pin_to_button_idx
 .text.bsp_board_button_idx_to_pin
                0x000295ec        0x4 _build/nrf52840_xxaa/boards.c.o
                0x000295ec                bsp_board_button_idx_to_pin
 .text.bsp_board_init
                0x000295f0       0xd4 _build/nrf52840_xxaa/boards.c.o
                0x000295f0                bsp_board_init
 .text.clock_irq_handler
                0x000296c4       0x44 _build/nrf52840_xxaa/nrf_drv_clock.c.o
 .text.soc_evt_handler
                0x00029708       0x28 _build/nrf52840_xxaa/nrf_drv_clock.c.o
 .text.sd_state_evt_handler
                0x00029730       0xa8 _build/nrf52840_xxaa/nrf_drv_clock.c.o
 .text.nrfx_clock_init
                0x000297d8       0x18 _build/nrf52840_xxaa/nrfx_clock.c.o
                0x000297d8                nrfx_clock_init
 .text.nrfx_clock_enable
                0x000297f0       0x28 _build/nrf52840_xxaa/nrfx_clock.c.o
                0x000297f0                nrfx_clock_enable
 .text.nrfx_clock_lfclk_stop
                0x00029818       0x18 _build/nrf52840_xxaa/nrfx_clock.c.o
                0x00029818                nrfx_clock_lfclk_stop
 .text.POWER_CLOCK_IRQHandler
                0x00029830       0x6c _build/nrf52840_xxaa/nrfx_clock.c.o
                0x00029830                POWER_CLOCK_IRQHandler
 .text.nrfx_gpiote_init
                0x0002989c       0xa0 _build/nrf52840_xxaa/nrfx_gpiote.c.o
                0x0002989c                nrfx_gpiote_init
 .text.nrfx_gpiote_is_init
                0x0002993c       0x14 _build/nrf52840_xxaa/nrfx_gpiote.c.o
                0x0002993c                nrfx_gpiote_is_init
 .text.nrfx_gpiote_out_init
                0x00029950      0x13c _build/nrf52840_xxaa/nrfx_gpiote.c.o
                0x00029950                nrfx_gpiote_out_init
 .text.nrfx_gpiote_out_set
                0x00029a8c       0x20 _build/nrf52840_xxaa/nrfx_gpiote.c.o
                0x00029a8c                nrfx_gpiote_out_set
 .text.nrfx_gpiote_out_clear
                0x00029aac       0x20 _build/nrf52840_xxaa/nrfx_gpiote.c.o
                0x00029aac                nrfx_gpiote_out_clear
 .text.nrfx_gpiote_in_init
                0x00029acc      0x1e4 _build/nrf52840_xxaa/nrfx_gpiote.c.o
                0x00029acc                nrfx_gpiote_in_init
 .text.nrfx_gpiote_in_event_enable
                0x00029cb0       0xd8 _build/nrf52840_xxaa/nrfx_gpiote.c.o
                0x00029cb0                nrfx_gpiote_in_event_enable
 .text.nrfx_gpiote_in_is_set
                0x00029d88       0x20 _build/nrf52840_xxaa/nrfx_gpiote.c.o
                0x00029d88                nrfx_gpiote_in_is_set
 .text.GPIOTE_IRQHandler
                0x00029da8      0x5a0 _build/nrf52840_xxaa/nrfx_gpiote.c.o
                0x00029da8                GPIOTE_IRQHandler
 .text.UARTE0_UART0_IRQHandler
                0x0002a348        0xc _build/nrf52840_xxaa/nrfx_prs.c.o
                0x0002a348                UARTE0_UART0_IRQHandler
 .text.alert_timer_handler
                0x0002a354        0x8 _build/nrf52840_xxaa/bsp.c.o
 .text.bsp_button_event_handler
                0x0002a35c       0x84 _build/nrf52840_xxaa/bsp.c.o
 .text.button_timer_handler
                0x0002a3e0       0x28 _build/nrf52840_xxaa/bsp.c.o
 .text.bsp_led_indication
                0x0002a408      0x310 _build/nrf52840_xxaa/bsp.c.o
 .text.leds_timer_handler
                0x0002a718       0x1c _build/nrf52840_xxaa/bsp.c.o
 .text.bsp_button_is_pressed
                0x0002a734        0xc _build/nrf52840_xxaa/bsp.c.o
                0x0002a734                bsp_button_is_pressed
 .text.bsp_init
                0x0002a740       0xb0 _build/nrf52840_xxaa/bsp.c.o
                0x0002a740                bsp_init
 .text.bsp_event_to_button_action_assign
                0x0002a7f0       0x3c _build/nrf52840_xxaa/bsp.c.o
                0x0002a7f0                bsp_event_to_button_action_assign
 .text.bsp_wakeup_button_enable
                0x0002a82c       0x40 _build/nrf52840_xxaa/bsp.c.o
                0x0002a82c                bsp_wakeup_button_enable
 .text.ble_evt_handler
                0x0002a86c       0xac _build/nrf52840_xxaa/bsp_btn_ble.c.o
 .text.bsp_btn_ble_sleep_mode_prepare
                0x0002a918       0x24 _build/nrf52840_xxaa/bsp_btn_ble.c.o
                0x0002a918                bsp_btn_ble_sleep_mode_prepare
 .text.bsp_btn_ble_init
                0x0002a93c       0x6c _build/nrf52840_xxaa/bsp_btn_ble.c.o
                0x0002a93c                bsp_btn_ble_init
 .text.sd_power_system_off
                0x0002a9a8        0x4 _build/nrf52840_xxaa/main.c.o
 .text.sd_ble_gap_disconnect
                0x0002a9ac        0x4 _build/nrf52840_xxaa/main.c.o
 .text.sd_ble_gap_appearance_set
                0x0002a9b0        0x4 _build/nrf52840_xxaa/main.c.o
 .text.sd_ble_gap_ppcp_set
                0x0002a9b4        0x4 _build/nrf52840_xxaa/main.c.o
 .text.sd_ble_gap_device_name_set
                0x0002a9b8        0x4 _build/nrf52840_xxaa/main.c.o
 .text.sd_ble_gap_phy_update
                0x0002a9bc        0x4 _build/nrf52840_xxaa/main.c.o
 .text.on_conn_params_evt
                0x0002a9c0        0x4 _build/nrf52840_xxaa/main.c.o
 .text.nrf_qwr_error_handler
                0x0002a9c4        0x4 _build/nrf52840_xxaa/main.c.o
 .text.gatt_evt_handler
                0x0002a9c8       0x48 _build/nrf52840_xxaa/main.c.o
 .text.saadc_callback
                0x0002aa10      0x134 _build/nrf52840_xxaa/main.c.o
                0x0002aa10                saadc_callback
 .text.bsp_event_handler
                0x0002ab44       0x60 _build/nrf52840_xxaa/main.c.o
                0x0002ab44                bsp_event_handler
 .text.conn_params_error_handler
                0x0002aba4        0x4 _build/nrf52840_xxaa/main.c.o
 .text.on_adv_evt
                0x0002aba8       0x44 _build/nrf52840_xxaa/main.c.o
 .text.ble_evt_handler
                0x0002abec       0xf0 _build/nrf52840_xxaa/main.c.o
 .text.advertising_start
                0x0002acdc       0x3c _build/nrf52840_xxaa/main.c.o
                0x0002acdc                advertising_start
 .text.saadc_init
                0x0002ad18      0x100 _build/nrf52840_xxaa/main.c.o
                0x0002ad18                saadc_init
 .text.saadc_timer_handler
                0x0002ae18       0x2c _build/nrf52840_xxaa/main.c.o
 .text.startup.main
                0x0002ae44      0x2c8 _build/nrf52840_xxaa/main.c.o
                0x0002ae44                main
 .text.sd_ble_gap_addr_get
                0x0002b10c        0x4 _build/nrf52840_xxaa/ble_advdata.c.o
 .text.sd_ble_gap_appearance_get
                0x0002b110        0x4 _build/nrf52840_xxaa/ble_advdata.c.o
 .text.sd_ble_gap_device_name_get
                0x0002b114        0x4 _build/nrf52840_xxaa/ble_advdata.c.o
 .text.sd_ble_uuid_encode
                0x0002b118        0x4 _build/nrf52840_xxaa/ble_advdata.c.o
 .text.uuid_list_sized_encode.isra.0
                0x0002b11c       0xf0 _build/nrf52840_xxaa/ble_advdata.c.o
 .text.ble_advdata_encode
                0x0002b20c      0x400 _build/nrf52840_xxaa/ble_advdata.c.o
                0x0002b20c                ble_advdata_encode
 .text.ble_advdata_parse
                0x0002b60c       0x4c _build/nrf52840_xxaa/ble_advdata.c.o
                0x0002b60c                ble_advdata_parse
 .text.sd_ble_gap_adv_set_configure
                0x0002b658        0x4 _build/nrf52840_xxaa/ble_advertising.c.o
 .text.sd_ble_gap_adv_start
                0x0002b65c        0x4 _build/nrf52840_xxaa/ble_advertising.c.o
 .text.sd_ble_gap_adv_stop
                0x0002b660        0x4 _build/nrf52840_xxaa/ble_advertising.c.o
 .text.ble_advertising_start.part.0
                0x0002b664      0x2f8 _build/nrf52840_xxaa/ble_advertising.c.o
 .text.ble_advertising_conn_cfg_tag_set
                0x0002b95c        0x8 _build/nrf52840_xxaa/ble_advertising.c.o
                0x0002b95c                ble_advertising_conn_cfg_tag_set
 .text.ble_advertising_init
                0x0002b964       0xdc _build/nrf52840_xxaa/ble_advertising.c.o
                0x0002b964                ble_advertising_init
 .text.ble_advertising_start
                0x0002ba40       0x2c _build/nrf52840_xxaa/ble_advertising.c.o
                0x0002ba40                ble_advertising_start
 .text.ble_advertising_on_ble_evt
                0x0002ba6c       0x9c _build/nrf52840_xxaa/ble_advertising.c.o
                0x0002ba6c                ble_advertising_on_ble_evt
 .text.ble_advertising_on_sys_evt
                0x0002bb08       0x44 _build/nrf52840_xxaa/ble_advertising.c.o
                0x0002bb08                ble_advertising_on_sys_evt
 .text.ble_advertising_restart_without_whitelist
                0x0002bb4c       0x78 _build/nrf52840_xxaa/ble_advertising.c.o
                0x0002bb4c                ble_advertising_restart_without_whitelist
 .text.sd_ble_gap_conn_param_update
                0x0002bbc4        0x4 _build/nrf52840_xxaa/ble_conn_params.c.o
 .text.sd_ble_gap_disconnect
                0x0002bbc8        0x4 _build/nrf52840_xxaa/ble_conn_params.c.o
 .text.sd_ble_gap_ppcp_set
                0x0002bbcc        0x4 _build/nrf52840_xxaa/ble_conn_params.c.o
 .text.sd_ble_gap_ppcp_get
                0x0002bbd0        0x4 _build/nrf52840_xxaa/ble_conn_params.c.o
 .text.update_timeout_handler
                0x0002bbd4       0x78 _build/nrf52840_xxaa/ble_conn_params.c.o
 .text.ble_evt_handler
                0x0002bc4c      0x1d4 _build/nrf52840_xxaa/ble_conn_params.c.o
 .text.ble_conn_params_init
                0x0002be20       0x78 _build/nrf52840_xxaa/ble_conn_params.c.o
                0x0002be20                ble_conn_params_init
 .text.ble_evt_handler
                0x0002be98      0x124 _build/nrf52840_xxaa/ble_conn_state.c.o
 .text.ble_conn_state_role
                0x0002bfbc       0x34 _build/nrf52840_xxaa/ble_conn_state.c.o
                0x0002bfbc                ble_conn_state_role
 .text.ble_conn_state_encrypted
                0x0002bff0       0x30 _build/nrf52840_xxaa/ble_conn_state.c.o
                0x0002bff0                ble_conn_state_encrypted
 .text.ble_conn_state_user_flag_get
                0x0002c020       0x38 _build/nrf52840_xxaa/ble_conn_state.c.o
                0x0002c020                ble_conn_state_user_flag_get
 .text.ble_conn_state_user_flag_set
                0x0002c058       0x44 _build/nrf52840_xxaa/ble_conn_state.c.o
                0x0002c058                ble_conn_state_user_flag_set
 .text.ble_conn_state_for_each_set_user_flag
                0x0002c09c       0x5c _build/nrf52840_xxaa/ble_conn_state.c.o
                0x0002c09c                ble_conn_state_for_each_set_user_flag
 .text.ble_srv_is_notification_enabled
                0x0002c0f8        0x8 _build/nrf52840_xxaa/ble_srv_common.c.o
                0x0002c0f8                ble_srv_is_notification_enabled
 .text.ble_srv_ascii_to_utf8
                0x0002c100       0x14 _build/nrf52840_xxaa/ble_srv_common.c.o
                0x0002c100                ble_srv_ascii_to_utf8
 .text.db_update_pending_handle
                0x0002c114       0xb4 _build/nrf52840_xxaa/gatt_cache_manager.c.o
 .text.local_db_apply_in_evt
                0x0002c1c8       0xb8 _build/nrf52840_xxaa/gatt_cache_manager.c.o
 .text.sc_send_pending_handle
                0x0002c280       0xe0 _build/nrf52840_xxaa/gatt_cache_manager.c.o
 .text.apply_pending_handle
                0x0002c360       0xb8 _build/nrf52840_xxaa/gatt_cache_manager.c.o
 .text.gcm_im_evt_handler
                0x0002c418       0x30 _build/nrf52840_xxaa/gatt_cache_manager.c.o
                0x0002c418                gcm_im_evt_handler
 .text.gcm_pdb_evt_handler
                0x0002c448       0xa8 _build/nrf52840_xxaa/gatt_cache_manager.c.o
                0x0002c448                gcm_pdb_evt_handler
 .text.gcm_ble_evt_handler
                0x0002c4f0       0xd8 _build/nrf52840_xxaa/gatt_cache_manager.c.o
                0x0002c4f0                gcm_ble_evt_handler
 .text.sd_ble_gatts_service_changed
                0x0002c5c8        0x4 _build/nrf52840_xxaa/gatts_cache_manager.c.o
 .text.sd_ble_gatts_sys_attr_set
                0x0002c5cc        0x4 _build/nrf52840_xxaa/gatts_cache_manager.c.o
 .text.sd_ble_gatts_sys_attr_get
                0x0002c5d0        0x4 _build/nrf52840_xxaa/gatts_cache_manager.c.o
 .text.sd_ble_gatts_initial_user_handle_get
                0x0002c5d4        0x4 _build/nrf52840_xxaa/gatts_cache_manager.c.o
 .text.gscm_pdb_evt_handler
                0x0002c5d8       0x58 _build/nrf52840_xxaa/gatts_cache_manager.c.o
                0x0002c5d8                gscm_pdb_evt_handler
 .text.gscm_local_db_cache_update
                0x0002c630       0x98 _build/nrf52840_xxaa/gatts_cache_manager.c.o
                0x0002c630                gscm_local_db_cache_update
 .text.gscm_local_db_cache_apply
                0x0002c6c8       0x84 _build/nrf52840_xxaa/gatts_cache_manager.c.o
                0x0002c6c8                gscm_local_db_cache_apply
 .text.gscm_service_changed_ind_needed
                0x0002c74c       0x2c _build/nrf52840_xxaa/gatts_cache_manager.c.o
                0x0002c74c                gscm_service_changed_ind_needed
 .text.gscm_service_changed_ind_send
                0x0002c778       0x38 _build/nrf52840_xxaa/gatts_cache_manager.c.o
                0x0002c778                gscm_service_changed_ind_send
 .text.gscm_db_change_notification_done
                0x0002c7b0       0x24 _build/nrf52840_xxaa/gatts_cache_manager.c.o
                0x0002c7b0                gscm_db_change_notification_done
 .text.sd_ecb_block_encrypt
                0x0002c7d4        0x4 _build/nrf52840_xxaa/id_manager.c.o
 .text.im_ble_evt_handler
                0x0002c7d8      0x264 _build/nrf52840_xxaa/id_manager.c.o
                0x0002c7d8                im_ble_evt_handler
 .text.im_is_duplicate_bonding_data
                0x0002ca3c      0x11c _build/nrf52840_xxaa/id_manager.c.o
                0x0002ca3c                im_is_duplicate_bonding_data
 .text.im_find_duplicate_bonding_data
                0x0002cb58       0x40 _build/nrf52840_xxaa/id_manager.c.o
                0x0002cb58                im_find_duplicate_bonding_data
 .text.im_peer_id_get_by_conn_handle
                0x0002cb98       0x40 _build/nrf52840_xxaa/id_manager.c.o
                0x0002cb98                im_peer_id_get_by_conn_handle
 .text.im_ble_addr_get
                0x0002cbd8       0x50 _build/nrf52840_xxaa/id_manager.c.o
                0x0002cbd8                im_ble_addr_get
 .text.im_master_ids_compare
                0x0002cc28       0x44 _build/nrf52840_xxaa/id_manager.c.o
                0x0002cc28                im_master_ids_compare
 .text.im_peer_id_get_by_master_id
                0x0002cc6c       0xf4 _build/nrf52840_xxaa/id_manager.c.o
                0x0002cc6c                im_peer_id_get_by_master_id
 .text.im_conn_handle_get
                0x0002cd60       0x38 _build/nrf52840_xxaa/id_manager.c.o
                0x0002cd60                im_conn_handle_get
 .text.im_new_peer_id
                0x0002cd98       0x3c _build/nrf52840_xxaa/id_manager.c.o
                0x0002cd98                im_new_peer_id
 .text.im_peer_free
                0x0002cdd4       0x7c _build/nrf52840_xxaa/id_manager.c.o
                0x0002cdd4                im_peer_free
 .text.sd_ble_gap_data_length_update
                0x0002ce50        0x4 _build/nrf52840_xxaa/nrf_ble_gatt.c.o
 .text.sd_ble_gattc_exchange_mtu_request
                0x0002ce54        0x4 _build/nrf52840_xxaa/nrf_ble_gatt.c.o
 .text.sd_ble_gatts_exchange_mtu_reply
                0x0002ce58        0x4 _build/nrf52840_xxaa/nrf_ble_gatt.c.o
 .text.data_length_update.constprop.0
                0x0002ce5c       0x90 _build/nrf52840_xxaa/nrf_ble_gatt.c.o
 .text.nrf_ble_gatt_init
                0x0002ceec       0x30 _build/nrf52840_xxaa/nrf_ble_gatt.c.o
                0x0002ceec                nrf_ble_gatt_init
 .text.nrf_ble_gatt_on_ble_evt
                0x0002cf1c      0x1c0 _build/nrf52840_xxaa/nrf_ble_gatt.c.o
                0x0002cf1c                nrf_ble_gatt_on_ble_evt
 .text.sd_ble_gatts_rw_authorize_reply
                0x0002d0dc        0x4 _build/nrf52840_xxaa/nrf_ble_qwr.c.o
 .text.sd_ble_user_mem_reply
                0x0002d0e0        0x4 _build/nrf52840_xxaa/nrf_ble_qwr.c.o
 .text.nrf_ble_qwr_init
                0x0002d0e4       0x24 _build/nrf52840_xxaa/nrf_ble_qwr.c.o
                0x0002d0e4                nrf_ble_qwr_init
 .text.nrf_ble_qwr_conn_handle_assign
                0x0002d108       0x18 _build/nrf52840_xxaa/nrf_ble_qwr.c.o
                0x0002d108                nrf_ble_qwr_conn_handle_assign
 .text.nrf_ble_qwr_on_ble_evt
                0x0002d120       0xf4 _build/nrf52840_xxaa/nrf_ble_qwr.c.o
                0x0002d120                nrf_ble_qwr_on_ble_evt
 .text.peer_data_delete_process
                0x0002d214       0x94 _build/nrf52840_xxaa/peer_data_storage.c.o
 .text.pds_peer_data_read
                0x0002d2a8       0x8c _build/nrf52840_xxaa/peer_data_storage.c.o
                0x0002d2a8                pds_peer_data_read
 .text.pds_peer_data_iterate_prepare
                0x0002d334       0x10 _build/nrf52840_xxaa/peer_data_storage.c.o
                0x0002d334                pds_peer_data_iterate_prepare
 .text.pds_peer_data_iterate
                0x0002d344       0x58 _build/nrf52840_xxaa/peer_data_storage.c.o
                0x0002d344                pds_peer_data_iterate
 .text.pds_space_reserve
                0x0002d39c       0x30 _build/nrf52840_xxaa/peer_data_storage.c.o
                0x0002d39c                pds_space_reserve
 .text.pds_space_reserve_cancel
                0x0002d3cc       0x18 _build/nrf52840_xxaa/peer_data_storage.c.o
                0x0002d3cc                pds_space_reserve_cancel
 .text.pds_peer_data_store
                0x0002d3e4       0xc4 _build/nrf52840_xxaa/peer_data_storage.c.o
                0x0002d3e4                pds_peer_data_store
 .text.pds_peer_id_allocate
                0x0002d4a8        0x8 _build/nrf52840_xxaa/peer_data_storage.c.o
                0x0002d4a8                pds_peer_id_allocate
 .text.pds_peer_id_free
                0x0002d4b0       0x18 _build/nrf52840_xxaa/peer_data_storage.c.o
                0x0002d4b0                pds_peer_id_free
 .text.pds_peer_id_is_allocated
                0x0002d4c8        0x4 _build/nrf52840_xxaa/peer_data_storage.c.o
                0x0002d4c8                pds_peer_id_is_allocated
 .text.pds_next_peer_id_get
                0x0002d4cc        0x4 _build/nrf52840_xxaa/peer_data_storage.c.o
                0x0002d4cc                pds_next_peer_id_get
 .text.pds_next_deleted_peer_id_get
                0x0002d4d0        0x4 _build/nrf52840_xxaa/peer_data_storage.c.o
                0x0002d4d0                pds_next_deleted_peer_id_get
 .text.write_buf_store
                0x0002d4d4       0xcc _build/nrf52840_xxaa/peer_database.c.o
                0x0002d4d4                write_buf_store
 .text.pdb_pds_evt_handler
                0x0002d5a0      0x174 _build/nrf52840_xxaa/peer_database.c.o
                0x0002d5a0                pdb_pds_evt_handler
 .text.pdb_peer_allocate
                0x0002d714        0x4 _build/nrf52840_xxaa/peer_database.c.o
                0x0002d714                pdb_peer_allocate
 .text.pdb_peer_free
                0x0002d718      0x124 _build/nrf52840_xxaa/peer_database.c.o
                0x0002d718                pdb_peer_free
 .text.pdb_peer_data_ptr_get
                0x0002d83c        0x8 _build/nrf52840_xxaa/peer_database.c.o
                0x0002d83c                pdb_peer_data_ptr_get
 .text.pdb_write_buf_get
                0x0002d844      0x14c _build/nrf52840_xxaa/peer_database.c.o
                0x0002d844                pdb_write_buf_get
 .text.pdb_write_buf_release
                0x0002d990       0xa0 _build/nrf52840_xxaa/peer_database.c.o
                0x0002d990                pdb_write_buf_release
 .text.pdb_write_buf_store_prepare
                0x0002da30       0x9c _build/nrf52840_xxaa/peer_database.c.o
                0x0002da30                pdb_write_buf_store_prepare
 .text.pdb_write_buf_store
                0x0002dacc       0x64 _build/nrf52840_xxaa/peer_database.c.o
                0x0002dacc                pdb_write_buf_store
 .text.pdb_next_peer_id_get
                0x0002db30        0x4 _build/nrf52840_xxaa/peer_database.c.o
                0x0002db30                pdb_next_peer_id_get
 .text.pdb_next_deleted_peer_id_get
                0x0002db34        0x4 _build/nrf52840_xxaa/peer_database.c.o
                0x0002db34                pdb_next_deleted_peer_id_get
 .text.pdb_peer_data_load
                0x0002db38       0x14 _build/nrf52840_xxaa/peer_database.c.o
                0x0002db38                pdb_peer_data_load
 .text.pdb_raw_store
                0x0002db4c        0x8 _build/nrf52840_xxaa/peer_database.c.o
                0x0002db4c                pdb_raw_store
 .text.peer_id_allocate
                0x0002db54       0x3c _build/nrf52840_xxaa/peer_id.c.o
                0x0002db54                peer_id_allocate
 .text.peer_id_delete
                0x0002db90       0x24 _build/nrf52840_xxaa/peer_id.c.o
                0x0002db90                peer_id_delete
 .text.peer_id_free
                0x0002dbb4       0x28 _build/nrf52840_xxaa/peer_id.c.o
                0x0002dbb4                peer_id_free
 .text.peer_id_is_allocated
                0x0002dbdc       0x14 _build/nrf52840_xxaa/peer_id.c.o
                0x0002dbdc                peer_id_is_allocated
 .text.peer_id_get_next_used
                0x0002dbf0       0x70 _build/nrf52840_xxaa/peer_id.c.o
                0x0002dbf0                peer_id_get_next_used
 .text.peer_id_get_next_deleted
                0x0002dc60       0x40 _build/nrf52840_xxaa/peer_id.c.o
                0x0002dc60                peer_id_get_next_deleted
 .text.ble_evt_handler
                0x0002dca0       0x24 _build/nrf52840_xxaa/peer_manager.c.o
 .text.pm_peer_ranks_get.part.0
                0x0002dcc4       0xc0 _build/nrf52840_xxaa/peer_manager.c.o
 .text.pm_pdb_evt_handler
                0x0002dd84      0x254 _build/nrf52840_xxaa/peer_manager.c.o
                0x0002dd84                pm_pdb_evt_handler
 .text.pm_sm_evt_handler
                0x0002dfd8       0x2c _build/nrf52840_xxaa/peer_manager.c.o
                0x0002dfd8                pm_sm_evt_handler
 .text.pm_gcm_evt_handler
                0x0002e004       0x28 _build/nrf52840_xxaa/peer_manager.c.o
                0x0002e004                pm_gcm_evt_handler
 .text.pm_im_evt_handler
                0x0002e02c       0x28 _build/nrf52840_xxaa/peer_manager.c.o
                0x0002e02c                pm_im_evt_handler
 .text.pm_peers_delete
                0x0002e054       0xa0 _build/nrf52840_xxaa/peer_manager.c.o
                0x0002e054                pm_peers_delete
 .text.pm_buffer_block_acquire
                0x0002e0f4       0x9c _build/nrf52840_xxaa/pm_buffer.c.o
                0x0002e0f4                pm_buffer_block_acquire
 .text.pm_buffer_ptr_get
                0x0002e190       0x2c _build/nrf52840_xxaa/pm_buffer.c.o
                0x0002e190                pm_buffer_ptr_get
 .text.pm_buffer_release
                0x0002e1bc       0x34 _build/nrf52840_xxaa/pm_buffer.c.o
                0x0002e1bc                pm_buffer_release
 .text.pm_mutex_lock
                0x0002e1f0       0x5c _build/nrf52840_xxaa/pm_mutex.c.o
                0x0002e1f0                pm_mutex_lock
 .text.pm_mutex_unlock
                0x0002e24c       0x44 _build/nrf52840_xxaa/pm_mutex.c.o
                0x0002e24c                pm_mutex_unlock
 .text.pm_mutex_lock_first_available
                0x0002e290       0x78 _build/nrf52840_xxaa/pm_mutex.c.o
                0x0002e290                pm_mutex_lock_first_available
 .text.pm_mutex_lock_status_get
                0x0002e308       0x20 _build/nrf52840_xxaa/pm_mutex.c.o
                0x0002e308                pm_mutex_lock_status_get
 .text.sd_ble_gap_authenticate
                0x0002e328        0x4 _build/nrf52840_xxaa/security_dispatcher.c.o
 .text.sd_ble_gap_sec_params_reply
                0x0002e32c        0x4 _build/nrf52840_xxaa/security_dispatcher.c.o
 .text.sd_ble_gap_sec_info_reply
                0x0002e330        0x4 _build/nrf52840_xxaa/security_dispatcher.c.o
 .text.pairing_failure
                0x0002e334       0xd8 _build/nrf52840_xxaa/security_dispatcher.c.o
 .text.smd_params_reply
                0x0002e40c      0x1d0 _build/nrf52840_xxaa/security_dispatcher.c.o
                0x0002e40c                smd_params_reply
 .text.smd_link_secure
                0x0002e5dc       0x28 _build/nrf52840_xxaa/security_dispatcher.c.o
                0x0002e5dc                smd_link_secure
 .text.smd_ble_evt_handler
                0x0002e604      0x524 _build/nrf52840_xxaa/security_dispatcher.c.o
                0x0002e604                smd_ble_evt_handler
 .text.link_secure
                0x0002eb28      0x1bc _build/nrf52840_xxaa/security_manager.c.o
 .text.link_secure_pending_handle
                0x0002ece4       0x38 _build/nrf52840_xxaa/security_manager.c.o
 .text.smd_params_reply_perform
                0x0002ed1c      0x164 _build/nrf52840_xxaa/security_manager.c.o
 .text.params_reply_pending_handle
                0x0002ee80        0x8 _build/nrf52840_xxaa/security_manager.c.o
 .text.sm_smd_evt_handler
                0x0002ee88       0x5c _build/nrf52840_xxaa/security_manager.c.o
                0x0002ee88                sm_smd_evt_handler
 .text.sm_pdb_evt_handler
                0x0002eee4       0x60 _build/nrf52840_xxaa/security_manager.c.o
                0x0002eee4                sm_pdb_evt_handler
 .text.sm_ble_evt_handler
                0x0002ef44       0x20 _build/nrf52840_xxaa/security_manager.c.o
                0x0002ef44                sm_ble_evt_handler
 .text.ble_bas_on_ble_evt
                0x0002ef64       0x54 _build/nrf52840_xxaa/ble_bas.c.o
                0x0002ef64                ble_bas_on_ble_evt
 .text.sd_ble_gatts_service_add
                0x0002efb8        0x4 _build/nrf52840_xxaa/ble_dis.c.o
 .text.sd_ble_gatts_characteristic_add
                0x0002efbc        0x4 _build/nrf52840_xxaa/ble_dis.c.o
 .text.char_add.isra.0
                0x0002efc0       0xb8 _build/nrf52840_xxaa/ble_dis.c.o
 .text.ble_dis_init
                0x0002f078      0x214 _build/nrf52840_xxaa/ble_dis.c.o
                0x0002f078                ble_dis_init
 .text.sd_ble_gatts_service_add
                0x0002f28c        0x4 _build/nrf52840_xxaa/ble_hrs.c.o
 .text.sd_ble_gatts_characteristic_add
                0x0002f290        0x4 _build/nrf52840_xxaa/ble_hrs.c.o
 .text.sd_ble_gatts_hvx
                0x0002f294        0x4 _build/nrf52840_xxaa/ble_hrs.c.o
 .text.heart_rate_measurement_char_add
                0x0002f298       0xe0 _build/nrf52840_xxaa/ble_hrs.c.o
 .text.ble_hrs_on_ble_evt
                0x0002f378       0x54 _build/nrf52840_xxaa/ble_hrs.c.o
                0x0002f378                ble_hrs_on_ble_evt
 .text.ble_hrs_init
                0x0002f3cc       0xec _build/nrf52840_xxaa/ble_hrs.c.o
                0x0002f3cc                ble_hrs_init
 .text.ble_hrs_heart_rate_measurement_send36
                0x0002f4b8       0x7c _build/nrf52840_xxaa/ble_hrs.c.o
                0x0002f4b8                ble_hrs_heart_rate_measurement_send36
 .text.ble_hrs_on_gatt_evt
                0x0002f534       0x20 _build/nrf52840_xxaa/ble_hrs.c.o
                0x0002f534                ble_hrs_on_gatt_evt
 .text.sd_softdevice_enable
                0x0002f554        0x4 _build/nrf52840_xxaa/nrf_sdh.c.o
 .text.sd_softdevice_disable
                0x0002f558        0x4 _build/nrf52840_xxaa/nrf_sdh.c.o
 .text.nrf_sdh_enable_request
                0x0002f55c      0x11c _build/nrf52840_xxaa/nrf_sdh.c.o
                0x0002f55c                nrf_sdh_enable_request
 .text.nrf_sdh_disable_request
                0x0002f678       0xe4 _build/nrf52840_xxaa/nrf_sdh.c.o
                0x0002f678                nrf_sdh_disable_request
 .text.nrf_sdh_request_continue
                0x0002f75c       0x20 _build/nrf52840_xxaa/nrf_sdh.c.o
                0x0002f75c                nrf_sdh_request_continue
 .text.nrf_sdh_is_enabled
                0x0002f77c        0xc _build/nrf52840_xxaa/nrf_sdh.c.o
                0x0002f77c                nrf_sdh_is_enabled
 .text.SWI2_EGU2_IRQHandler
                0x0002f788       0x2c _build/nrf52840_xxaa/nrf_sdh.c.o
                0x0002f788                SWI2_EGU2_IRQHandler
 .text.sd_ble_enable
                0x0002f7b4        0x4 _build/nrf52840_xxaa/nrf_sdh_ble.c.o
 .text.sd_ble_cfg_set
                0x0002f7b8        0x4 _build/nrf52840_xxaa/nrf_sdh_ble.c.o
 .text.sd_ble_evt_get
                0x0002f7bc        0x4 _build/nrf52840_xxaa/nrf_sdh_ble.c.o
 .text.nrf_sdh_ble_evts_poll.part.0
                0x0002f7c0       0x54 _build/nrf52840_xxaa/nrf_sdh_ble.c.o
 .text.nrf_sdh_ble_evts_poll
                0x0002f814       0x10 _build/nrf52840_xxaa/nrf_sdh_ble.c.o
 .text.nrf_sdh_ble_default_cfg_set
                0x0002f824      0x1b0 _build/nrf52840_xxaa/nrf_sdh_ble.c.o
                0x0002f824                nrf_sdh_ble_default_cfg_set
 .text.nrf_sdh_ble_enable
                0x0002f9d4       0x9c _build/nrf52840_xxaa/nrf_sdh_ble.c.o
                0x0002f9d4                nrf_sdh_ble_enable
 .text.sd_evt_get
                0x0002fa70        0x4 _build/nrf52840_xxaa/nrf_sdh_soc.c.o
 .text.nrf_sdh_soc_evts_poll
                0x0002fa74       0x4c _build/nrf52840_xxaa/nrf_sdh_soc.c.o
 .text.exit     0x0002fac0       0x28 c:/program files (x86)/gnu arm embedded toolchain/9 2020-q2-update/bin/../lib/gcc/arm-none-eabi/9.3.1/../../../../arm-none-eabi/lib/thumb/v7e-m+fp/hard\libc_nano.a(lib_a-exit.o)
                0x0002fac0                exit
 .text.__libc_init_array
                0x0002fae8       0x48 c:/program files (x86)/gnu arm embedded toolchain/9 2020-q2-update/bin/../lib/gcc/arm-none-eabi/9.3.1/../../../../arm-none-eabi/lib/thumb/v7e-m+fp/hard\libc_nano.a(lib_a-init.o)
                0x0002fae8                __libc_init_array
 .text.memcmp   0x0002fb30       0x1c c:/program files (x86)/gnu arm embedded toolchain/9 2020-q2-update/bin/../lib/gcc/arm-none-eabi/9.3.1/../../../../arm-none-eabi/lib/thumb/v7e-m+fp/hard\libc_nano.a(lib_a-memcmp.o)
                0x0002fb30                memcmp
 .text.memcpy   0x0002fb4c       0x1c c:/program files (x86)/gnu arm embedded toolchain/9 2020-q2-update/bin/../lib/gcc/arm-none-eabi/9.3.1/../../../../arm-none-eabi/lib/thumb/v7e-m+fp/hard\libc_nano.a(lib_a-memcpy-stub.o)
                0x0002fb4c                memcpy
 .text.memmove  0x0002fb68       0x34 c:/program files (x86)/gnu arm embedded toolchain/9 2020-q2-update/bin/../lib/gcc/arm-none-eabi/9.3.1/../../../../arm-none-eabi/lib/thumb/v7e-m+fp/hard\libc_nano.a(lib_a-memmove.o)
                0x0002fb68                memmove
 .text.memset   0x0002fb9c       0x10 c:/program files (x86)/gnu arm embedded toolchain/9 2020-q2-update/bin/../lib/gcc/arm-none-eabi/9.3.1/../../../../arm-none-eabi/lib/thumb/v7e-m+fp/hard\libc_nano.a(lib_a-memset.o)
                0x0002fb9c                memset
 .text          0x0002fbac       0x10 c:/program files (x86)/gnu arm embedded toolchain/9 2020-q2-update/bin/../lib/gcc/arm-none-eabi/9.3.1/../../../../arm-none-eabi/lib/thumb/v7e-m+fp/hard\libc_nano.a(lib_a-strlen.o)
                0x0002fbac                strlen
 .text._exit    0x0002fbbc        0x4 c:/program files (x86)/gnu arm embedded toolchain/9 2020-q2-update/bin/../lib/gcc/arm-none-eabi/9.3.1/../../../../arm-none-eabi/lib/thumb/v7e-m+fp/hard\libnosys.a(_exit.o)
                0x0002fbbc                _exit
 .text          0x0002fbc0      0x378 c:/program files (x86)/gnu arm embedded toolchain/9 2020-q2-update/bin/../lib/gcc/arm-none-eabi/9.3.1/thumb/v7e-m+fp/hard\libgcc.a(_arm_addsubdf3.o)
                0x0002fbc0                __aeabi_drsub
                0x0002fbc8                __aeabi_dsub
                0x0002fbc8                __subdf3
                0x0002fbcc                __aeabi_dadd
                0x0002fbcc                __adddf3
                0x0002fe44                __floatunsidf
                0x0002fe44                __aeabi_ui2d
                0x0002fe64                __floatsidf
                0x0002fe64                __aeabi_i2d
                0x0002fe88                __aeabi_f2d
                0x0002fe88                __extendsfdf2
                0x0002fecc                __floatundidf
                0x0002fecc                __aeabi_ul2d
                0x0002fedc                __floatdidf
                0x0002fedc                __aeabi_l2d
 .text          0x0002ff38      0x424 c:/program files (x86)/gnu arm embedded toolchain/9 2020-q2-update/bin/../lib/gcc/arm-none-eabi/9.3.1/thumb/v7e-m+fp/hard\libgcc.a(_arm_muldivdf3.o)
                0x0002ff38                __aeabi_dmul
                0x0002ff38                __muldf3
                0x0003018c                __divdf3
                0x0003018c                __aeabi_ddiv
 .text          0x0003035c      0x110 c:/program files (x86)/gnu arm embedded toolchain/9 2020-q2-update/bin/../lib/gcc/arm-none-eabi/9.3.1/thumb/v7e-m+fp/hard\libgcc.a(_arm_cmpdf2.o)
                0x0003035c                __gtdf2
                0x0003035c                __gedf2
                0x00030364                __ltdf2
                0x00030364                __ledf2
                0x0003036c                __nedf2
                0x0003036c                __eqdf2
                0x0003036c                __cmpdf2
                0x000303e8                __aeabi_cdrcmple
                0x000303f8                __aeabi_cdcmpeq
                0x000303f8                __aeabi_cdcmple
                0x00030408                __aeabi_dcmpeq
                0x0003041c                __aeabi_dcmplt
                0x00030430                __aeabi_dcmple
                0x00030444                __aeabi_dcmpge
                0x00030458                __aeabi_dcmpgt
 .text          0x0003046c       0x40 c:/program files (x86)/gnu arm embedded toolchain/9 2020-q2-update/bin/../lib/gcc/arm-none-eabi/9.3.1/thumb/v7e-m+fp/hard\libgcc.a(_arm_fixunsdfsi.o)
                0x0003046c                __aeabi_d2uiz
                0x0003046c                __fixunsdfsi
 .text          0x000304ac       0x30 c:/program files (x86)/gnu arm embedded toolchain/9 2020-q2-update/bin/../lib/gcc/arm-none-eabi/9.3.1/thumb/v7e-m+fp/hard\libgcc.a(_aeabi_uldivmod.o)
                0x000304ac                __aeabi_uldivmod
 .text          0x000304dc      0x2c4 c:/program files (x86)/gnu arm embedded toolchain/9 2020-q2-update/bin/../lib/gcc/arm-none-eabi/9.3.1/thumb/v7e-m+fp/hard\libgcc.a(_udivmoddi4.o)
                0x000304dc                __udivmoddi4
 .text          0x000307a0        0x4 c:/program files (x86)/gnu arm embedded toolchain/9 2020-q2-update/bin/../lib/gcc/arm-none-eabi/9.3.1/thumb/v7e-m+fp/hard\libgcc.a(_dvmd_tls.o)
                0x000307a0                __aeabi_idiv0
                0x000307a0                __aeabi_ldiv0
 *(.init)
 .init          0x000307a4        0x4 c:/program files (x86)/gnu arm embedded toolchain/9 2020-q2-update/bin/../lib/gcc/arm-none-eabi/9.3.1/thumb/v7e-m+fp/hard/crti.o
                0x000307a4                _init
 .init          0x000307a8        0x8 c:/program files (x86)/gnu arm embedded toolchain/9 2020-q2-update/bin/../lib/gcc/arm-none-eabi/9.3.1/thumb/v7e-m+fp/hard/crtn.o
 *(.fini)
 .fini          0x000307b0        0x4 c:/program files (x86)/gnu arm embedded toolchain/9 2020-q2-update/bin/../lib/gcc/arm-none-eabi/9.3.1/thumb/v7e-m+fp/hard/crti.o
                0x000307b0                _fini
 .fini          0x000307b4        0x8 c:/program files (x86)/gnu arm embedded toolchain/9 2020-q2-update/bin/../lib/gcc/arm-none-eabi/9.3.1/thumb/v7e-m+fp/hard/crtn.o
 *crtbegin.o(.ctors)
 *crtbegin?.o(.ctors)
 *(EXCLUDE_FILE(*crtend.o *crtend?.o) .ctors)
 *(SORT_BY_NAME(.ctors.*))
 *(.ctors)
 *crtbegin.o(.dtors)
 *crtbegin?.o(.dtors)
 *(EXCLUDE_FILE(*crtend.o *crtend?.o) .dtors)
 *(SORT_BY_NAME(.dtors.*))
 *(.dtors)
 *(.rodata*)
 .rodata.nrf_log_frontend_dequeue.str1.4
                0x000307bc       0x11 _build/nrf52840_xxaa/nrf_log_frontend.c.o
 *fill*         0x000307cd        0x3 
 .rodata.str1.4
                0x000307d0       0x17 _build/nrf52840_xxaa/nrf_log_frontend.c.o
 *fill*         0x000307e7        0x1 
 .rodata.m_detection_delay_timer_id
                0x000307e8        0x4 _build/nrf52840_xxaa/app_button.c.o
 .rodata.app_error_fault_handler.str1.4
                0x000307ec       0x19 _build/nrf52840_xxaa/app_error_weak.c.o
 *fill*         0x00030805        0xb 
 .rodata.delay_bytecode.9101
                0x00030810        0x6 _build/nrf52840_xxaa/app_timer.c.o
 *fill*         0x00030816        0x2 
 .rodata.str1.4
                0x00030818        0xf _build/nrf52840_xxaa/fds.c.o
 *fill*         0x00030827        0x1 
 .rodata.dirty_header.9434
                0x00030828        0x4 _build/nrf52840_xxaa/fds.c.o
 .rodata.page_tag_data.9307
                0x0003082c        0x8 _build/nrf52840_xxaa/fds.c.o
 .rodata.page_tag_swap.9303
                0x00030834        0x8 _build/nrf52840_xxaa/fds.c.o
 .rodata.nrf_fstorage_init.str1.4
                0x0003083c       0x3a _build/nrf52840_xxaa/nrf_fstorage.c.o
 *fill*         0x00030876        0x2 
 .rodata.nrf_fstorage_uninit.str1.4
                0x00030878        0xc _build/nrf52840_xxaa/nrf_fstorage.c.o
 .rodata.nrf_fstorage_read.str1.4
                0x00030884       0x4a _build/nrf52840_xxaa/nrf_fstorage.c.o
 *fill*         0x000308ce        0x2 
 .rodata.nrf_fstorage_write.str1.4
                0x000308d0       0x97 _build/nrf52840_xxaa/nrf_fstorage.c.o
 *fill*         0x00030967        0x1 
 .rodata.nrf_fstorage_erase.str1.4
                0x00030968       0x77 _build/nrf52840_xxaa/nrf_fstorage.c.o
 *fill*         0x000309df        0x1 
 .rodata.str1.4
                0x000309e0        0xd _build/nrf52840_xxaa/nrf_fstorage.c.o
 *fill*         0x000309ed        0x3 
 .rodata.__func__.7965
                0x000309f0       0x13 _build/nrf52840_xxaa/nrf_fstorage.c.o
 *fill*         0x00030a03        0x1 
 .rodata.__func__.7972
                0x00030a04       0x13 _build/nrf52840_xxaa/nrf_fstorage.c.o
 *fill*         0x00030a17        0x1 
 .rodata.str1.4
                0x00030a18        0xe _build/nrf52840_xxaa/nrf_fstorage_sd.c.o
 *fill*         0x00030a26        0x2 
 .rodata.str1.4
                0x00030a28        0x9 _build/nrf52840_xxaa/nrf_pwr_mgmt.c.o
 *fill*         0x00030a31        0x3 
 .rodata.pwr_mgmt_data
                0x00030a34        0xc _build/nrf52840_xxaa/nrf_pwr_mgmt.c.o
 .rodata.str1.4
                0x00030a40      0x3e9 _build/nrf52840_xxaa/nrf_strerror.c.o
 *fill*         0x00030e29        0x3 
 .rodata.m_unknown_str
                0x00030e2c       0x13 _build/nrf52840_xxaa/nrf_strerror.c.o
 *fill*         0x00030e3f        0x1 
 .rodata.nrf_strerror_array
                0x00030e40      0x128 _build/nrf52840_xxaa/nrf_strerror.c.o
 .rodata.m_board_led_list
                0x00030f68        0x4 _build/nrf52840_xxaa/boards.c.o
 .rodata.str1.4
                0x00030f6c        0x6 _build/nrf52840_xxaa/nrf_drv_clock.c.o
 *fill*         0x00030f72        0x2 
 .rodata.str1.4
                0x00030f74        0x6 _build/nrf52840_xxaa/nrfx_clock.c.o
 *fill*         0x00030f7a        0x2 
 .rodata.str1.4
                0x00030f7c        0x7 _build/nrf52840_xxaa/nrfx_gpiote.c.o
 *fill*         0x00030f83        0x1 
 .rodata.str1.4
                0x00030f84        0x4 _build/nrf52840_xxaa/nrfx_prs.c.o
 .rodata.str1.4
                0x00030f88        0x5 _build/nrf52840_xxaa/nrfx_uart.c.o
 *fill*         0x00030f8d        0x3 
 .rodata.str1.4
                0x00030f90        0x6 _build/nrf52840_xxaa/nrfx_uarte.c.o
 *fill*         0x00030f96        0x2 
 .rodata.app_buttons
                0x00030f98        0x8 _build/nrf52840_xxaa/bsp.c.o
 .rodata.m_bsp_alert_tmr
                0x00030fa0        0x4 _build/nrf52840_xxaa/bsp.c.o
 .rodata.m_bsp_button_tmr
                0x00030fa4        0x4 _build/nrf52840_xxaa/bsp.c.o
 .rodata.m_bsp_leds_tmr
                0x00030fa8        0x4 _build/nrf52840_xxaa/bsp.c.o
 .rodata.gatt_evt_handler.str1.4
                0x00030fac       0x2f _build/nrf52840_xxaa/main.c.o
 *fill*         0x00030fdb        0x1 
 .rodata.ble_evt_handler.str1.4
                0x00030fdc       0x19 _build/nrf52840_xxaa/main.c.o
 *fill*         0x00030ff5        0x3 
 .rodata.main.str1.4
                0x00030ff8       0x20 _build/nrf52840_xxaa/main.c.o
 .rodata        0x00031018        0xd _build/nrf52840_xxaa/main.c.o
 *fill*         0x00031025        0xb 
 .rodata.delay_bytecode.10672
                0x00031030        0x6 _build/nrf52840_xxaa/main.c.o
 *fill*         0x00031036        0x2 
 .rodata.m_heart_rate_timer_id
                0x00031038        0x4 _build/nrf52840_xxaa/main.c.o
 *fill*         0x0003103c        0x4 
 .rodata.saadc_gain_scale
                0x00031040       0x40 _build/nrf52840_xxaa/main.c.o
 .rodata        0x00031080       0x10 _build/nrf52840_xxaa/gatts_cache_manager.c.o
 .rodata.service_changed_pending.10326
                0x00031090        0x4 _build/nrf52840_xxaa/gatts_cache_manager.c.o
 .rodata.service_changed_pending.10382
                0x00031094        0x4 _build/nrf52840_xxaa/gatts_cache_manager.c.o
 .rodata.data_length_update.constprop.0.str1.4
                0x00031098       0xe2 _build/nrf52840_xxaa/nrf_ble_gatt.c.o
 *fill*         0x0003117a        0x2 
 .rodata.nrf_ble_gatt_on_ble_evt.str1.4
                0x0003117c       0x63 _build/nrf52840_xxaa/nrf_ble_gatt.c.o
 *fill*         0x000311df        0x1 
 .rodata.str1.4
                0x000311e0        0xd _build/nrf52840_xxaa/nrf_ble_gatt.c.o
 *fill*         0x000311ed        0x3 
 .rodata.CSWTCH.24
                0x000311f0       0x28 _build/nrf52840_xxaa/peer_data_storage.c.o
 .rodata.str1.4
                0x00031218        0x8 _build/nrf52840_xxaa/ble_bas.c.o
 .rodata.str1.4
                0x00031220        0x8 _build/nrf52840_xxaa/nrf_sdh.c.o
 .rodata        0x00031228        0x4 _build/nrf52840_xxaa/nrf_sdh.c.o
 .rodata.sdh_req_observers
                0x0003122c        0xc _build/nrf52840_xxaa/nrf_sdh.c.o
 .rodata.sdh_stack_observers
                0x00031238        0xc _build/nrf52840_xxaa/nrf_sdh.c.o
 .rodata.sdh_state_observers
                0x00031244        0xc _build/nrf52840_xxaa/nrf_sdh.c.o
 .rodata.nrf_sdh_ble_default_cfg_set.str1.4
                0x00031250      0x1cf _build/nrf52840_xxaa/nrf_sdh_ble.c.o
 *fill*         0x0003141f        0x1 
 .rodata.nrf_sdh_ble_enable.str1.4
                0x00031420       0xad _build/nrf52840_xxaa/nrf_sdh_ble.c.o
 *fill*         0x000314cd        0x3 
 .rodata.str1.4
                0x000314d0        0xc _build/nrf52840_xxaa/nrf_sdh_ble.c.o
 .rodata.sdh_ble_observers
                0x000314dc        0xc _build/nrf52840_xxaa/nrf_sdh_ble.c.o
 .rodata.str1.4
                0x000314e8        0xc _build/nrf52840_xxaa/nrf_sdh_soc.c.o
 .rodata.sdh_soc_observers
                0x000314f4        0xc _build/nrf52840_xxaa/nrf_sdh_soc.c.o
 .rodata._global_impure_ptr
                0x00031500        0x4 c:/program files (x86)/gnu arm embedded toolchain/9 2020-q2-update/bin/../lib/gcc/arm-none-eabi/9.3.1/../../../../arm-none-eabi/lib/thumb/v7e-m+fp/hard\libc_nano.a(lib_a-impure.o)
                0x00031500                _global_impure_ptr
 *(.eh_frame*)
 .eh_frame      0x00031504        0x0 c:/program files (x86)/gnu arm embedded toolchain/9 2020-q2-update/bin/../lib/gcc/arm-none-eabi/9.3.1/thumb/v7e-m+fp/hard/crtbegin.o
 .eh_frame      0x00031504        0x4 c:/program files (x86)/gnu arm embedded toolchain/9 2020-q2-update/bin/../lib/gcc/arm-none-eabi/9.3.1/thumb/v7e-m+fp/hard/crtend.o

.glue_7         0x00031508        0x0
 .glue_7        0x00031508        0x0 linker stubs

.glue_7t        0x00031508        0x0
 .glue_7t       0x00031508        0x0 linker stubs

.vfp11_veneer   0x00031508        0x0
 .vfp11_veneer  0x00031508        0x0 linker stubs

.v4_bx          0x00031508        0x0
 .v4_bx         0x00031508        0x0 linker stubs

.iplt           0x00031508        0x0
 .iplt          0x00031508        0x0 c:/program files (x86)/gnu arm embedded toolchain/9 2020-q2-update/bin/../lib/gcc/arm-none-eabi/9.3.1/thumb/v7e-m+fp/hard/crtbegin.o

.mem_section_dummy_rom

.sdh_soc_observers
                0x00031508       0x18
                0x00031508                PROVIDE (__start_sdh_soc_observers = .)
 *(SORT_BY_NAME(.sdh_soc_observers*))
 .sdh_soc_observers0
                0x00031508        0x8 _build/nrf52840_xxaa/nrf_fstorage_sd.c.o
 .sdh_soc_observers0
                0x00031510        0x8 _build/nrf52840_xxaa/nrf_drv_clock.c.o
 .sdh_soc_observers1
                0x00031518        0x8 _build/nrf52840_xxaa/main.c.o
                0x00031520                PROVIDE (__stop_sdh_soc_observers = .)

.sdh_ble_observers
                0x00031520       0x50
                0x00031520                PROVIDE (__start_sdh_ble_observers = .)
 *(SORT_BY_NAME(.sdh_ble_observers*))
 .sdh_ble_observers0
                0x00031520        0x8 _build/nrf52840_xxaa/ble_conn_state.c.o
 .sdh_ble_observers1
                0x00031528        0x8 _build/nrf52840_xxaa/bsp_btn_ble.c.o
 .sdh_ble_observers1
                0x00031530       0x10 _build/nrf52840_xxaa/main.c.o
 .sdh_ble_observers1
                0x00031540        0x8 _build/nrf52840_xxaa/ble_conn_params.c.o
 .sdh_ble_observers1
                0x00031548        0x8 _build/nrf52840_xxaa/peer_manager.c.o
 .sdh_ble_observers2
                0x00031550       0x18 _build/nrf52840_xxaa/main.c.o
 .sdh_ble_observers3
                0x00031568        0x8 _build/nrf52840_xxaa/main.c.o
                0x00031570                PROVIDE (__stop_sdh_ble_observers = .)

.pwr_mgmt_data  0x00031570        0x0
                0x00031570                PROVIDE (__start_pwr_mgmt_data = .)
 *(SORT_BY_NAME(.pwr_mgmt_data*))
                0x00031570                PROVIDE (__stop_pwr_mgmt_data = .)

.log_const_data
                0x00031570       0x88
                0x00031570                PROVIDE (__start_log_const_data = .)
 *(SORT_BY_NAME(.log_const_data*))
 .log_const_data_CLOCK
                0x00031570        0x8 _build/nrf52840_xxaa/nrfx_clock.c.o
                0x00031570                m_nrf_log_CLOCK_logs_data_const
 .log_const_data_GPIOTE
                0x00031578        0x8 _build/nrf52840_xxaa/nrfx_gpiote.c.o
                0x00031578                m_nrf_log_GPIOTE_logs_data_const
 .log_const_data_PRS
                0x00031580        0x8 _build/nrf52840_xxaa/nrfx_prs.c.o
                0x00031580                m_nrf_log_PRS_logs_data_const
 .log_const_data_UART
                0x00031588        0x8 _build/nrf52840_xxaa/nrfx_uart.c.o
                0x00031588                m_nrf_log_UART_logs_data_const
 .log_const_data_UARTE
                0x00031590        0x8 _build/nrf52840_xxaa/nrfx_uarte.c.o
                0x00031590                m_nrf_log_UARTE_logs_data_const
 .log_const_data_app
                0x00031598        0x8 _build/nrf52840_xxaa/nrf_log_frontend.c.o
                0x00031598                m_nrf_log_app_logs_data_const
 .log_const_data_atfifo_m_fifo
                0x000315a0        0x8 _build/nrf52840_xxaa/nrf_fstorage_sd.c.o
                0x000315a0                m_nrf_log_atfifo_m_fifo_logs_data_const
 .log_const_data_atfifo_m_queue
                0x000315a8        0x8 _build/nrf52840_xxaa/fds.c.o
                0x000315a8                m_nrf_log_atfifo_m_queue_logs_data_const
 .log_const_data_balloc_log_mempool
                0x000315b0        0x8 _build/nrf52840_xxaa/nrf_log_frontend.c.o
                0x000315b0                m_nrf_log_balloc_log_mempool_logs_data_const
 .log_const_data_ble_bas
                0x000315b8        0x8 _build/nrf52840_xxaa/ble_bas.c.o
                0x000315b8                m_nrf_log_ble_bas_logs_data_const
 .log_const_data_clock
                0x000315c0        0x8 _build/nrf52840_xxaa/nrf_drv_clock.c.o
                0x000315c0                m_nrf_log_clock_logs_data_const
 .log_const_data_nrf_ble_gatt
                0x000315c8        0x8 _build/nrf52840_xxaa/nrf_ble_gatt.c.o
                0x000315c8                m_nrf_log_nrf_ble_gatt_logs_data_const
 .log_const_data_nrf_fstorage
                0x000315d0        0x8 _build/nrf52840_xxaa/nrf_fstorage.c.o
                0x000315d0                m_nrf_log_nrf_fstorage_logs_data_const
 .log_const_data_nrf_sdh
                0x000315d8        0x8 _build/nrf52840_xxaa/nrf_sdh.c.o
                0x000315d8                m_nrf_log_nrf_sdh_logs_data_const
 .log_const_data_nrf_sdh_ble
                0x000315e0        0x8 _build/nrf52840_xxaa/nrf_sdh_ble.c.o
                0x000315e0                m_nrf_log_nrf_sdh_ble_logs_data_const
 .log_const_data_nrf_sdh_soc
                0x000315e8        0x8 _build/nrf52840_xxaa/nrf_sdh_soc.c.o
                0x000315e8                m_nrf_log_nrf_sdh_soc_logs_data_const
 .log_const_data_pwr_mgmt
                0x000315f0        0x8 _build/nrf52840_xxaa/nrf_pwr_mgmt.c.o
                0x000315f0                m_nrf_log_pwr_mgmt_logs_data_const
                0x000315f8                PROVIDE (__stop_log_const_data = .)

.nrf_balloc     0x000315f8       0x18
                [!provide]                PROVIDE (__start_nrf_balloc = .)
 *(.nrf_balloc)
 .nrf_balloc    0x000315f8       0x18 _build/nrf52840_xxaa/nrf_log_frontend.c.o
                0x000315f8                log_mempool
                [!provide]                PROVIDE (__stop_nrf_balloc = .)

.sdh_state_observers
                0x00031610       0x10
                0x00031610                PROVIDE (__start_sdh_state_observers = .)
 *(SORT_BY_NAME(.sdh_state_observers*))
 .sdh_state_observers0
                0x00031610        0x8 _build/nrf52840_xxaa/nrf_fstorage_sd.c.o
 .sdh_state_observers0
                0x00031618        0x8 _build/nrf52840_xxaa/nrf_drv_clock.c.o
                0x00031620                PROVIDE (__stop_sdh_state_observers = .)

.sdh_stack_observers
                0x00031620       0x10
                0x00031620                PROVIDE (__start_sdh_stack_observers = .)
 *(SORT_BY_NAME(.sdh_stack_observers*))
 .sdh_stack_observers0
                0x00031620        0x8 _build/nrf52840_xxaa/nrf_sdh_ble.c.o
 .sdh_stack_observers0
                0x00031628        0x8 _build/nrf52840_xxaa/nrf_sdh_soc.c.o
                0x00031630                PROVIDE (__stop_sdh_stack_observers = .)

.sdh_req_observers
                0x00031630        0x8
                0x00031630                PROVIDE (__start_sdh_req_observers = .)
 *(SORT_BY_NAME(.sdh_req_observers*))
 .sdh_req_observers0
                0x00031630        0x8 _build/nrf52840_xxaa/nrf_fstorage_sd.c.o
                0x00031630                m_req_obs
                0x00031638                PROVIDE (__stop_sdh_req_observers = .)

.nrf_queue      0x00031638        0x0
                [!provide]                PROVIDE (__start_nrf_queue = .)
 *(.nrf_queue)
                [!provide]                PROVIDE (__stop_nrf_queue = .)

.cli_command    0x00031638        0x0
                [!provide]                PROVIDE (__start_cli_command = .)
 *(.cli_command)
                [!provide]                PROVIDE (__stop_cli_command = .)

.crypto_data    0x00031638        0x0
                [!provide]                PROVIDE (__start_crypto_data = .)
 *(SORT_BY_NAME(.crypto_data*))
                [!provide]                PROVIDE (__stop_crypto_data = .)

.ARM.extab
 *(.ARM.extab* .gnu.linkonce.armextab.*)
                0x00031638                __exidx_start = .

.ARM.exidx      0x00031638        0x8
 *(.ARM.exidx* .gnu.linkonce.armexidx.*)
 .ARM.exidx     0x00031638        0x8 c:/program files (x86)/gnu arm embedded toolchain/9 2020-q2-update/bin/../lib/gcc/arm-none-eabi/9.3.1/../../../../arm-none-eabi/lib/thumb/v7e-m+fp/hard/crt0.o
                                 0x10 (size before relaxing)
 .ARM.exidx     0x00031640        0x0 c:/program files (x86)/gnu arm embedded toolchain/9 2020-q2-update/bin/../lib/gcc/arm-none-eabi/9.3.1/thumb/v7e-m+fp/hard\libgcc.a(_udivmoddi4.o)
                                  0x8 (size before relaxing)
                0x00031640                __exidx_end = .
                0x00031640                __etext = .

.rel.dyn        0x00031640        0x0
 .rel.iplt      0x00031640        0x0 c:/program files (x86)/gnu arm embedded toolchain/9 2020-q2-update/bin/../lib/gcc/arm-none-eabi/9.3.1/thumb/v7e-m+fp/hard/crtbegin.o

.data           0x20002b88       0xb0 load address 0x00031640
                0x20002b88                __data_start__ = .
 *(vtable)
 *(.data*)
 .data.m_queue_inst
                0x20002b88       0x14 _build/nrf52840_xxaa/fds.c.o
 .data.m_fifo_inst
                0x20002b9c       0x14 _build/nrf52840_xxaa/nrf_fstorage_sd.c.o
 .data.SystemCoreClock
                0x20002bb0        0x4 _build/nrf52840_xxaa/system_nrf52840.c.o
                0x20002bb0                SystemCoreClock
 .data.m_adv_uuids
                0x20002bb4        0xc _build/nrf52840_xxaa/main.c.o
 .data.m_conn_handle
                0x20002bc0        0x2 _build/nrf52840_xxaa/main.c.o
 .data.m_flag_allow_repairing
                0x20002bc2        0x1 _build/nrf52840_xxaa/security_dispatcher.c.o
 .data.m_flag_sec_proc
                0x20002bc3        0x1 _build/nrf52840_xxaa/security_dispatcher.c.o
 .data.m_flag_sec_proc_bonding
                0x20002bc4        0x1 _build/nrf52840_xxaa/security_dispatcher.c.o
 .data.m_flag_sec_proc_new_peer
                0x20002bc5        0x1 _build/nrf52840_xxaa/security_dispatcher.c.o
 .data.m_flag_sec_proc_pairing
                0x20002bc6        0x1 _build/nrf52840_xxaa/security_dispatcher.c.o
 .data.m_flag_link_secure_force_repairing
                0x20002bc7        0x1 _build/nrf52840_xxaa/security_manager.c.o
 .data.m_flag_link_secure_null_params
                0x20002bc8        0x1 _build/nrf52840_xxaa/security_manager.c.o
 .data.m_flag_link_secure_pending_busy
                0x20002bc9        0x1 _build/nrf52840_xxaa/security_manager.c.o
 .data.m_flag_link_secure_pending_flash_full
                0x20002bca        0x1 _build/nrf52840_xxaa/security_manager.c.o
 .data.m_flag_params_reply_pending_busy
                0x20002bcb        0x1 _build/nrf52840_xxaa/security_manager.c.o
 .data.m_flag_params_reply_pending_flash_full
                0x20002bcc        0x1 _build/nrf52840_xxaa/security_manager.c.o
 *fill*         0x20002bcd        0x3 
 .data.impure_data
                0x20002bd0       0x60 c:/program files (x86)/gnu arm embedded toolchain/9 2020-q2-update/bin/../lib/gcc/arm-none-eabi/9.3.1/../../../../arm-none-eabi/lib/thumb/v7e-m+fp/hard\libc_nano.a(lib_a-impure.o)
                0x20002c30                . = ALIGN (0x4)
                0x20002c30                PROVIDE (__preinit_array_start = .)
 *(.preinit_array)
                0x20002c30                PROVIDE (__preinit_array_end = .)
                0x20002c30                . = ALIGN (0x4)
                0x20002c30                PROVIDE (__init_array_start = .)
 *(SORT_BY_NAME(.init_array.*))
 *(.init_array)
 .init_array    0x20002c30        0x4 c:/program files (x86)/gnu arm embedded toolchain/9 2020-q2-update/bin/../lib/gcc/arm-none-eabi/9.3.1/thumb/v7e-m+fp/hard/crtbegin.o
                0x20002c34                PROVIDE (__init_array_end = .)
                0x20002c34                . = ALIGN (0x4)
                [!provide]                PROVIDE (__fini_array_start = .)
 *(SORT_BY_NAME(.fini_array.*))
 *(.fini_array)
 .fini_array    0x20002c34        0x4 c:/program files (x86)/gnu arm embedded toolchain/9 2020-q2-update/bin/../lib/gcc/arm-none-eabi/9.3.1/thumb/v7e-m+fp/hard/crtbegin.o
                [!provide]                PROVIDE (__fini_array_end = .)
 *(.jcr*)
                0x20002c38                . = ALIGN (0x4)
                0x20002c38                __data_end__ = .
LOAD c:/program files (x86)/gnu arm embedded toolchain/9 2020-q2-update/bin/../lib/gcc/arm-none-eabi/9.3.1/thumb/v7e-m+fp/hard/crti.o
LOAD c:/program files (x86)/gnu arm embedded toolchain/9 2020-q2-update/bin/../lib/gcc/arm-none-eabi/9.3.1/thumb/v7e-m+fp/hard/crtbegin.o
LOAD c:/program files (x86)/gnu arm embedded toolchain/9 2020-q2-update/bin/../lib/gcc/arm-none-eabi/9.3.1/../../../../arm-none-eabi/lib/thumb/v7e-m+fp/hard/crt0.o
LOAD _build/nrf52840_xxaa/gcc_startup_nrf52840.S.o
LOAD _build/nrf52840_xxaa/nrf_log_backend_rtt.c.o
LOAD _build/nrf52840_xxaa/nrf_log_backend_serial.c.o
LOAD _build/nrf52840_xxaa/nrf_log_backend_uart.c.o
LOAD _build/nrf52840_xxaa/nrf_log_default_backends.c.o
LOAD _build/nrf52840_xxaa/nrf_log_frontend.c.o
LOAD _build/nrf52840_xxaa/nrf_log_str_formatter.c.o
LOAD _build/nrf52840_xxaa/app_button.c.o
LOAD _build/nrf52840_xxaa/app_error.c.o
LOAD _build/nrf52840_xxaa/app_error_handler_gcc.c.o
LOAD _build/nrf52840_xxaa/app_error_weak.c.o
LOAD _build/nrf52840_xxaa/app_scheduler.c.o
LOAD _build/nrf52840_xxaa/app_timer.c.o
LOAD _build/nrf52840_xxaa/app_util_platform.c.o
LOAD _build/nrf52840_xxaa/crc16.c.o
LOAD _build/nrf52840_xxaa/fds.c.o
LOAD _build/nrf52840_xxaa/hardfault_implementation.c.o
LOAD _build/nrf52840_xxaa/nrf_assert.c.o
LOAD _build/nrf52840_xxaa/nrf_atfifo.c.o
LOAD _build/nrf52840_xxaa/nrf_atflags.c.o
LOAD _build/nrf52840_xxaa/nrf_atomic.c.o
LOAD _build/nrf52840_xxaa/nrf_balloc.c.o
LOAD _build/nrf52840_xxaa/nrf_fprintf.c.o
LOAD _build/nrf52840_xxaa/nrf_fprintf_format.c.o
LOAD _build/nrf52840_xxaa/nrf_fstorage.c.o
LOAD _build/nrf52840_xxaa/nrf_fstorage_sd.c.o
LOAD _build/nrf52840_xxaa/nrf_memobj.c.o
LOAD _build/nrf52840_xxaa/nrf_pwr_mgmt.c.o
LOAD _build/nrf52840_xxaa/nrf_section_iter.c.o
LOAD _build/nrf52840_xxaa/nrf_strerror.c.o
LOAD _build/nrf52840_xxaa/sensorsim.c.o
LOAD _build/nrf52840_xxaa/system_nrf52840.c.o
LOAD _build/nrf52840_xxaa/boards.c.o
LOAD _build/nrf52840_xxaa/nrf_drv_clock.c.o
LOAD _build/nrf52840_xxaa/nrf_drv_uart.c.o
LOAD _build/nrf52840_xxaa/nrfx_clock.c.o
LOAD _build/nrf52840_xxaa/nrfx_gpiote.c.o
LOAD _build/nrf52840_xxaa/nrfx_power_clock.c.o
LOAD _build/nrf52840_xxaa/nrfx_prs.c.o
LOAD _build/nrf52840_xxaa/nrfx_uart.c.o
LOAD _build/nrf52840_xxaa/nrfx_uarte.c.o
LOAD _build/nrf52840_xxaa/bsp.c.o
LOAD _build/nrf52840_xxaa/bsp_btn_ble.c.o
LOAD _build/nrf52840_xxaa/main.c.o
LOAD _build/nrf52840_xxaa/SEGGER_RTT.c.o
LOAD _build/nrf52840_xxaa/SEGGER_RTT_Syscalls_GCC.c.o
LOAD _build/nrf52840_xxaa/SEGGER_RTT_printf.c.o
LOAD _build/nrf52840_xxaa/ble_advdata.c.o
LOAD _build/nrf52840_xxaa/ble_advertising.c.o
LOAD _build/nrf52840_xxaa/ble_conn_params.c.o
LOAD _build/nrf52840_xxaa/ble_conn_state.c.o
LOAD _build/nrf52840_xxaa/ble_srv_common.c.o
LOAD _build/nrf52840_xxaa/gatt_cache_manager.c.o
LOAD _build/nrf52840_xxaa/gatts_cache_manager.c.o
LOAD _build/nrf52840_xxaa/id_manager.c.o
LOAD _build/nrf52840_xxaa/nrf_ble_gatt.c.o
LOAD _build/nrf52840_xxaa/nrf_ble_qwr.c.o
LOAD _build/nrf52840_xxaa/peer_data_storage.c.o
LOAD _build/nrf52840_xxaa/peer_database.c.o
LOAD _build/nrf52840_xxaa/peer_id.c.o
LOAD _build/nrf52840_xxaa/peer_manager.c.o
LOAD _build/nrf52840_xxaa/pm_buffer.c.o
LOAD _build/nrf52840_xxaa/pm_mutex.c.o
LOAD _build/nrf52840_xxaa/security_dispatcher.c.o
LOAD _build/nrf52840_xxaa/security_manager.c.o
LOAD _build/nrf52840_xxaa/ble_bas.c.o
LOAD _build/nrf52840_xxaa/ble_dis.c.o
LOAD _build/nrf52840_xxaa/ble_hrs.c.o
LOAD _build/nrf52840_xxaa/nrf_sdh.c.o
LOAD _build/nrf52840_xxaa/nrf_sdh_ble.c.o
LOAD _build/nrf52840_xxaa/nrf_sdh_soc.c.o
LOAD c:/program files (x86)/gnu arm embedded toolchain/9 2020-q2-update/bin/../lib/gcc/arm-none-eabi/9.3.1/../../../../arm-none-eabi/lib/thumb/v7e-m+fp/hard\libc_nano.a
LOAD c:/program files (x86)/gnu arm embedded toolchain/9 2020-q2-update/bin/../lib/gcc/arm-none-eabi/9.3.1/../../../../arm-none-eabi/lib/thumb/v7e-m+fp/hard\libnosys.a
LOAD c:/program files (x86)/gnu arm embedded toolchain/9 2020-q2-update/bin/../lib/gcc/arm-none-eabi/9.3.1/../../../../arm-none-eabi/lib/thumb/v7e-m+fp/hard\libm.a
START GROUP
LOAD c:/program files (x86)/gnu arm embedded toolchain/9 2020-q2-update/bin/../lib/gcc/arm-none-eabi/9.3.1/thumb/v7e-m+fp/hard\libgcc.a
LOAD c:/program files (x86)/gnu arm embedded toolchain/9 2020-q2-update/bin/../lib/gcc/arm-none-eabi/9.3.1/../../../../arm-none-eabi/lib/thumb/v7e-m+fp/hard\libg_nano.a
LOAD c:/program files (x86)/gnu arm embedded toolchain/9 2020-q2-update/bin/../lib/gcc/arm-none-eabi/9.3.1/../../../../arm-none-eabi/lib/thumb/v7e-m+fp/hard\libc_nano.a
END GROUP
START GROUP
LOAD c:/program files (x86)/gnu arm embedded toolchain/9 2020-q2-update/bin/../lib/gcc/arm-none-eabi/9.3.1/thumb/v7e-m+fp/hard\libgcc.a
LOAD c:/program files (x86)/gnu arm embedded toolchain/9 2020-q2-update/bin/../lib/gcc/arm-none-eabi/9.3.1/../../../../arm-none-eabi/lib/thumb/v7e-m+fp/hard\libc_nano.a
END GROUP
LOAD c:/program files (x86)/gnu arm embedded toolchain/9 2020-q2-update/bin/../lib/gcc/arm-none-eabi/9.3.1/thumb/v7e-m+fp/hard/crtend.o
LOAD c:/program files (x86)/gnu arm embedded toolchain/9 2020-q2-update/bin/../lib/gcc/arm-none-eabi/9.3.1/thumb/v7e-m+fp/hard/crtn.o
START GROUP
LOAD c:/program files (x86)/gnu arm embedded toolchain/9 2020-q2-update/bin/../lib/gcc/arm-none-eabi/9.3.1/thumb/v7e-m+fp/hard\libgcc.a
LOAD c:/program files (x86)/gnu arm embedded toolchain/9 2020-q2-update/bin/../lib/gcc/arm-none-eabi/9.3.1/../../../../arm-none-eabi/lib/thumb/v7e-m+fp/hard\libc.a
LOAD c:/program files (x86)/gnu arm embedded toolchain/9 2020-q2-update/bin/../lib/gcc/arm-none-eabi/9.3.1/../../../../arm-none-eabi/lib/thumb/v7e-m+fp/hard\libnosys.a
END GROUP

.igot.plt       0x20002c38        0x0 load address 0x000316f0
 .igot.plt      0x20002c38        0x0 c:/program files (x86)/gnu arm embedded toolchain/9 2020-q2-update/bin/../lib/gcc/arm-none-eabi/9.3.1/thumb/v7e-m+fp/hard/crtbegin.o
                0x20002c38                . = ALIGN (0x4)

.mem_section_dummy_ram

.log_dynamic_data
                0x20002c38       0x44 load address 0x000316f0
                0x20002c38                PROVIDE (__start_log_dynamic_data = .)
 *(SORT_BY_NAME(.log_dynamic_data*))
 .log_dynamic_data_CLOCK
                0x20002c38        0x4 _build/nrf52840_xxaa/nrfx_clock.c.o
                0x20002c38                m_nrf_log_CLOCK_logs_data_dynamic
 .log_dynamic_data_GPIOTE
                0x20002c3c        0x4 _build/nrf52840_xxaa/nrfx_gpiote.c.o
                0x20002c3c                m_nrf_log_GPIOTE_logs_data_dynamic
 .log_dynamic_data_PRS
                0x20002c40        0x4 _build/nrf52840_xxaa/nrfx_prs.c.o
                0x20002c40                m_nrf_log_PRS_logs_data_dynamic
 .log_dynamic_data_UART
                0x20002c44        0x4 _build/nrf52840_xxaa/nrfx_uart.c.o
                0x20002c44                m_nrf_log_UART_logs_data_dynamic
 .log_dynamic_data_UARTE
                0x20002c48        0x4 _build/nrf52840_xxaa/nrfx_uarte.c.o
                0x20002c48                m_nrf_log_UARTE_logs_data_dynamic
 .log_dynamic_data_app
                0x20002c4c        0x4 _build/nrf52840_xxaa/nrf_log_frontend.c.o
                0x20002c4c                m_nrf_log_app_logs_data_dynamic
 .log_dynamic_data_atfifo_m_fifo
                0x20002c50        0x4 _build/nrf52840_xxaa/nrf_fstorage_sd.c.o
                0x20002c50                m_nrf_log_atfifo_m_fifo_logs_data_dynamic
 .log_dynamic_data_atfifo_m_queue
                0x20002c54        0x4 _build/nrf52840_xxaa/fds.c.o
                0x20002c54                m_nrf_log_atfifo_m_queue_logs_data_dynamic
 .log_dynamic_data_balloc_log_mempool
                0x20002c58        0x4 _build/nrf52840_xxaa/nrf_log_frontend.c.o
                0x20002c58                m_nrf_log_balloc_log_mempool_logs_data_dynamic
 .log_dynamic_data_ble_bas
                0x20002c5c        0x4 _build/nrf52840_xxaa/ble_bas.c.o
                0x20002c5c                m_nrf_log_ble_bas_logs_data_dynamic
 .log_dynamic_data_clock
                0x20002c60        0x4 _build/nrf52840_xxaa/nrf_drv_clock.c.o
                0x20002c60                m_nrf_log_clock_logs_data_dynamic
 .log_dynamic_data_nrf_ble_gatt
                0x20002c64        0x4 _build/nrf52840_xxaa/nrf_ble_gatt.c.o
                0x20002c64                m_nrf_log_nrf_ble_gatt_logs_data_dynamic
 .log_dynamic_data_nrf_fstorage
                0x20002c68        0x4 _build/nrf52840_xxaa/nrf_fstorage.c.o
                0x20002c68                m_nrf_log_nrf_fstorage_logs_data_dynamic
 .log_dynamic_data_nrf_sdh
                0x20002c6c        0x4 _build/nrf52840_xxaa/nrf_sdh.c.o
                0x20002c6c                m_nrf_log_nrf_sdh_logs_data_dynamic
 .log_dynamic_data_nrf_sdh_ble
                0x20002c70        0x4 _build/nrf52840_xxaa/nrf_sdh_ble.c.o
                0x20002c70                m_nrf_log_nrf_sdh_ble_logs_data_dynamic
 .log_dynamic_data_nrf_sdh_soc
                0x20002c74        0x4 _build/nrf52840_xxaa/nrf_sdh_soc.c.o
                0x20002c74                m_nrf_log_nrf_sdh_soc_logs_data_dynamic
 .log_dynamic_data_pwr_mgmt
                0x20002c78        0x4 _build/nrf52840_xxaa/nrf_pwr_mgmt.c.o
                0x20002c78                m_nrf_log_pwr_mgmt_logs_data_dynamic
                [!provide]                PROVIDE (__stop_log_dynamic_data = .)

.fs_data        0x20002c7c       0x14 load address 0x00031734
                0x20002c7c                PROVIDE (__start_fs_data = .)
 *(.fs_data)
 .fs_data       0x20002c7c       0x14 _build/nrf52840_xxaa/fds.c.o
                0x20002c7c                m_fs
                0x20002c90                PROVIDE (__stop_fs_data = .)

.cli_sorted_cmd_ptrs
                0x20002c90        0x0
                [!provide]                PROVIDE (__start_cli_sorted_cmd_ptrs = .)
 *(.cli_sorted_cmd_ptrs)
                [!provide]                PROVIDE (__stop_cli_sorted_cmd_ptrs = .)

.bss            0x20002c90      0xcf0 load address 0x00031748
                0x20002c90                . = ALIGN (0x4)
                0x20002c90                __bss_start__ = .
 *(.bss*)
 .bss           0x20002c90       0x1c c:/program files (x86)/gnu arm embedded toolchain/9 2020-q2-update/bin/../lib/gcc/arm-none-eabi/9.3.1/thumb/v7e-m+fp/hard/crtbegin.o
 .bss.log_mempool_nrf_balloc_cb
                0x20002cac        0x8 _build/nrf52840_xxaa/nrf_log_frontend.c.o
 .bss.log_mempool_nrf_balloc_pool_mem
                0x20002cb4       0xc0 _build/nrf52840_xxaa/nrf_log_frontend.c.o
 .bss.log_mempool_nrf_balloc_pool_stack
                0x20002d74        0x8 _build/nrf52840_xxaa/nrf_log_frontend.c.o
 *fill*         0x20002d7c        0x4 
 .bss.m_log_data
                0x20002d80      0x424 _build/nrf52840_xxaa/nrf_log_frontend.c.o
 .bss.m_button_count
                0x200031a4        0x1 _build/nrf52840_xxaa/app_button.c.o
 *fill*         0x200031a5        0x3 
 .bss.m_detection_delay
                0x200031a8        0x4 _build/nrf52840_xxaa/app_button.c.o
 .bss.m_detection_delay_timer_id_data
                0x200031ac       0x20 _build/nrf52840_xxaa/app_button.c.o
 *fill*         0x200031cc        0x4 
 .bss.m_pin_state
                0x200031d0        0x8 _build/nrf52840_xxaa/app_button.c.o
 .bss.m_pin_transition
                0x200031d8        0x8 _build/nrf52840_xxaa/app_button.c.o
 .bss.mp_buttons
                0x200031e0        0x4 _build/nrf52840_xxaa/app_button.c.o
 .bss.m_op_queue
                0x200031e4      0x10c _build/nrf52840_xxaa/app_timer.c.o
 .bss.m_rtc1_reset
                0x200032f0        0x1 _build/nrf52840_xxaa/app_timer.c.o
 .bss.m_rtc1_running
                0x200032f1        0x1 _build/nrf52840_xxaa/app_timer.c.o
 *fill*         0x200032f2        0x2 
 .bss.m_ticks_elapsed
                0x200032f4        0x8 _build/nrf52840_xxaa/app_timer.c.o
 .bss.m_ticks_elapsed_q_read_ind
                0x200032fc        0x1 _build/nrf52840_xxaa/app_timer.c.o
 .bss.m_ticks_elapsed_q_write_ind
                0x200032fd        0x1 _build/nrf52840_xxaa/app_timer.c.o
 *fill*         0x200032fe        0x2 
 .bss.m_ticks_latest
                0x20003300        0x4 _build/nrf52840_xxaa/app_timer.c.o
 .bss.mp_timer_id_head
                0x20003304        0x4 _build/nrf52840_xxaa/app_timer.c.o
 .bss.desc.9541
                0x20003308        0xc _build/nrf52840_xxaa/fds.c.o
 .bss.m_cb_table
                0x20003314       0x10 _build/nrf52840_xxaa/fds.c.o
 .bss.m_flags   0x20003324        0x8 _build/nrf52840_xxaa/fds.c.o
 .bss.m_gc      0x2000332c       0x10 _build/nrf52840_xxaa/fds.c.o
 .bss.m_iget_ctx.9578
                0x2000333c        0x4 _build/nrf52840_xxaa/fds.c.o
 .bss.m_latest_rec_id
                0x20003340        0x4 _build/nrf52840_xxaa/fds.c.o
 .bss.m_p_cur_op.9577
                0x20003344        0x4 _build/nrf52840_xxaa/fds.c.o
 .bss.m_pages   0x20003348       0x28 _build/nrf52840_xxaa/fds.c.o
 .bss.m_queued_op_cnt
                0x20003370        0x4 _build/nrf52840_xxaa/fds.c.o
 .bss.m_swap_page
                0x20003374        0x8 _build/nrf52840_xxaa/fds.c.o
 .bss.page.9542
                0x2000337c        0x2 _build/nrf52840_xxaa/fds.c.o
 *fill*         0x2000337e        0x2 
 .bss.tok.9448  0x20003380        0x8 _build/nrf52840_xxaa/fds.c.o
 .bss.m_flags   0x20003388       0x14 _build/nrf52840_xxaa/nrf_fstorage_sd.c.o
 .bss.m_iget_ctx
                0x2000339c        0x4 _build/nrf52840_xxaa/nrf_fstorage_sd.c.o
 .bss.m_p_cur_op
                0x200033a0        0x4 _build/nrf52840_xxaa/nrf_fstorage_sd.c.o
 .bss.m_handlers_iter
                0x200033a4        0x8 _build/nrf52840_xxaa/nrf_pwr_mgmt.c.o
 .bss.m_shutdown_started
                0x200033ac        0x1 _build/nrf52840_xxaa/nrf_pwr_mgmt.c.o
 *fill*         0x200033ad        0x3 
 .bss.m_sysoff_mtx
                0x200033b0        0x4 _build/nrf52840_xxaa/nrf_pwr_mgmt.c.o
 .bss.m_clock_cb
                0x200033b4       0x14 _build/nrf52840_xxaa/nrf_drv_clock.c.o
 .bss.m_clock_cb
                0x200033c8        0x8 _build/nrf52840_xxaa/nrfx_clock.c.o
 .bss.m_cb      0x200033d0       0x6c _build/nrf52840_xxaa/nrfx_gpiote.c.o
 .bss.m_prs_box_4
                0x2000343c        0x8 _build/nrf52840_xxaa/nrfx_prs.c.o
 .bss.current_long_push_pin_no.9161
                0x20003444        0x1 _build/nrf52840_xxaa/bsp.c.o
 .bss.m_alert_on
                0x20003445        0x1 _build/nrf52840_xxaa/bsp.c.o
 *fill*         0x20003446        0x2 
 .bss.m_bsp_alert_tmr_data
                0x20003448       0x20 _build/nrf52840_xxaa/bsp.c.o
 .bss.m_bsp_button_tmr_data
                0x20003468       0x20 _build/nrf52840_xxaa/bsp.c.o
 .bss.m_bsp_leds_tmr_data
                0x20003488       0x20 _build/nrf52840_xxaa/bsp.c.o
 .bss.m_events_list
                0x200034a8        0x3 _build/nrf52840_xxaa/bsp.c.o
 *fill*         0x200034ab        0x1 
 .bss.m_indication_type
                0x200034ac        0x4 _build/nrf52840_xxaa/bsp.c.o
 .bss.m_leds_clear
                0x200034b0        0x1 _build/nrf52840_xxaa/bsp.c.o
 *fill*         0x200034b1        0x3 
 .bss.m_registered_callback
                0x200034b4        0x4 _build/nrf52840_xxaa/bsp.c.o
 .bss.m_stable_state
                0x200034b8        0x1 _build/nrf52840_xxaa/bsp.c.o
 *fill*         0x200034b9        0x3 
 .bss.release_event_at_push.9162
                0x200034bc        0x1 _build/nrf52840_xxaa/bsp.c.o
 *fill*         0x200034bd        0x3 
 .bss.m_error_handler
                0x200034c0        0x4 _build/nrf52840_xxaa/bsp_btn_ble.c.o
 .bss.m_num_connections
                0x200034c4        0x4 _build/nrf52840_xxaa/bsp_btn_ble.c.o
 .bss.avg_ble_counter
                0x200034c8        0x1 _build/nrf52840_xxaa/main.c.o
 *fill*         0x200034c9        0x3 
 .bss.avg_ble_data
                0x200034cc       0x24 _build/nrf52840_xxaa/main.c.o
 .bss.avg_counter
                0x200034f0        0x1 _build/nrf52840_xxaa/main.c.o
 .bss.ble_counter
                0x200034f1        0x1 _build/nrf52840_xxaa/main.c.o
 *fill*         0x200034f2        0x2 
 .bss.m_advertising
                0x200034f4       0xb8 _build/nrf52840_xxaa/main.c.o
 .bss.m_bas     0x200035ac       0x14 _build/nrf52840_xxaa/main.c.o
 .bss.m_buffer_pool
                0x200035c0        0x6 _build/nrf52840_xxaa/main.c.o
 *fill*         0x200035c6        0x2 
 .bss.m_gatt    0x200035c8       0x14 _build/nrf52840_xxaa/main.c.o
 .bss.m_heart_rate_timer_id_data
                0x200035dc       0x20 _build/nrf52840_xxaa/main.c.o
 .bss.m_hrs     0x200035fc       0x50 _build/nrf52840_xxaa/main.c.o
 .bss.m_qwr     0x2000364c        0xc _build/nrf52840_xxaa/main.c.o
 .bss.saadc_gain
                0x20003658        0x1 _build/nrf52840_xxaa/main.c.o
 *fill*         0x20003659        0x3 
 .bss.temp_avg  0x2000365c        0x4 _build/nrf52840_xxaa/main.c.o
 .bss.temp_buf  0x20003660        0x8 _build/nrf52840_xxaa/main.c.o
 .bss.m_conn_params_config
                0x20003668       0x1c _build/nrf52840_xxaa/ble_conn_params.c.o
 .bss.m_conn_params_instances
                0x20003684       0x14 _build/nrf52840_xxaa/ble_conn_params.c.o
 .bss.m_preferred_conn_params
                0x20003698        0x8 _build/nrf52840_xxaa/ble_conn_params.c.o
 .bss.m_timer_data
                0x200036a0       0x20 _build/nrf52840_xxaa/ble_conn_params.c.o
 .bss.m_bcs     0x200036c0       0x78 _build/nrf52840_xxaa/ble_conn_state.c.o
 .bss.m_db_update_in_progress_mutex
                0x20003738        0x1 _build/nrf52840_xxaa/gatt_cache_manager.c.o
 .bss.m_flag_local_db_apply_pending
                0x20003739        0x1 _build/nrf52840_xxaa/gatt_cache_manager.c.o
 .bss.m_flag_local_db_update_pending
                0x2000373a        0x1 _build/nrf52840_xxaa/gatt_cache_manager.c.o
 .bss.m_flag_service_changed_pending
                0x2000373b        0x1 _build/nrf52840_xxaa/gatt_cache_manager.c.o
 .bss.m_flag_service_changed_sent
                0x2000373c        0x1 _build/nrf52840_xxaa/gatt_cache_manager.c.o
 *fill*         0x2000373d        0x1 
 .bss.m_current_sc_store_peer_id
                0x2000373e        0x2 _build/nrf52840_xxaa/gatts_cache_manager.c.o
 .bss.start_handle.10374
                0x20003740        0x2 _build/nrf52840_xxaa/gatts_cache_manager.c.o
 .bss.m_conn_state_user_flag_id
                0x20003742        0x1 _build/nrf52840_xxaa/id_manager.c.o
 *fill*         0x20003743        0x1 
 .bss.m_connections
                0x20003744       0xf0 _build/nrf52840_xxaa/id_manager.c.o
 .bss.m_fds_ftok
                0x20003834        0x8 _build/nrf52840_xxaa/peer_data_storage.c.o
 .bss.m_peer_delete_deferred
                0x2000383c        0x1 _build/nrf52840_xxaa/peer_data_storage.c.o
 .bss.m_pending_store
                0x2000383d        0x1 _build/nrf52840_xxaa/peer_database.c.o
 *fill*         0x2000383e        0x2 
 .bss.m_write_buffer
                0x20003840       0x10 _build/nrf52840_xxaa/peer_database.c.o
 .bss.m_write_buffer_records
                0x20003850       0x20 _build/nrf52840_xxaa/peer_database.c.o
 .bss.m_pi      0x20003870       0x40 _build/nrf52840_xxaa/peer_id.c.o
 .bss.m_current_highest_peer_rank
                0x200038b0        0x4 _build/nrf52840_xxaa/peer_manager.c.o
 .bss.m_deleting_all
                0x200038b4        0x1 _build/nrf52840_xxaa/peer_manager.c.o
 *fill*         0x200038b5        0x3 
 .bss.m_evt_handlers
                0x200038b8        0xc _build/nrf52840_xxaa/peer_manager.c.o
 .bss.m_highest_ranked_peer
                0x200038c4        0x2 _build/nrf52840_xxaa/peer_manager.c.o
 .bss.m_module_initialized
                0x200038c6        0x1 _build/nrf52840_xxaa/peer_manager.c.o
 .bss.m_n_registrants
                0x200038c7        0x1 _build/nrf52840_xxaa/peer_manager.c.o
 .bss.m_peer_rank_initialized
                0x200038c8        0x1 _build/nrf52840_xxaa/peer_manager.c.o
 *fill*         0x200038c9        0x3 
 .bss.m_peer_rank_token
                0x200038cc        0x4 _build/nrf52840_xxaa/peer_manager.c.o
 .bss.m_peer_pk
                0x200038d0       0x40 _build/nrf52840_xxaa/security_dispatcher.c.o
 .bss.m_p_public_key
                0x20003910        0x4 _build/nrf52840_xxaa/security_manager.c.o
 .bss.m_sec_params
                0x20003914        0x5 _build/nrf52840_xxaa/security_manager.c.o
 .bss.m_sec_params_set
                0x20003919        0x1 _build/nrf52840_xxaa/security_manager.c.o
 *fill*         0x2000391a        0x2 
 .bss.mp_sec_params
                0x2000391c        0x4 _build/nrf52840_xxaa/security_manager.c.o
 .bss.fw_rev_handles
                0x20003920        0x8 _build/nrf52840_xxaa/ble_dis.c.o
 .bss.hw_rev_handles
                0x20003928        0x8 _build/nrf52840_xxaa/ble_dis.c.o
 .bss.manufact_name_handles
                0x20003930        0x8 _build/nrf52840_xxaa/ble_dis.c.o
 .bss.model_num_handles
                0x20003938        0x8 _build/nrf52840_xxaa/ble_dis.c.o
 .bss.pnp_id_handles
                0x20003940        0x8 _build/nrf52840_xxaa/ble_dis.c.o
 .bss.reg_cert_data_list_handles
                0x20003948        0x8 _build/nrf52840_xxaa/ble_dis.c.o
 .bss.serial_num_handles
                0x20003950        0x8 _build/nrf52840_xxaa/ble_dis.c.o
 .bss.service_handle
                0x20003958        0x2 _build/nrf52840_xxaa/ble_dis.c.o
 *fill*         0x2000395a        0x2 
 .bss.sw_rev_handles
                0x2000395c        0x8 _build/nrf52840_xxaa/ble_dis.c.o
 .bss.sys_id_handles
                0x20003964        0x8 _build/nrf52840_xxaa/ble_dis.c.o
 .bss.m_nrf_sdh_continue
                0x2000396c        0x1 _build/nrf52840_xxaa/nrf_sdh.c.o
 .bss.m_nrf_sdh_enabled
                0x2000396d        0x1 _build/nrf52840_xxaa/nrf_sdh.c.o
 .bss.m_nrf_sdh_suspended